2025-11-06 02:30:27,277 - INFO - Processing instance: imagemagick.cve-2019-13297 using run_controller
2025-11-06 02:30:27,277 - INFO - Using runtime container image: ghcr.io/all-hands-ai/runtime:0.52-nikolaik
2025-11-06 02:30:27,277 - INFO - Using LLM config: llm.4o
2025-11-06 02:30:27,277 - INFO - Using Condenser: recent
2025-11-06 02:30:27,277 - INFO - Using Condenser config: recent
2025-11-06 02:30:27,278 - INFO - Max iterations: 300
2025-11-06 02:30:27,278 - INFO - Headless mode: True
2025-11-06 02:30:27,278 - INFO - Trajectory directory: output/SEC-bench/Seed/MultiAgent/gpt-4o_maxiter_300_N_condenser=recent/imagemagick.cve-2019-13297/20251106_023027
2025-11-06 02:30:27,278 - INFO - Log completions folder: output/SEC-bench/Seed/MultiAgent/gpt-4o_maxiter_300_N_condenser=recent/imagemagick.cve-2019-13297/20251106_023027/completions
2025-11-06 02:30:27,278 - INFO - --------------------------------------------------
2025-11-06 02:30:27,279 - INFO - LLM config "4o" not found in config.toml. Using default [llm] with model="gpt-4o".
2025-11-06 08:18:24,445 - INFO - Processing instance: imagemagick.cve-2019-13297 using run_controller
2025-11-06 08:18:24,445 - INFO - Using runtime container image: ghcr.io/all-hands-ai/runtime:0.52-nikolaik
2025-11-06 08:18:24,446 - INFO - Using LLM config: llm.4o
2025-11-06 08:18:24,446 - INFO - Using Condenser: recent
2025-11-06 08:18:24,446 - INFO - Using Condenser config: recent
2025-11-06 08:18:24,446 - INFO - Max iterations: 300
2025-11-06 08:18:24,446 - INFO - Headless mode: True
2025-11-06 08:18:24,446 - INFO - Trajectory directory: output/SEC-bench/Seed/MultiAgent/gpt-4o_maxiter_300_N_condenser=recent/imagemagick.cve-2019-13297/20251106_081824
2025-11-06 08:18:24,446 - INFO - Log completions folder: output/SEC-bench/Seed/MultiAgent/gpt-4o_maxiter_300_N_condenser=recent/imagemagick.cve-2019-13297/20251106_081824/completions
2025-11-06 08:18:24,446 - INFO - --------------------------------------------------
2025-11-06 08:18:24,446 - INFO - LLM config "4o" not found in config.toml. Using default [llm] with model="gpt-4o".
2025-11-06 09:03:50,636 - INFO - Processing instance: imagemagick.cve-2019-13297 using run_controller
2025-11-06 09:03:50,636 - INFO - Using runtime container image: ghcr.io/all-hands-ai/runtime:0.52-nikolaik
2025-11-06 09:03:50,637 - INFO - Using LLM config: llm.4o
2025-11-06 09:03:50,637 - INFO - Using Condenser: recent
2025-11-06 09:03:50,638 - INFO - Using Condenser config: recent
2025-11-06 09:03:50,638 - INFO - Max iterations: 300
2025-11-06 09:03:50,638 - INFO - Headless mode: True
2025-11-06 09:03:50,638 - INFO - Trajectory directory: output/SEC-bench/Seed/MultiAgent/gpt-4o_maxiter_300_N_condenser=recent/imagemagick.cve-2019-13297/20251106_090350
2025-11-06 09:03:50,706 - INFO - Log completions folder: output/SEC-bench/Seed/MultiAgent/gpt-4o_maxiter_300_N_condenser=recent/imagemagick.cve-2019-13297/20251106_090350/completions
2025-11-06 09:03:50,707 - INFO - --------------------------------------------------
2025-11-06 09:03:51,187 - INFO - [runtime fc8781dd-eb62-49-273bcb393a94f46] Starting runtime with image: ghcr.io/all-hands-ai/runtime:0.52-nikolaik
2025-11-06 09:03:52,605 - INFO - [runtime fc8781dd-eb62-49-273bcb393a94f46] Starting server with command: ['/openhands/micromamba/bin/micromamba', 'run', '-n', 'openhands', 'poetry', 'run', 'python', '-u', '-m', 'openhands.runtime.action_execution_server', '38344', '--working-dir', '/workspace', '--plugins', 'agent_skills', 'jupyter', '--username', 'root', '--user-id', '0', '--git-user-name', 'openhands', '--git-user-email', 'openhands@all-hands.dev']
2025-11-06 09:03:54,580 - INFO - [runtime fc8781dd-eb62-49-273bcb393a94f46] Container started: openhands-runtime-fc8781dd-eb62-49-273bcb393a94f46. VSCode URL: None
2025-11-06 09:03:54,581 - INFO - [runtime fc8781dd-eb62-49-273bcb393a94f46] Waiting for client to become ready at http://localhost:38344...
2025-11-06 09:05:53,246 - INFO - [runtime fc8781dd-eb62-49-273bcb393a94f46] Runtime is ready.
2025-11-06 09:05:54,975 - INFO - ============================================================
2025-11-06 09:05:54,976 - INFO - REPOSITORY INITIALIZATION STARTING
2025-11-06 09:05:54,977 - INFO - ============================================================
2025-11-06 09:05:54,990 - INFO - Repository: imagemagick/imagemagick
2025-11-06 09:05:54,990 - INFO - Target commit: a7759f410b77...
2025-11-06 09:05:54,990 - INFO - Working directory: /src/imagemagick
2025-11-06 09:05:54,991 - INFO - ------------------------------------------------------------
2025-11-06 09:05:54,991 - INFO - Step 1/4: Creating parent directory /src...
2025-11-06 09:05:55,734 - INFO - ✓ Parent directory created
2025-11-06 09:05:55,734 - INFO - Step 2/4: Cloning repository from https://github.com/imagemagick/imagemagick...
2025-11-06 09:05:55,735 - INFO - This may take 30-60 seconds depending on repository size.
2025-11-06 09:07:16,098 - INFO - ✓ Successfully cloned imagemagick/imagemagick
2025-11-06 09:07:16,100 - INFO - Clone summary: Updating files: 100% (2250/2250), done.
2025-11-06 09:07:16,100 - INFO - Step 3/4: Checking out commit a7759f410b77...
2025-11-06 09:07:18,068 - INFO - ✓ Successfully checked out commit a7759f41
2025-11-06 09:07:18,069 - INFO - Step 4/4: Setting up build configuration...
2025-11-06 09:07:18,331 - INFO - ✓ Successfully wrote build.sh to /src/imagemagick/build.sh
2025-11-06 09:07:18,356 - INFO - Rendered secb helper script from local template.
2025-11-06 09:07:18,566 - INFO - ✓ Wrote executable: /usr/local/bin/secb
2025-11-06 09:07:18,745 - INFO - ✓ Wrote executable: /usr/local/bin/compile
2025-11-06 09:07:20,231 - INFO - ✓ Created /testcase directory for artifacts
2025-11-06 09:07:20,232 - INFO - ------------------------------------------------------------
2025-11-06 09:07:20,232 - INFO - ✓ REPOSITORY INITIALIZATION COMPLETE
2025-11-06 09:07:20,232 - INFO - ✓ Repository ready at: /src/imagemagick
2025-11-06 09:07:20,232 - INFO - ============================================================
2025-11-06 09:07:20,236 - INFO - [Execution] Starting run_controller for imagemagick.cve-2019-13297...
2025-11-06 09:07:20,237 - INFO - [Execution] Config: headless=True, max_iterations=300
2025-11-06 09:07:20,298 - INFO - [Memory Init] Starting to load global microagents...
2025-11-06 09:07:20,335 - INFO - [Memory Init] Global microagents loaded in 0.04s
2025-11-06 09:07:20,335 - INFO - [Memory Init] Starting to load user microagents...
2025-11-06 09:07:20,336 - INFO - [Memory Init] User microagents loaded in 0.00s
2025-11-06 09:07:20,336 - INFO - [Memory Init] Memory initialization complete
2025-11-06 09:07:20,337 - INFO - [runtime fc8781dd-eb62-49-273bcb393a94f46] Selected repo: None, loading microagents from /workspace/.openhands/microagents (inside runtime)
2025-11-06 09:07:20,358 - INFO - [runtime fc8781dd-eb62-49-273bcb393a94f46] Attempting to list files in repository microagents directory: /workspace/.openhands/microagents
2025-11-06 09:07:20,392 - INFO - Loading user workspace microagents: []
2025-11-06 09:07:20,392 - WARNING - No search engine API key found, skipping search engine
2025-11-06 09:07:20,394 - WARNING - Added microagent stdio server: fetch
2025-11-06 09:07:20,592 - INFO - [runtime fc8781dd-eb62-49-273bcb393a94f46] Updated MCP config: []
2025-11-06 09:07:20,593 - INFO - Initializing MCP agent for url='http://localhost:38344/mcp/sse' api_key='******' with SSE connection...
2025-11-06 09:07:41,063 - INFO - Connected to server with tools: ['fetch']
2025-11-06 09:07:41,064 - INFO - Loaded 1 MCP tools: ['fetch']
2025-11-06 09:07:41,065 - INFO - Setting 1 MCP tools for agent Reproducer: ['fetch']
2025-11-06 09:07:41,065 - INFO - Tools updated for agent Reproducer, total 7: ['execute_bash', 'think', 'finish', 'browser', 'execute_ipython_cell', 'str_replace_editor', 'fetch']
2025-11-06 09:07:41,071 - INFO - AgentController fc8781dd-eb62-49-273bcb393a94f46 - created new state. start_id: 0
2025-11-06 09:07:41,082 - INFO - [Agent Controller fc8781dd-eb62-49-273bcb393a94f46] Setting agent(Reproducer) state from AgentState.LOADING to AgentState.RUNNING
2025-11-06 09:07:41,083 - INFO - Microagent 'github' triggered by keyword 'github'
2025-11-06 09:07:41,083 - INFO - Microagent 'gitlab' triggered by keyword 'git'
2025-11-06 09:07:41,083 - INFO - Microagent 'security' triggered by keyword 'vulnerability'
2025-11-06 09:07:41,087 - INFO - Parsed instance info: ['instance_id', 'repo', 'base_commit', 'work_dir', 'build_sh', 'bug_description', 'candidate_fixes']
2025-11-06 09:07:41,091 - INFO - Issuing delegation to BuilderAgent
2025-11-06 09:07:41,119 - INFO - AgentController fc8781dd-eb62-49-273bcb393a94f46-delegate initializing history from event 6
2025-11-06 09:07:41,121 - INFO - [Agent Controller fc8781dd-eb62-49-273bcb393a94f46-delegate] Setting agent(BuilderAgent) state from AgentState.LOADING to AgentState.RUNNING
2025-11-06 09:07:41,123 - INFO - Microagent 'github' triggered by keyword 'github'
2025-11-06 09:07:41,124 - INFO - Microagent 'gitlab' triggered by keyword 'git'
2025-11-06 09:07:41,124 - INFO - Microagent 'security' triggered by keyword 'vulnerability'
2025-11-06 09:08:45,757 - INFO - [Agent Controller fc8781dd-eb62-49-273bcb393a94f46-delegate] Pending action active for 61.33s: CmdRunAction (id=13)
2025-11-06 09:08:45,759 - INFO - [Agent Controller fc8781dd-eb62-49-273bcb393a94f46-delegate] Pending action active for 61.33s: CmdRunAction (id=13)
2025-11-06 09:09:47,020 - INFO - [Agent Controller fc8781dd-eb62-49-273bcb393a94f46-delegate] Pending action active for 60.21s: CmdRunAction (id=15)
2025-11-06 09:09:47,023 - INFO - [Agent Controller fc8781dd-eb62-49-273bcb393a94f46-delegate] Pending action active for 60.21s: CmdRunAction (id=15)
2025-11-06 09:12:08,938 - INFO - [Agent Controller fc8781dd-eb62-49-273bcb393a94f46-delegate] Pending action active for 124.32s: CmdRunAction (id=31)
2025-11-06 09:12:08,941 - INFO - [Agent Controller fc8781dd-eb62-49-273bcb393a94f46-delegate] Pending action active for 124.32s: CmdRunAction (id=31)
2025-11-06 09:13:29,760 - INFO - [Agent Controller fc8781dd-eb62-49-273bcb393a94f46-delegate] Pending action active for 79.04s: CmdRunAction (id=33)
2025-11-06 09:13:29,761 - INFO - [Agent Controller fc8781dd-eb62-49-273bcb393a94f46-delegate] Pending action active for 79.04s: CmdRunAction (id=33)
2025-11-06 09:13:40,214 - INFO - [Agent Controller fc8781dd-eb62-49-273bcb393a94f46-delegate] Setting agent(BuilderAgent) state from AgentState.RUNNING to AgentState.FINISHED
2025-11-06 09:13:40,216 - INFO - Local metrics for delegate: Metrics({'accumulated_cost': 0.22259500000000004, 'max_budget_per_task': None, 'accumulated_token_usage': {'model': 'default', 'prompt_tokens': 140982, 'completion_tokens': 1030, 'cache_read_tokens': 112128, 'cache_write_tokens': 0, 'context_window': 128000, 'per_turn_token': 24553, 'response_id': ''}, 'costs': [{'model': 'default', 'cost': 0.0122975, 'timestamp': 1762438062.616817}, {'model': 'default', 'cost': 0.007560000000000001, 'timestamp': 1762438064.414977}, {'model': 'default', 'cost': 0.007595, 'timestamp': 1762438126.8051682}, {'model': 'default', 'cost': 0.00786, 'timestamp': 1762438187.889676}, {'model': 'default', 'cost': 0.008060000000000001, 'timestamp': 1762438188.9928021}, {'model': 'default', 'cost': 0.008810000000000002, 'timestamp': 1762438191.81817}, {'model': 'default', 'cost': 0.00825, 'timestamp': 1762438192.9790342}, {'model': 'default', 'cost': 0.008230000000000001, 'timestamp': 1762438193.960587}, {'model': 'default', 'cost': 0.014002500000000001, 'timestamp': 1762438195.713147}, {'model': 'default', 'cost': 0.0139325, 'timestamp': 1762438203.501504}, {'model': 'default', 'cost': 0.0108275, 'timestamp': 1762438204.6174028}, {'model': 'default', 'cost': 0.025557500000000004, 'timestamp': 1762438330.7139132}, {'model': 'default', 'cost': 0.025732500000000002, 'timestamp': 1762438411.08041}, {'model': 'default', 'cost': 0.021387500000000004, 'timestamp': 1762438415.3960488}, {'model': 'default', 'cost': 0.0424925, 'timestamp': 1762438420.204861}], 'response_latencies': [{'model': 'default', 'latency': 1.4877240657806396, 'response_id': 'chatcmpl-CYuwH80Vk84dNghGE1XBcRTW5ilRe'}, {'model': 'default', 'latency': 0.9797520637512207, 'response_id': 'chatcmpl-CYuwJUxsLO8LhI3JMxZK3IbZcbBef'}, {'model': 'default', 'latency': 1.0376701354980469, 'response_id': 'chatcmpl-CYuxKVf8ezcOi0XqE29LN1OCItrmg'}, {'model': 'default', 'latency': 0.8568370342254639, 'response_id': 'chatcmpl-CYuyJIjJj18PCOxLijdAPcZAtNifR'}, {'model': 'default', 'latency': 1.0572538375854492, 'response_id': 'chatcmpl-CYuyK7h4MdMnyQ9408ONWG5D7y74y'}, {'model': 'default', 'latency': 2.181335210800171, 'response_id': 'chatcmpl-CYuyMSSitHLtacqRm383NUioxVtyV'}, {'model': 'default', 'latency': 1.1499600410461426, 'response_id': 'chatcmpl-CYuyOvl3PeuK5VokixST2uguv7PkG'}, {'model': 'default', 'latency': 0.9517643451690674, 'response_id': 'chatcmpl-CYuyPnNQIuDLUrrBkfQpEAewOx96Y'}, {'model': 'default', 'latency': 1.1107890605926514, 'response_id': 'chatcmpl-CYuyQGRu3qQX0iIzp942XOgg0etYf'}, {'model': 'default', 'latency': 7.744385004043579, 'response_id': 'chatcmpl-CYuySIzUmiFscDWb6hmi3vgMuEKFn'}, {'model': 'default', 'latency': 0.9097421169281006, 'response_id': 'chatcmpl-CYuyaVhuneO7ew5ML6u9HF23GNsq7'}, {'model': 'default', 'latency': 1.76214599609375, 'response_id': 'chatcmpl-CYv0cXqTnFDqqEq2yT3XRq21Pxkqi'}, {'model': 'default', 'latency': 1.2924528121948242, 'response_id': 'chatcmpl-CYv1uny8mGv0knDPSBj45uoquNGdP'}, {'model': 'default', 'latency': 1.2070801258087158, 'response_id': 'chatcmpl-CYv1yi2ewsN2jtQlxS0xVJyZJJPHn'}, {'model': 'default', 'latency': 4.587766170501709, 'response_id': 'chatcmpl-CYv20HBkgk04h62jB69rxhPaKwjGH'}], 'token_usages': [{'model': 'default', 'prompt_tokens': 5667, 'completion_tokens': 53, 'cache_read_tokens': 1920, 'cache_write_tokens': 0, 'context_window': 128000, 'per_turn_token': 5720, 'response_id': 'chatcmpl-CYuwH80Vk84dNghGE1XBcRTW5ilRe'}, {'model': 'default', 'prompt_tokens': 5740, 'completion_tokens': 25, 'cache_read_tokens': 5632, 'cache_write_tokens': 0, 'context_window': 128000, 'per_turn_token': 5765, 'response_id': 'chatcmpl-CYuwJUxsLO8LhI3JMxZK3IbZcbBef'}, {'model': 'default', 'prompt_tokens': 5846, 'completion_tokens': 18, 'cache_read_tokens': 5760, 'cache_write_tokens': 0, 'context_window': 128000, 'per_turn_token': 5864, 'response_id': 'chatcmpl-CYuxKVf8ezcOi0XqE29LN1OCItrmg'}, {'model': 'default', 'prompt_tokens': 5940, 'completion_tokens': 21, 'cache_read_tokens': 5760, 'cache_write_tokens': 0, 'context_window': 128000, 'per_turn_token': 5961, 'response_id': 'chatcmpl-CYuyJIjJj18PCOxLijdAPcZAtNifR'}, {'model': 'default', 'prompt_tokens': 6084, 'completion_tokens': 21, 'cache_read_tokens': 5888, 'cache_write_tokens': 0, 'context_window': 128000, 'per_turn_token': 6105, 'response_id': 'chatcmpl-CYuyK7h4MdMnyQ9408ONWG5D7y74y'}, {'model': 'default', 'prompt_tokens': 6184, 'completion_tokens': 87, 'cache_read_tokens': 6016, 'cache_write_tokens': 0, 'context_window': 128000, 'per_turn_token': 6271, 'response_id': 'chatcmpl-CYuyMSSitHLtacqRm383NUioxVtyV'}, {'model': 'default', 'prompt_tokens': 6284, 'completion_tokens': 22, 'cache_read_tokens': 6144, 'cache_write_tokens': 0, 'context_window': 128000, 'per_turn_token': 6306, 'response_id': 'chatcmpl-CYuyOvl3PeuK5VokixST2uguv7PkG'}, {'model': 'default', 'prompt_tokens': 6344, 'completion_tokens': 21, 'cache_read_tokens': 6272, 'cache_write_tokens': 0, 'context_window': 128000, 'per_turn_token': 6365, 'response_id': 'chatcmpl-CYuyPnNQIuDLUrrBkfQpEAewOx96Y'}, {'model': 'default', 'prompt_tokens': 6457, 'completion_tokens': 26, 'cache_read_tokens': 1920, 'cache_write_tokens': 0, 'context_window': 128000, 'per_turn_token': 6483, 'response_id': 'chatcmpl-CYuyQGRu3qQX0iIzp942XOgg0etYf'}, {'model': 'default', 'prompt_tokens': 7445, 'completion_tokens': 332, 'cache_read_tokens': 6400, 'cache_write_tokens': 0, 'context_window': 128000, 'per_turn_token': 7777, 'response_id': 'chatcmpl-CYuySIzUmiFscDWb6hmi3vgMuEKFn'}, {'model': 'default', 'prompt_tokens': 8007, 'completion_tokens': 25, 'cache_read_tokens': 7552, 'cache_write_tokens': 0, 'context_window': 128000, 'per_turn_token': 8032, 'response_id': 'chatcmpl-CYuyaVhuneO7ew5ML6u9HF23GNsq7'}, {'model': 'default', 'prompt_tokens': 13287, 'completion_tokens': 18, 'cache_read_tokens': 6272, 'cache_write_tokens': 0, 'context_window': 128000, 'per_turn_token': 13305, 'response_id': 'chatcmpl-CYv0cXqTnFDqqEq2yT3XRq21Pxkqi'}, {'model': 'default', 'prompt_tokens': 16645, 'completion_tokens': 60, 'cache_read_tokens': 13184, 'cache_write_tokens': 0, 'context_window': 128000, 'per_turn_token': 16705, 'response_id': 'chatcmpl-CYv1uny8mGv0knDPSBj45uoquNGdP'}, {'model': 'default', 'prompt_tokens': 16775, 'completion_tokens': 25, 'cache_read_tokens': 16640, 'cache_write_tokens': 0, 'context_window': 128000, 'per_turn_token': 16800, 'response_id': 'chatcmpl-CYv1yi2ewsN2jtQlxS0xVJyZJJPHn'}, {'model': 'default', 'prompt_tokens': 24277, 'completion_tokens': 276, 'cache_read_tokens': 16768, 'cache_write_tokens': 0, 'context_window': 128000, 'per_turn_token': 24553, 'response_id': 'chatcmpl-CYv20HBkgk04h62jB69rxhPaKwjGH'}]}
2025-11-06 09:13:40,217 - INFO - [Agent Controller fc8781dd-eb62-49-273bcb393a94f46-delegate] Setting agent(BuilderAgent) state from AgentState.FINISHED to AgentState.STOPPED
2025-11-06 09:13:40,228 - INFO - Detected AgentDelegateObservation for BuilderAgent.
2025-11-06 09:13:40,228 - INFO - Processing completion of delegate agent: BuilderAgent
2025-11-06 09:13:40,228 - INFO - Task completion status for BuilderAgent: False
2025-11-06 09:13:40,228 - INFO - Task not completed by BuilderAgent, retry 1/1...
2025-11-06 09:13:40,229 - INFO - Issuing delegation to BuilderAgent
2025-11-06 09:13:40,242 - INFO - AgentController fc8781dd-eb62-49-273bcb393a94f46-delegate initializing history from event 44
2025-11-06 09:13:40,244 - INFO - [Agent Controller fc8781dd-eb62-49-273bcb393a94f46-delegate] Setting agent(BuilderAgent) state from AgentState.LOADING to AgentState.RUNNING
2025-11-06 09:13:40,246 - INFO - Microagent 'github' triggered by keyword 'github'
2025-11-06 09:13:40,246 - INFO - Microagent 'gitlab' triggered by keyword 'git'
2025-11-06 09:13:40,247 - INFO - Microagent 'security' triggered by keyword 'vulnerability'
2025-11-06 09:14:53,514 - INFO - [Agent Controller fc8781dd-eb62-49-273bcb393a94f46-delegate] Pending action active for 70.83s: CmdRunAction (id=53)
2025-11-06 09:14:53,524 - INFO - [Agent Controller fc8781dd-eb62-49-273bcb393a94f46-delegate] Pending action active for 70.84s: CmdRunAction (id=53)
2025-11-06 09:15:59,682 - INFO - [Agent Controller fc8781dd-eb62-49-273bcb393a94f46-delegate] Pending action active for 65.22s: CmdRunAction (id=55)
2025-11-06 09:15:59,683 - INFO - [Agent Controller fc8781dd-eb62-49-273bcb393a94f46-delegate] Pending action active for 65.22s: CmdRunAction (id=55)
2025-11-06 09:16:25,356 - INFO - [Agent Controller fc8781dd-eb62-49-273bcb393a94f46-delegate] Setting agent(BuilderAgent) state from AgentState.RUNNING to AgentState.AWAITING_USER_INPUT
2025-11-06 09:16:25,361 - INFO - [Agent Controller fc8781dd-eb62-49-273bcb393a94f46-delegate] Setting agent(BuilderAgent) state from AgentState.AWAITING_USER_INPUT to AgentState.RUNNING
2025-11-06 09:16:28,420 - INFO - [Agent Controller fc8781dd-eb62-49-273bcb393a94f46-delegate] Setting agent(BuilderAgent) state from AgentState.RUNNING to AgentState.AWAITING_USER_INPUT
2025-11-06 09:16:28,424 - INFO - [Agent Controller fc8781dd-eb62-49-273bcb393a94f46-delegate] Setting agent(BuilderAgent) state from AgentState.AWAITING_USER_INPUT to AgentState.RUNNING
2025-11-06 09:16:30,465 - INFO - [Agent Controller fc8781dd-eb62-49-273bcb393a94f46-delegate] Setting agent(BuilderAgent) state from AgentState.RUNNING to AgentState.AWAITING_USER_INPUT
2025-11-06 09:16:30,468 - INFO - [Agent Controller fc8781dd-eb62-49-273bcb393a94f46-delegate] Setting agent(BuilderAgent) state from AgentState.AWAITING_USER_INPUT to AgentState.RUNNING
2025-11-06 09:16:34,382 - INFO - [Agent Controller fc8781dd-eb62-49-273bcb393a94f46-delegate] Setting agent(BuilderAgent) state from AgentState.RUNNING to AgentState.AWAITING_USER_INPUT
2025-11-06 09:16:34,392 - INFO - [Agent Controller fc8781dd-eb62-49-273bcb393a94f46-delegate] Setting agent(BuilderAgent) state from AgentState.AWAITING_USER_INPUT to AgentState.RUNNING
2025-11-06 09:16:34,401 - WARNING - Repeated MessageAction with source=AGENT detected
2025-11-06 09:16:34,405 - INFO - [Agent Controller fc8781dd-eb62-49-273bcb393a94f46-delegate] Setting agent(BuilderAgent) state from AgentState.RUNNING to AgentState.ERROR
2025-11-06 09:16:34,408 - INFO - Local metrics for delegate: Metrics({'accumulated_cost': 0.49200750000000004, 'max_budget_per_task': None, 'accumulated_token_usage': {'model': 'default', 'prompt_tokens': 313939, 'completion_tokens': 3772, 'cache_read_tokens': 264448, 'cache_write_tokens': 0, 'context_window': 128000, 'per_turn_token': 21810, 'response_id': ''}, 'costs': [{'model': 'default', 'cost': 0.0122975, 'timestamp': 1762438062.616817}, {'model': 'default', 'cost': 0.007560000000000001, 'timestamp': 1762438064.414977}, {'model': 'default', 'cost': 0.007595, 'timestamp': 1762438126.8051682}, {'model': 'default', 'cost': 0.00786, 'timestamp': 1762438187.889676}, {'model': 'default', 'cost': 0.008060000000000001, 'timestamp': 1762438188.9928021}, {'model': 'default', 'cost': 0.008810000000000002, 'timestamp': 1762438191.81817}, {'model': 'default', 'cost': 0.00825, 'timestamp': 1762438192.9790342}, {'model': 'default', 'cost': 0.008230000000000001, 'timestamp': 1762438193.960587}, {'model': 'default', 'cost': 0.014002500000000001, 'timestamp': 1762438195.713147}, {'model': 'default', 'cost': 0.0139325, 'timestamp': 1762438203.501504}, {'model': 'default', 'cost': 0.0108275, 'timestamp': 1762438204.6174028}, {'model': 'default', 'cost': 0.025557500000000004, 'timestamp': 1762438330.7139132}, {'model': 'default', 'cost': 0.025732500000000002, 'timestamp': 1762438411.08041}, {'model': 'default', 'cost': 0.021387500000000004, 'timestamp': 1762438415.3960488}, {'model': 'default', 'cost': 0.0424925, 'timestamp': 1762438420.204861}, {'model': 'default', 'cost': 0.0086175, 'timestamp': 1762438421.2867231}, {'model': 'default', 'cost': 0.008570000000000001, 'timestamp': 1762438422.020375}, {'model': 'default', 'cost': 0.007660000000000001, 'timestamp': 1762438422.684017}, {'model': 'default', 'cost': 0.007955, 'timestamp': 1762438494.462469}, {'model': 'default', 'cost': 0.01751, 'timestamp': 1762438562.273704}, {'model': 'default', 'cost': 0.01669, 'timestamp': 1762438563.4735382}, {'model': 'default', 'cost': 0.012382500000000001, 'timestamp': 1762438565.079354}, {'model': 'default', 'cost': 0.029900000000000003, 'timestamp': 1762438577.275599}, {'model': 'default', 'cost': 0.0182925, 'timestamp': 1762438579.210142}, {'model': 'default', 'cost': 0.016987500000000003, 'timestamp': 1762438580.7037172}, {'model': 'default', 'cost': 0.037512500000000004, 'timestamp': 1762438585.3497338}, {'model': 'default', 'cost': 0.028762500000000003, 'timestamp': 1762438588.4171169}, {'model': 'default', 'cost': 0.029165000000000003, 'timestamp': 1762438590.462858}, {'model': 'default', 'cost': 0.029407500000000003, 'timestamp': 1762438594.374424}], 'response_latencies': [{'model': 'default', 'latency': 1.4877240657806396, 'response_id': 'chatcmpl-CYuwH80Vk84dNghGE1XBcRTW5ilRe'}, {'model': 'default', 'latency': 0.9797520637512207, 'response_id': 'chatcmpl-CYuwJUxsLO8LhI3JMxZK3IbZcbBef'}, {'model': 'default', 'latency': 1.0376701354980469, 'response_id': 'chatcmpl-CYuxKVf8ezcOi0XqE29LN1OCItrmg'}, {'model': 'default', 'latency': 0.8568370342254639, 'response_id': 'chatcmpl-CYuyJIjJj18PCOxLijdAPcZAtNifR'}, {'model': 'default', 'latency': 1.0572538375854492, 'response_id': 'chatcmpl-CYuyK7h4MdMnyQ9408ONWG5D7y74y'}, {'model': 'default', 'latency': 2.181335210800171, 'response_id': 'chatcmpl-CYuyMSSitHLtacqRm383NUioxVtyV'}, {'model': 'default', 'latency': 1.1499600410461426, 'response_id': 'chatcmpl-CYuyOvl3PeuK5VokixST2uguv7PkG'}, {'model': 'default', 'latency': 0.9517643451690674, 'response_id': 'chatcmpl-CYuyPnNQIuDLUrrBkfQpEAewOx96Y'}, {'model': 'default', 'latency': 1.1107890605926514, 'response_id': 'chatcmpl-CYuyQGRu3qQX0iIzp942XOgg0etYf'}, {'model': 'default', 'latency': 7.744385004043579, 'response_id': 'chatcmpl-CYuySIzUmiFscDWb6hmi3vgMuEKFn'}, {'model': 'default', 'latency': 0.9097421169281006, 'response_id': 'chatcmpl-CYuyaVhuneO7ew5ML6u9HF23GNsq7'}, {'model': 'default', 'latency': 1.76214599609375, 'response_id': 'chatcmpl-CYv0cXqTnFDqqEq2yT3XRq21Pxkqi'}, {'model': 'default', 'latency': 1.2924528121948242, 'response_id': 'chatcmpl-CYv1uny8mGv0knDPSBj45uoquNGdP'}, {'model': 'default', 'latency': 1.2070801258087158, 'response_id': 'chatcmpl-CYv1yi2ewsN2jtQlxS0xVJyZJJPHn'}, {'model': 'default', 'latency': 4.587766170501709, 'response_id': 'chatcmpl-CYv20HBkgk04h62jB69rxhPaKwjGH'}, {'model': 'default', 'latency': 1.035804271697998, 'response_id': 'chatcmpl-CYv24JhSLD40J4OZNiOWhXxCiUs2S'}, {'model': 'default', 'latency': 0.7055418491363525, 'response_id': 'chatcmpl-CYv25ZoBl94gZGmiS83gfZXuaKkxi'}, {'model': 'default', 'latency': 0.6521220207214355, 'response_id': 'chatcmpl-CYv26E19wWKxWpR4oqaDfifircfrb'}, {'model': 'default', 'latency': 0.8906722068786621, 'response_id': 'chatcmpl-CYv3GHz59WNUNI8v2B904QfIM0Y1h'}, {'model': 'default', 'latency': 2.578881025314331, 'response_id': 'chatcmpl-CYv4K6xPi0HU20D6GB7BLIlHbw8N7'}, {'model': 'default', 'latency': 1.0962193012237549, 'response_id': 'chatcmpl-CYv4Mte0ndMqyLclcYw2wAJmabOER'}, {'model': 'default', 'latency': 0.8579730987548828, 'response_id': 'chatcmpl-CYv4OMdUtLkuTRUHN3wYnoSnai7rS'}, {'model': 'default', 'latency': 12.181931972503662, 'response_id': 'chatcmpl-CYv4P4VRECIZnmOugRXMM6SMZlpBI'}, {'model': 'default', 'latency': 1.2988789081573486, 'response_id': 'chatcmpl-CYv4c0LKCyRKBHmuvLufQ1NcQBp4v'}, {'model': 'default', 'latency': 0.770183801651001, 'response_id': 'chatcmpl-CYv4eVz3S1fCFfagjk2kgBwcRpfx5'}, {'model': 'default', 'latency': 4.53344988822937, 'response_id': 'chatcmpl-CYv4fwVTZ1fEtwPsJN07JrXHCFYEj'}, {'model': 'default', 'latency': 3.0527279376983643, 'response_id': 'chatcmpl-CYv4jXT6mabefL5SwiPVviKR6GPCK'}, {'model': 'default', 'latency': 2.0310919284820557, 'response_id': 'chatcmpl-CYv4m6cdg0FlGjGiY6iJHJQJ1f0WI'}, {'model': 'default', 'latency': 3.9016668796539307, 'response_id': 'chatcmpl-CYv4pcgO0WtP9MgyUqsyONwNYjFh7'}], 'token_usages': [{'model': 'default', 'prompt_tokens': 5667, 'completion_tokens': 53, 'cache_read_tokens': 1920, 'cache_write_tokens': 0, 'context_window': 128000, 'per_turn_token': 5720, 'response_id': 'chatcmpl-CYuwH80Vk84dNghGE1XBcRTW5ilRe'}, {'model': 'default', 'prompt_tokens': 5740, 'completion_tokens': 25, 'cache_read_tokens': 5632, 'cache_write_tokens': 0, 'context_window': 128000, 'per_turn_token': 5765, 'response_id': 'chatcmpl-CYuwJUxsLO8LhI3JMxZK3IbZcbBef'}, {'model': 'default', 'prompt_tokens': 5846, 'completion_tokens': 18, 'cache_read_tokens': 5760, 'cache_write_tokens': 0, 'context_window': 128000, 'per_turn_token': 5864, 'response_id': 'chatcmpl-CYuxKVf8ezcOi0XqE29LN1OCItrmg'}, {'model': 'default', 'prompt_tokens': 5940, 'completion_tokens': 21, 'cache_read_tokens': 5760, 'cache_write_tokens': 0, 'context_window': 128000, 'per_turn_token': 5961, 'response_id': 'chatcmpl-CYuyJIjJj18PCOxLijdAPcZAtNifR'}, {'model': 'default', 'prompt_tokens': 6084, 'completion_tokens': 21, 'cache_read_tokens': 5888, 'cache_write_tokens': 0, 'context_window': 128000, 'per_turn_token': 6105, 'response_id': 'chatcmpl-CYuyK7h4MdMnyQ9408ONWG5D7y74y'}, {'model': 'default', 'prompt_tokens': 6184, 'completion_tokens': 87, 'cache_read_tokens': 6016, 'cache_write_tokens': 0, 'context_window': 128000, 'per_turn_token': 6271, 'response_id': 'chatcmpl-CYuyMSSitHLtacqRm383NUioxVtyV'}, {'model': 'default', 'prompt_tokens': 6284, 'completion_tokens': 22, 'cache_read_tokens': 6144, 'cache_write_tokens': 0, 'context_window': 128000, 'per_turn_token': 6306, 'response_id': 'chatcmpl-CYuyOvl3PeuK5VokixST2uguv7PkG'}, {'model': 'default', 'prompt_tokens': 6344, 'completion_tokens': 21, 'cache_read_tokens': 6272, 'cache_write_tokens': 0, 'context_window': 128000, 'per_turn_token': 6365, 'response_id': 'chatcmpl-CYuyPnNQIuDLUrrBkfQpEAewOx96Y'}, {'model': 'default', 'prompt_tokens': 6457, 'completion_tokens': 26, 'cache_read_tokens': 1920, 'cache_write_tokens': 0, 'context_window': 128000, 'per_turn_token': 6483, 'response_id': 'chatcmpl-CYuyQGRu3qQX0iIzp942XOgg0etYf'}, {'model': 'default', 'prompt_tokens': 7445, 'completion_tokens': 332, 'cache_read_tokens': 6400, 'cache_write_tokens': 0, 'context_window': 128000, 'per_turn_token': 7777, 'response_id': 'chatcmpl-CYuySIzUmiFscDWb6hmi3vgMuEKFn'}, {'model': 'default', 'prompt_tokens': 8007, 'completion_tokens': 25, 'cache_read_tokens': 7552, 'cache_write_tokens': 0, 'context_window': 128000, 'per_turn_token': 8032, 'response_id': 'chatcmpl-CYuyaVhuneO7ew5ML6u9HF23GNsq7'}, {'model': 'default', 'prompt_tokens': 13287, 'completion_tokens': 18, 'cache_read_tokens': 6272, 'cache_write_tokens': 0, 'context_window': 128000, 'per_turn_token': 13305, 'response_id': 'chatcmpl-CYv0cXqTnFDqqEq2yT3XRq21Pxkqi'}, {'model': 'default', 'prompt_tokens': 16645, 'completion_tokens': 60, 'cache_read_tokens': 13184, 'cache_write_tokens': 0, 'context_window': 128000, 'per_turn_token': 16705, 'response_id': 'chatcmpl-CYv1uny8mGv0knDPSBj45uoquNGdP'}, {'model': 'default', 'prompt_tokens': 16775, 'completion_tokens': 25, 'cache_read_tokens': 16640, 'cache_write_tokens': 0, 'context_window': 128000, 'per_turn_token': 16800, 'response_id': 'chatcmpl-CYv1yi2ewsN2jtQlxS0xVJyZJJPHn'}, {'model': 'default', 'prompt_tokens': 24277, 'completion_tokens': 276, 'cache_read_tokens': 16768, 'cache_write_tokens': 0, 'context_window': 128000, 'per_turn_token': 24553, 'response_id': 'chatcmpl-CYv20HBkgk04h62jB69rxhPaKwjGH'}, {'model': 'default', 'prompt_tokens': 5667, 'completion_tokens': 53, 'cache_read_tokens': 4864, 'cache_write_tokens': 0, 'context_window': 128000, 'per_turn_token': 5720, 'response_id': 'chatcmpl-CYv24JhSLD40J4OZNiOWhXxCiUs2S'}, {'model': 'default', 'prompt_tokens': 5764, 'completion_tokens': 24, 'cache_read_tokens': 4864, 'cache_write_tokens': 0, 'context_window': 128000, 'per_turn_token': 5788, 'response_id': 'chatcmpl-CYv25ZoBl94gZGmiS83gfZXuaKkxi'}, {'model': 'default', 'prompt_tokens': 5844, 'completion_tokens': 25, 'cache_read_tokens': 5760, 'cache_write_tokens': 0, 'context_window': 128000, 'per_turn_token': 5869, 'response_id': 'chatcmpl-CYv26E19wWKxWpR4oqaDfifircfrb'}, {'model': 'default', 'prompt_tokens': 5990, 'completion_tokens': 18, 'cache_read_tokens': 5760, 'cache_write_tokens': 0, 'context_window': 128000, 'per_turn_token': 6008, 'response_id': 'chatcmpl-CYv3GHz59WNUNI8v2B904QfIM0Y1h'}, {'model': 'default', 'prompt_tokens': 9348, 'completion_tokens': 22, 'cache_read_tokens': 4864, 'cache_write_tokens': 0, 'context_window': 128000, 'per_turn_token': 9370, 'response_id': 'chatcmpl-CYv4K6xPi0HU20D6GB7BLIlHbw8N7'}, {'model': 'default', 'prompt_tokens': 9408, 'completion_tokens': 21, 'cache_read_tokens': 5632, 'cache_write_tokens': 0, 'context_window': 128000, 'per_turn_token': 9429, 'response_id': 'chatcmpl-CYv4Mte0ndMqyLclcYw2wAJmabOER'}, {'model': 'default', 'prompt_tokens': 9521, 'completion_tokens': 26, 'cache_read_tokens': 9344, 'cache_write_tokens': 0, 'context_window': 128000, 'per_turn_token': 9547, 'response_id': 'chatcmpl-CYv4OMdUtLkuTRUHN3wYnoSnai7rS'}, {'model': 'default', 'prompt_tokens': 10516, 'completion_tokens': 1545, 'cache_read_tokens': 9472, 'cache_write_tokens': 0, 'context_window': 128000, 'per_turn_token': 12061, 'response_id': 'chatcmpl-CYv4P4VRECIZnmOugRXMM6SMZlpBI'}, {'model': 'default', 'prompt_tokens': 13093, 'completion_tokens': 60, 'cache_read_tokens': 12032, 'cache_write_tokens': 0, 'context_window': 128000, 'per_turn_token': 13153, 'response_id': 'chatcmpl-CYv4c0LKCyRKBHmuvLufQ1NcQBp4v'}, {'model': 'default', 'prompt_tokens': 13223, 'completion_tokens': 25, 'cache_read_tokens': 13056, 'cache_write_tokens': 0, 'context_window': 128000, 'per_turn_token': 13248, 'response_id': 'chatcmpl-CYv4eVz3S1fCFfagjk2kgBwcRpfx5'}, {'model': 'default', 'prompt_tokens': 20725, 'completion_tokens': 218, 'cache_read_tokens': 13184, 'cache_write_tokens': 0, 'context_window': 128000, 'per_turn_token': 20943, 'response_id': 'chatcmpl-CYv4fwVTZ1fEtwPsJN07JrXHCFYEj'}, {'model': 'default', 'prompt_tokens': 20997, 'completion_tokens': 235, 'cache_read_tokens': 20864, 'cache_write_tokens': 0, 'context_window': 128000, 'per_turn_token': 21232, 'response_id': 'chatcmpl-CYv4jXT6mabefL5SwiPVviKR6GPCK'}, {'model': 'default', 'prompt_tokens': 21286, 'completion_tokens': 235, 'cache_read_tokens': 21120, 'cache_write_tokens': 0, 'context_window': 128000, 'per_turn_token': 21521, 'response_id': 'chatcmpl-CYv4m6cdg0FlGjGiY6iJHJQJ1f0WI'}, {'model': 'default', 'prompt_tokens': 21575, 'completion_tokens': 235, 'cache_read_tokens': 21504, 'cache_write_tokens': 0, 'context_window': 128000, 'per_turn_token': 21810, 'response_id': 'chatcmpl-CYv4pcgO0WtP9MgyUqsyONwNYjFh7'}]}
2025-11-06 09:16:34,409 - INFO - [Agent Controller fc8781dd-eb62-49-273bcb393a94f46-delegate] Setting agent(BuilderAgent) state from AgentState.ERROR to AgentState.STOPPED
2025-11-06 09:16:34,441 - INFO - Detected AgentDelegateObservation for BuilderAgent.
2025-11-06 09:16:34,441 - INFO - Processing completion of delegate agent: BuilderAgent
2025-11-06 09:16:34,441 - INFO - Task completion status for BuilderAgent: False
2025-11-06 09:16:34,441 - WARNING - Max retries reached for BuilderAgent. Proceeding to next agent in sequence.
2025-11-06 09:16:34,441 - INFO - Passing builder outputs to ExploiterAgent: []
2025-11-06 09:16:34,452 - INFO - Issuing delegation to ExploiterAgent
2025-11-06 09:16:34,518 - INFO - AgentController fc8781dd-eb62-49-273bcb393a94f46-delegate initializing history from event 97
2025-11-06 09:16:34,525 - INFO - [Agent Controller fc8781dd-eb62-49-273bcb393a94f46-delegate] Setting agent(ExploiterAgent) state from AgentState.LOADING to AgentState.RUNNING
2025-11-06 09:16:34,537 - INFO - Microagent 'github' triggered by keyword 'github'
2025-11-06 09:16:34,537 - INFO - Microagent 'gitlab' triggered by keyword 'git'
2025-11-06 09:16:34,538 - INFO - Microagent 'security' triggered by keyword 'security'
2025-11-06 09:17:53,402 - INFO - [Agent Controller fc8781dd-eb62-49-273bcb393a94f46-delegate] Pending action active for 73.09s: CmdRunAction (id=108)
2025-11-06 09:17:53,414 - INFO - [Agent Controller fc8781dd-eb62-49-273bcb393a94f46-delegate] Pending action active for 73.10s: CmdRunAction (id=108)
2025-11-06 09:21:30,183 - INFO - [Agent Controller fc8781dd-eb62-49-273bcb393a94f46-delegate] Pending action active for 165.42s: CmdRunAction (id=130)
2025-11-06 09:21:30,184 - INFO - [Agent Controller fc8781dd-eb62-49-273bcb393a94f46-delegate] Pending action active for 165.42s: CmdRunAction (id=130)
2025-11-06 09:21:44,669 - INFO - [Agent Controller fc8781dd-eb62-49-273bcb393a94f46-delegate] Setting agent(ExploiterAgent) state from AgentState.RUNNING to AgentState.AWAITING_USER_INPUT
2025-11-06 09:21:44,678 - INFO - [Agent Controller fc8781dd-eb62-49-273bcb393a94f46-delegate] Setting agent(ExploiterAgent) state from AgentState.AWAITING_USER_INPUT to AgentState.RUNNING
2025-11-06 09:21:50,642 - INFO - [Agent Controller fc8781dd-eb62-49-273bcb393a94f46-delegate] Setting agent(ExploiterAgent) state from AgentState.RUNNING to AgentState.AWAITING_USER_INPUT
2025-11-06 09:21:50,712 - INFO - [Agent Controller fc8781dd-eb62-49-273bcb393a94f46-delegate] Setting agent(ExploiterAgent) state from AgentState.AWAITING_USER_INPUT to AgentState.RUNNING
2025-11-06 09:21:55,504 - INFO - [Agent Controller fc8781dd-eb62-49-273bcb393a94f46-delegate] Setting agent(ExploiterAgent) state from AgentState.RUNNING to AgentState.AWAITING_USER_INPUT
2025-11-06 09:21:55,509 - INFO - [Agent Controller fc8781dd-eb62-49-273bcb393a94f46-delegate] Setting agent(ExploiterAgent) state from AgentState.AWAITING_USER_INPUT to AgentState.RUNNING
2025-11-06 09:21:59,836 - INFO - [Agent Controller fc8781dd-eb62-49-273bcb393a94f46-delegate] Setting agent(ExploiterAgent) state from AgentState.RUNNING to AgentState.AWAITING_USER_INPUT
2025-11-06 09:21:59,839 - INFO - [Agent Controller fc8781dd-eb62-49-273bcb393a94f46-delegate] Setting agent(ExploiterAgent) state from AgentState.AWAITING_USER_INPUT to AgentState.RUNNING
2025-11-06 09:22:05,234 - INFO - [Agent Controller fc8781dd-eb62-49-273bcb393a94f46-delegate] Setting agent(ExploiterAgent) state from AgentState.RUNNING to AgentState.AWAITING_USER_INPUT
2025-11-06 09:22:05,276 - INFO - [Agent Controller fc8781dd-eb62-49-273bcb393a94f46-delegate] Setting agent(ExploiterAgent) state from AgentState.AWAITING_USER_INPUT to AgentState.RUNNING
2025-11-06 09:22:05,281 - WARNING - Repeated MessageAction with source=AGENT detected
2025-11-06 09:22:05,285 - INFO - [Agent Controller fc8781dd-eb62-49-273bcb393a94f46-delegate] Setting agent(ExploiterAgent) state from AgentState.RUNNING to AgentState.ERROR
2025-11-06 09:22:05,289 - INFO - Local metrics for delegate: Metrics({'accumulated_cost': 1.1461650000000003, 'max_budget_per_task': None, 'accumulated_token_usage': {'model': 'default', 'prompt_tokens': 762706, 'completion_tokens': 5444, 'cache_read_tokens': 652032, 'cache_write_tokens': 0, 'context_window': 128000, 'per_turn_token': 33502, 'response_id': ''}, 'costs': [{'model': 'default', 'cost': 0.0122975, 'timestamp': 1762438062.616817}, {'model': 'default', 'cost': 0.007560000000000001, 'timestamp': 1762438064.414977}, {'model': 'default', 'cost': 0.007595, 'timestamp': 1762438126.8051682}, {'model': 'default', 'cost': 0.00786, 'timestamp': 1762438187.889676}, {'model': 'default', 'cost': 0.008060000000000001, 'timestamp': 1762438188.9928021}, {'model': 'default', 'cost': 0.008810000000000002, 'timestamp': 1762438191.81817}, {'model': 'default', 'cost': 0.00825, 'timestamp': 1762438192.9790342}, {'model': 'default', 'cost': 0.008230000000000001, 'timestamp': 1762438193.960587}, {'model': 'default', 'cost': 0.014002500000000001, 'timestamp': 1762438195.713147}, {'model': 'default', 'cost': 0.0139325, 'timestamp': 1762438203.501504}, {'model': 'default', 'cost': 0.0108275, 'timestamp': 1762438204.6174028}, {'model': 'default', 'cost': 0.025557500000000004, 'timestamp': 1762438330.7139132}, {'model': 'default', 'cost': 0.025732500000000002, 'timestamp': 1762438411.08041}, {'model': 'default', 'cost': 0.021387500000000004, 'timestamp': 1762438415.3960488}, {'model': 'default', 'cost': 0.0424925, 'timestamp': 1762438420.204861}, {'model': 'default', 'cost': 0.0086175, 'timestamp': 1762438421.2867231}, {'model': 'default', 'cost': 0.008570000000000001, 'timestamp': 1762438422.020375}, {'model': 'default', 'cost': 0.007660000000000001, 'timestamp': 1762438422.684017}, {'model': 'default', 'cost': 0.007955, 'timestamp': 1762438494.462469}, {'model': 'default', 'cost': 0.01751, 'timestamp': 1762438562.273704}, {'model': 'default', 'cost': 0.01669, 'timestamp': 1762438563.4735382}, {'model': 'default', 'cost': 0.012382500000000001, 'timestamp': 1762438565.079354}, {'model': 'default', 'cost': 0.029900000000000003, 'timestamp': 1762438577.275599}, {'model': 'default', 'cost': 0.0182925, 'timestamp': 1762438579.210142}, {'model': 'default', 'cost': 0.016987500000000003, 'timestamp': 1762438580.7037172}, {'model': 'default', 'cost': 0.037512500000000004, 'timestamp': 1762438585.3497338}, {'model': 'default', 'cost': 0.028762500000000003, 'timestamp': 1762438588.4171169}, {'model': 'default', 'cost': 0.029165000000000003, 'timestamp': 1762438590.462858}, {'model': 'default', 'cost': 0.029407500000000003, 'timestamp': 1762438594.374424}, {'model': 'default', 'cost': 0.00927, 'timestamp': 1762438595.798}, {'model': 'default', 'cost': 0.006820000000000001, 'timestamp': 1762438597.514951}, {'model': 'default', 'cost': 0.0067725, 'timestamp': 1762438598.496126}, {'model': 'default', 'cost': 0.021205, 'timestamp': 1762438600.309228}, {'model': 'default', 'cost': 0.014340000000000002, 'timestamp': 1762438674.893003}, {'model': 'default', 'cost': 0.014577500000000002, 'timestamp': 1762438676.823252}, {'model': 'default', 'cost': 0.015347500000000002, 'timestamp': 1762438680.846498}, {'model': 'default', 'cost': 0.014682500000000001, 'timestamp': 1762438683.315985}, {'model': 'default', 'cost': 0.016235, 'timestamp': 1762438694.1548228}, {'model': 'default', 'cost': 0.015217500000000002, 'timestamp': 1762438695.354163}, {'model': 'default', 'cost': 0.031407500000000005, 'timestamp': 1762438700.4078112}, {'model': 'default', 'cost': 0.023417499999999997, 'timestamp': 1762438702.806238}, {'model': 'default', 'cost': 0.02368, 'timestamp': 1762438706.3397918}, {'model': 'default', 'cost': 0.029842500000000004, 'timestamp': 1762438722.179053}, {'model': 'default', 'cost': 0.026305000000000002, 'timestamp': 1762438724.758421}, {'model': 'default', 'cost': 0.048295, 'timestamp': 1762438892.114291}, {'model': 'default', 'cost': 0.041042499999999996, 'timestamp': 1762438895.398693}, {'model': 'default', 'cost': 0.03930750000000001, 'timestamp': 1762438896.95278}, {'model': 'default', 'cost': 0.0451075, 'timestamp': 1762438904.6596649}, {'model': 'default', 'cost': 0.04283, 'timestamp': 1762438910.630375}, {'model': 'default', 'cost': 0.0432975, 'timestamp': 1762438915.4555929}, {'model': 'default', 'cost': 0.043685, 'timestamp': 1762438919.832503}, {'model': 'default', 'cost': 0.0814725, 'timestamp': 1762438925.20017}], 'response_latencies': [{'model': 'default', 'latency': 1.4877240657806396, 'response_id': 'chatcmpl-CYuwH80Vk84dNghGE1XBcRTW5ilRe'}, {'model': 'default', 'latency': 0.9797520637512207, 'response_id': 'chatcmpl-CYuwJUxsLO8LhI3JMxZK3IbZcbBef'}, {'model': 'default', 'latency': 1.0376701354980469, 'response_id': 'chatcmpl-CYuxKVf8ezcOi0XqE29LN1OCItrmg'}, {'model': 'default', 'latency': 0.8568370342254639, 'response_id': 'chatcmpl-CYuyJIjJj18PCOxLijdAPcZAtNifR'}, {'model': 'default', 'latency': 1.0572538375854492, 'response_id': 'chatcmpl-CYuyK7h4MdMnyQ9408ONWG5D7y74y'}, {'model': 'default', 'latency': 2.181335210800171, 'response_id': 'chatcmpl-CYuyMSSitHLtacqRm383NUioxVtyV'}, {'model': 'default', 'latency': 1.1499600410461426, 'response_id': 'chatcmpl-CYuyOvl3PeuK5VokixST2uguv7PkG'}, {'model': 'default', 'latency': 0.9517643451690674, 'response_id': 'chatcmpl-CYuyPnNQIuDLUrrBkfQpEAewOx96Y'}, {'model': 'default', 'latency': 1.1107890605926514, 'response_id': 'chatcmpl-CYuyQGRu3qQX0iIzp942XOgg0etYf'}, {'model': 'default', 'latency': 7.744385004043579, 'response_id': 'chatcmpl-CYuySIzUmiFscDWb6hmi3vgMuEKFn'}, {'model': 'default', 'latency': 0.9097421169281006, 'response_id': 'chatcmpl-CYuyaVhuneO7ew5ML6u9HF23GNsq7'}, {'model': 'default', 'latency': 1.76214599609375, 'response_id': 'chatcmpl-CYv0cXqTnFDqqEq2yT3XRq21Pxkqi'}, {'model': 'default', 'latency': 1.2924528121948242, 'response_id': 'chatcmpl-CYv1uny8mGv0knDPSBj45uoquNGdP'}, {'model': 'default', 'latency': 1.2070801258087158, 'response_id': 'chatcmpl-CYv1yi2ewsN2jtQlxS0xVJyZJJPHn'}, {'model': 'default', 'latency': 4.587766170501709, 'response_id': 'chatcmpl-CYv20HBkgk04h62jB69rxhPaKwjGH'}, {'model': 'default', 'latency': 1.035804271697998, 'response_id': 'chatcmpl-CYv24JhSLD40J4OZNiOWhXxCiUs2S'}, {'model': 'default', 'latency': 0.7055418491363525, 'response_id': 'chatcmpl-CYv25ZoBl94gZGmiS83gfZXuaKkxi'}, {'model': 'default', 'latency': 0.6521220207214355, 'response_id': 'chatcmpl-CYv26E19wWKxWpR4oqaDfifircfrb'}, {'model': 'default', 'latency': 0.8906722068786621, 'response_id': 'chatcmpl-CYv3GHz59WNUNI8v2B904QfIM0Y1h'}, {'model': 'default', 'latency': 2.578881025314331, 'response_id': 'chatcmpl-CYv4K6xPi0HU20D6GB7BLIlHbw8N7'}, {'model': 'default', 'latency': 1.0962193012237549, 'response_id': 'chatcmpl-CYv4Mte0ndMqyLclcYw2wAJmabOER'}, {'model': 'default', 'latency': 0.8579730987548828, 'response_id': 'chatcmpl-CYv4OMdUtLkuTRUHN3wYnoSnai7rS'}, {'model': 'default', 'latency': 12.181931972503662, 'response_id': 'chatcmpl-CYv4P4VRECIZnmOugRXMM6SMZlpBI'}, {'model': 'default', 'latency': 1.2988789081573486, 'response_id': 'chatcmpl-CYv4c0LKCyRKBHmuvLufQ1NcQBp4v'}, {'model': 'default', 'latency': 0.770183801651001, 'response_id': 'chatcmpl-CYv4eVz3S1fCFfagjk2kgBwcRpfx5'}, {'model': 'default', 'latency': 4.53344988822937, 'response_id': 'chatcmpl-CYv4fwVTZ1fEtwPsJN07JrXHCFYEj'}, {'model': 'default', 'latency': 3.0527279376983643, 'response_id': 'chatcmpl-CYv4jXT6mabefL5SwiPVviKR6GPCK'}, {'model': 'default', 'latency': 2.0310919284820557, 'response_id': 'chatcmpl-CYv4m6cdg0FlGjGiY6iJHJQJ1f0WI'}, {'model': 'default', 'latency': 3.9016668796539307, 'response_id': 'chatcmpl-CYv4pcgO0WtP9MgyUqsyONwNYjFh7'}, {'model': 'default', 'latency': 1.2540290355682373, 'response_id': 'chatcmpl-CYv4s4BXrDzu4MeO7JgsKP34ycPdF'}, {'model': 'default', 'latency': 1.5229220390319824, 'response_id': 'chatcmpl-CYv4uME0783uZnUDdkXi3FwI8payZ'}, {'model': 'default', 'latency': 0.954287052154541, 'response_id': 'chatcmpl-CYv4veCBooUmO1ePlVFWbUuzYqjxb'}, {'model': 'default', 'latency': 1.6850879192352295, 'response_id': 'chatcmpl-CYv4x1nLxShoVLsQfQ1rmyQ9mBZmR'}, {'model': 'default', 'latency': 1.4722900390625, 'response_id': 'chatcmpl-CYv6A4CRQxDyVH4TpU0ofIaYgC4NO'}, {'model': 'default', 'latency': 1.7982079982757568, 'response_id': 'chatcmpl-CYv6BS4kqk7VVGLXyCEAZOoE8pmg0'}, {'model': 'default', 'latency': 3.337597131729126, 'response_id': 'chatcmpl-CYv6Db4O2qzVDsESbsZsbSpHOabJw'}, {'model': 'default', 'latency': 2.4638710021972656, 'response_id': 'chatcmpl-CYv6Hau0Q9luoUVWzicGeon0e7qQ1'}, {'model': 'default', 'latency': 3.9428389072418213, 'response_id': 'chatcmpl-CYv6QzLmBxw6PcbJr1I1QupEyJQYt'}, {'model': 'default', 'latency': 1.190006971359253, 'response_id': 'chatcmpl-CYv6UEJied8gWQsdtQnpXLkdSRhaM'}, {'model': 'default', 'latency': 4.410914182662964, 'response_id': 'chatcmpl-CYv6W6kHgZhM08klxuFT2VlVAxXid'}, {'model': 'default', 'latency': 2.3404030799865723, 'response_id': 'chatcmpl-CYv6atrRoKPfNavcEOQzJ1fpez2Yd'}, {'model': 'default', 'latency': 2.342021942138672, 'response_id': 'chatcmpl-CYv6eBnyWfMvj88N4uKd93950pgpy'}, {'model': 'default', 'latency': 2.4409117698669434, 'response_id': 'chatcmpl-CYv6uWwr7fVB7G5CLpSglgWkhBYXy'}, {'model': 'default', 'latency': 2.549870014190674, 'response_id': 'chatcmpl-CYv6wtB1xwaH2ETPgmwkb44W0gA19'}, {'model': 'default', 'latency': 1.9253549575805664, 'response_id': 'chatcmpl-CYv9etyRycgrmMESY8R4hxH96ijnR'}, {'model': 'default', 'latency': 3.212292194366455, 'response_id': 'chatcmpl-CYv9gEgfMpyKasNfHWfuC3IuFf6oh'}, {'model': 'default', 'latency': 1.3259656429290771, 'response_id': 'chatcmpl-CYv9k7jm85sHGoInUm5jUHb06bksl'}, {'model': 'default', 'latency': 6.300365209579468, 'response_id': 'chatcmpl-CYv9mjt45r6PyGawA5GH32p9zKf29'}, {'model': 'default', 'latency': 5.943106174468994, 'response_id': 'chatcmpl-CYv9tN0Ha0UcNMAI9xYBOUAInsmbZ'}, {'model': 'default', 'latency': 4.675338983535767, 'response_id': 'chatcmpl-CYv9zFytToR8J5l9Zh7fli22FldJP'}, {'model': 'default', 'latency': 4.269239187240601, 'response_id': 'chatcmpl-CYvA4WUb5N3L1GBi0N6ndJZLRi12k'}, {'model': 'default', 'latency': 5.355211019515991, 'response_id': 'chatcmpl-CYvA8o2J064ubonyEjx7FBKjIOkiQ'}], 'token_usages': [{'model': 'default', 'prompt_tokens': 5667, 'completion_tokens': 53, 'cache_read_tokens': 1920, 'cache_write_tokens': 0, 'context_window': 128000, 'per_turn_token': 5720, 'response_id': 'chatcmpl-CYuwH80Vk84dNghGE1XBcRTW5ilRe'}, {'model': 'default', 'prompt_tokens': 5740, 'completion_tokens': 25, 'cache_read_tokens': 5632, 'cache_write_tokens': 0, 'context_window': 128000, 'per_turn_token': 5765, 'response_id': 'chatcmpl-CYuwJUxsLO8LhI3JMxZK3IbZcbBef'}, {'model': 'default', 'prompt_tokens': 5846, 'completion_tokens': 18, 'cache_read_tokens': 5760, 'cache_write_tokens': 0, 'context_window': 128000, 'per_turn_token': 5864, 'response_id': 'chatcmpl-CYuxKVf8ezcOi0XqE29LN1OCItrmg'}, {'model': 'default', 'prompt_tokens': 5940, 'completion_tokens': 21, 'cache_read_tokens': 5760, 'cache_write_tokens': 0, 'context_window': 128000, 'per_turn_token': 5961, 'response_id': 'chatcmpl-CYuyJIjJj18PCOxLijdAPcZAtNifR'}, {'model': 'default', 'prompt_tokens': 6084, 'completion_tokens': 21, 'cache_read_tokens': 5888, 'cache_write_tokens': 0, 'context_window': 128000, 'per_turn_token': 6105, 'response_id': 'chatcmpl-CYuyK7h4MdMnyQ9408ONWG5D7y74y'}, {'model': 'default', 'prompt_tokens': 6184, 'completion_tokens': 87, 'cache_read_tokens': 6016, 'cache_write_tokens': 0, 'context_window': 128000, 'per_turn_token': 6271, 'response_id': 'chatcmpl-CYuyMSSitHLtacqRm383NUioxVtyV'}, {'model': 'default', 'prompt_tokens': 6284, 'completion_tokens': 22, 'cache_read_tokens': 6144, 'cache_write_tokens': 0, 'context_window': 128000, 'per_turn_token': 6306, 'response_id': 'chatcmpl-CYuyOvl3PeuK5VokixST2uguv7PkG'}, {'model': 'default', 'prompt_tokens': 6344, 'completion_tokens': 21, 'cache_read_tokens': 6272, 'cache_write_tokens': 0, 'context_window': 128000, 'per_turn_token': 6365, 'response_id': 'chatcmpl-CYuyPnNQIuDLUrrBkfQpEAewOx96Y'}, {'model': 'default', 'prompt_tokens': 6457, 'completion_tokens': 26, 'cache_read_tokens': 1920, 'cache_write_tokens': 0, 'context_window': 128000, 'per_turn_token': 6483, 'response_id': 'chatcmpl-CYuyQGRu3qQX0iIzp942XOgg0etYf'}, {'model': 'default', 'prompt_tokens': 7445, 'completion_tokens': 332, 'cache_read_tokens': 6400, 'cache_write_tokens': 0, 'context_window': 128000, 'per_turn_token': 7777, 'response_id': 'chatcmpl-CYuySIzUmiFscDWb6hmi3vgMuEKFn'}, {'model': 'default', 'prompt_tokens': 8007, 'completion_tokens': 25, 'cache_read_tokens': 7552, 'cache_write_tokens': 0, 'context_window': 128000, 'per_turn_token': 8032, 'response_id': 'chatcmpl-CYuyaVhuneO7ew5ML6u9HF23GNsq7'}, {'model': 'default', 'prompt_tokens': 13287, 'completion_tokens': 18, 'cache_read_tokens': 6272, 'cache_write_tokens': 0, 'context_window': 128000, 'per_turn_token': 13305, 'response_id': 'chatcmpl-CYv0cXqTnFDqqEq2yT3XRq21Pxkqi'}, {'model': 'default', 'prompt_tokens': 16645, 'completion_tokens': 60, 'cache_read_tokens': 13184, 'cache_write_tokens': 0, 'context_window': 128000, 'per_turn_token': 16705, 'response_id': 'chatcmpl-CYv1uny8mGv0knDPSBj45uoquNGdP'}, {'model': 'default', 'prompt_tokens': 16775, 'completion_tokens': 25, 'cache_read_tokens': 16640, 'cache_write_tokens': 0, 'context_window': 128000, 'per_turn_token': 16800, 'response_id': 'chatcmpl-CYv1yi2ewsN2jtQlxS0xVJyZJJPHn'}, {'model': 'default', 'prompt_tokens': 24277, 'completion_tokens': 276, 'cache_read_tokens': 16768, 'cache_write_tokens': 0, 'context_window': 128000, 'per_turn_token': 24553, 'response_id': 'chatcmpl-CYv20HBkgk04h62jB69rxhPaKwjGH'}, {'model': 'default', 'prompt_tokens': 5667, 'completion_tokens': 53, 'cache_read_tokens': 4864, 'cache_write_tokens': 0, 'context_window': 128000, 'per_turn_token': 5720, 'response_id': 'chatcmpl-CYv24JhSLD40J4OZNiOWhXxCiUs2S'}, {'model': 'default', 'prompt_tokens': 5764, 'completion_tokens': 24, 'cache_read_tokens': 4864, 'cache_write_tokens': 0, 'context_window': 128000, 'per_turn_token': 5788, 'response_id': 'chatcmpl-CYv25ZoBl94gZGmiS83gfZXuaKkxi'}, {'model': 'default', 'prompt_tokens': 5844, 'completion_tokens': 25, 'cache_read_tokens': 5760, 'cache_write_tokens': 0, 'context_window': 128000, 'per_turn_token': 5869, 'response_id': 'chatcmpl-CYv26E19wWKxWpR4oqaDfifircfrb'}, {'model': 'default', 'prompt_tokens': 5990, 'completion_tokens': 18, 'cache_read_tokens': 5760, 'cache_write_tokens': 0, 'context_window': 128000, 'per_turn_token': 6008, 'response_id': 'chatcmpl-CYv3GHz59WNUNI8v2B904QfIM0Y1h'}, {'model': 'default', 'prompt_tokens': 9348, 'completion_tokens': 22, 'cache_read_tokens': 4864, 'cache_write_tokens': 0, 'context_window': 128000, 'per_turn_token': 9370, 'response_id': 'chatcmpl-CYv4K6xPi0HU20D6GB7BLIlHbw8N7'}, {'model': 'default', 'prompt_tokens': 9408, 'completion_tokens': 21, 'cache_read_tokens': 5632, 'cache_write_tokens': 0, 'context_window': 128000, 'per_turn_token': 9429, 'response_id': 'chatcmpl-CYv4Mte0ndMqyLclcYw2wAJmabOER'}, {'model': 'default', 'prompt_tokens': 9521, 'completion_tokens': 26, 'cache_read_tokens': 9344, 'cache_write_tokens': 0, 'context_window': 128000, 'per_turn_token': 9547, 'response_id': 'chatcmpl-CYv4OMdUtLkuTRUHN3wYnoSnai7rS'}, {'model': 'default', 'prompt_tokens': 10516, 'completion_tokens': 1545, 'cache_read_tokens': 9472, 'cache_write_tokens': 0, 'context_window': 128000, 'per_turn_token': 12061, 'response_id': 'chatcmpl-CYv4P4VRECIZnmOugRXMM6SMZlpBI'}, {'model': 'default', 'prompt_tokens': 13093, 'completion_tokens': 60, 'cache_read_tokens': 12032, 'cache_write_tokens': 0, 'context_window': 128000, 'per_turn_token': 13153, 'response_id': 'chatcmpl-CYv4c0LKCyRKBHmuvLufQ1NcQBp4v'}, {'model': 'default', 'prompt_tokens': 13223, 'completion_tokens': 25, 'cache_read_tokens': 13056, 'cache_write_tokens': 0, 'context_window': 128000, 'per_turn_token': 13248, 'response_id': 'chatcmpl-CYv4eVz3S1fCFfagjk2kgBwcRpfx5'}, {'model': 'default', 'prompt_tokens': 20725, 'completion_tokens': 218, 'cache_read_tokens': 13184, 'cache_write_tokens': 0, 'context_window': 128000, 'per_turn_token': 20943, 'response_id': 'chatcmpl-CYv4fwVTZ1fEtwPsJN07JrXHCFYEj'}, {'model': 'default', 'prompt_tokens': 20997, 'completion_tokens': 235, 'cache_read_tokens': 20864, 'cache_write_tokens': 0, 'context_window': 128000, 'per_turn_token': 21232, 'response_id': 'chatcmpl-CYv4jXT6mabefL5SwiPVviKR6GPCK'}, {'model': 'default', 'prompt_tokens': 21286, 'completion_tokens': 235, 'cache_read_tokens': 21120, 'cache_write_tokens': 0, 'context_window': 128000, 'per_turn_token': 21521, 'response_id': 'chatcmpl-CYv4m6cdg0FlGjGiY6iJHJQJ1f0WI'}, {'model': 'default', 'prompt_tokens': 21575, 'completion_tokens': 235, 'cache_read_tokens': 21504, 'cache_write_tokens': 0, 'context_window': 128000, 'per_turn_token': 21810, 'response_id': 'chatcmpl-CYv4pcgO0WtP9MgyUqsyONwNYjFh7'}, {'model': 'default', 'prompt_tokens': 5020, 'completion_tokens': 24, 'cache_read_tokens': 2816, 'cache_write_tokens': 0, 'context_window': 128000, 'per_turn_token': 5044, 'response_id': 'chatcmpl-CYv4s4BXrDzu4MeO7JgsKP34ycPdF'}, {'model': 'default', 'prompt_tokens': 5100, 'completion_tokens': 31, 'cache_read_tokens': 4992, 'cache_write_tokens': 0, 'context_window': 128000, 'per_turn_token': 5131, 'response_id': 'chatcmpl-CYv4uME0783uZnUDdkXi3FwI8payZ'}, {'model': 'default', 'prompt_tokens': 5173, 'completion_tokens': 24, 'cache_read_tokens': 5120, 'cache_write_tokens': 0, 'context_window': 128000, 'per_turn_token': 5197, 'response_id': 'chatcmpl-CYv4veCBooUmO1ePlVFWbUuzYqjxb'}, {'model': 'default', 'prompt_tokens': 10974, 'completion_tokens': 17, 'cache_read_tokens': 5120, 'cache_write_tokens': 0, 'context_window': 128000, 'per_turn_token': 10991, 'response_id': 'chatcmpl-CYv4x1nLxShoVLsQfQ1rmyQ9mBZmR'}, {'model': 'default', 'prompt_tokens': 11112, 'completion_tokens': 16, 'cache_read_tokens': 10880, 'cache_write_tokens': 0, 'context_window': 128000, 'per_turn_token': 11128, 'response_id': 'chatcmpl-CYv6A4CRQxDyVH4TpU0ofIaYgC4NO'}, {'model': 'default', 'prompt_tokens': 11251, 'completion_tokens': 21, 'cache_read_tokens': 11008, 'cache_write_tokens': 0, 'context_window': 128000, 'per_turn_token': 11272, 'response_id': 'chatcmpl-CYv6BS4kqk7VVGLXyCEAZOoE8pmg0'}, {'model': 'default', 'prompt_tokens': 11351, 'completion_tokens': 105, 'cache_read_tokens': 11264, 'cache_write_tokens': 0, 'context_window': 128000, 'per_turn_token': 11456, 'response_id': 'chatcmpl-CYv6Db4O2qzVDsESbsZsbSpHOabJw'}, {'model': 'default', 'prompt_tokens': 11469, 'completion_tokens': 25, 'cache_read_tokens': 11392, 'cache_write_tokens': 0, 'context_window': 128000, 'per_turn_token': 11494, 'response_id': 'chatcmpl-CYv6Hau0Q9luoUVWzicGeon0e7qQ1'}, {'model': 'default', 'prompt_tokens': 11822, 'completion_tokens': 92, 'cache_read_tokens': 11392, 'cache_write_tokens': 0, 'context_window': 128000, 'per_turn_token': 11914, 'response_id': 'chatcmpl-CYv6QzLmBxw6PcbJr1I1QupEyJQYt'}, {'model': 'default', 'prompt_tokens': 11927, 'completion_tokens': 28, 'cache_read_tokens': 11904, 'cache_write_tokens': 0, 'context_window': 128000, 'per_turn_token': 11955, 'response_id': 'chatcmpl-CYv6UEJied8gWQsdtQnpXLkdSRhaM'}, {'model': 'default', 'prompt_tokens': 18039, 'completion_tokens': 119, 'cache_read_tokens': 11904, 'cache_write_tokens': 0, 'context_window': 128000, 'per_turn_token': 18158, 'response_id': 'chatcmpl-CYv6W6kHgZhM08klxuFT2VlVAxXid'}, {'model': 'default', 'prompt_tokens': 18171, 'completion_tokens': 55, 'cache_read_tokens': 18048, 'cache_write_tokens': 0, 'context_window': 128000, 'per_turn_token': 18226, 'response_id': 'chatcmpl-CYv6atrRoKPfNavcEOQzJ1fpez2Yd'}, {'model': 'default', 'prompt_tokens': 18324, 'completion_tokens': 59, 'cache_read_tokens': 18176, 'cache_write_tokens': 0, 'context_window': 128000, 'per_turn_token': 18383, 'response_id': 'chatcmpl-CYv6eBnyWfMvj88N4uKd93950pgpy'}, {'model': 'default', 'prompt_tokens': 20793, 'completion_tokens': 74, 'cache_read_tokens': 18304, 'cache_write_tokens': 0, 'context_window': 128000, 'per_turn_token': 20867, 'response_id': 'chatcmpl-CYv6uWwr7fVB7G5CLpSglgWkhBYXy'}, {'model': 'default', 'prompt_tokens': 20886, 'completion_tokens': 17, 'cache_read_tokens': 20864, 'cache_write_tokens': 0, 'context_window': 128000, 'per_turn_token': 20903, 'response_id': 'chatcmpl-CYv6wtB1xwaH2ETPgmwkb44W0gA19'}, {'model': 'default', 'prompt_tokens': 29654, 'completion_tokens': 24, 'cache_read_tokens': 20864, 'cache_write_tokens': 0, 'context_window': 128000, 'per_turn_token': 29678, 'response_id': 'chatcmpl-CYv9etyRycgrmMESY8R4hxH96ijnR'}, {'model': 'default', 'prompt_tokens': 30733, 'completion_tokens': 117, 'cache_read_tokens': 29568, 'cache_write_tokens': 0, 'context_window': 128000, 'per_turn_token': 30850, 'response_id': 'chatcmpl-CYv9gEgfMpyKasNfHWfuC3IuFf6oh'}, {'model': 'default', 'prompt_tokens': 31079, 'completion_tokens': 17, 'cache_read_tokens': 30848, 'cache_write_tokens': 0, 'context_window': 128000, 'per_turn_token': 31096, 'response_id': 'chatcmpl-CYv9k7jm85sHGoInUm5jUHb06bksl'}, {'model': 'default', 'prompt_tokens': 32815, 'completion_tokens': 179, 'cache_read_tokens': 30976, 'cache_write_tokens': 0, 'context_window': 128000, 'per_turn_token': 32994, 'response_id': 'chatcmpl-CYv9mjt45r6PyGawA5GH32p9zKf29'}, {'model': 'default', 'prompt_tokens': 33048, 'completion_tokens': 133, 'cache_read_tokens': 32896, 'cache_write_tokens': 0, 'context_window': 128000, 'per_turn_token': 33181, 'response_id': 'chatcmpl-CYv9tN0Ha0UcNMAI9xYBOUAInsmbZ'}, {'model': 'default', 'prompt_tokens': 33235, 'completion_tokens': 165, 'cache_read_tokens': 33152, 'cache_write_tokens': 0, 'context_window': 128000, 'per_turn_token': 33400, 'response_id': 'chatcmpl-CYv9zFytToR8J5l9Zh7fli22FldJP'}, {'model': 'default', 'prompt_tokens': 33454, 'completion_tokens': 165, 'cache_read_tokens': 33280, 'cache_write_tokens': 0, 'context_window': 128000, 'per_turn_token': 33619, 'response_id': 'chatcmpl-CYvA4WUb5N3L1GBi0N6ndJZLRi12k'}, {'model': 'default', 'prompt_tokens': 33337, 'completion_tokens': 165, 'cache_read_tokens': 2816, 'cache_write_tokens': 0, 'context_window': 128000, 'per_turn_token': 33502, 'response_id': 'chatcmpl-CYvA8o2J064ubonyEjx7FBKjIOkiQ'}]}
2025-11-06 09:22:05,291 - INFO - [Agent Controller fc8781dd-eb62-49-273bcb393a94f46-delegate] Setting agent(ExploiterAgent) state from AgentState.ERROR to AgentState.STOPPED
2025-11-06 09:22:05,314 - INFO - Detected AgentDelegateObservation for ExploiterAgent.
2025-11-06 09:22:05,314 - INFO - Processing completion of delegate agent: ExploiterAgent
2025-11-06 09:22:05,314 - INFO - Task completion status for ExploiterAgent: False
2025-11-06 09:22:05,314 - INFO - Task not completed by ExploiterAgent, retry 1/1...
2025-11-06 09:22:05,338 - INFO - Passing builder outputs to ExploiterAgent: []
2025-11-06 09:22:05,363 - INFO - Issuing delegation to ExploiterAgent
2025-11-06 09:22:05,454 - INFO - AgentController fc8781dd-eb62-49-273bcb393a94f46-delegate initializing history from event 172
2025-11-06 09:22:05,464 - INFO - [Agent Controller fc8781dd-eb62-49-273bcb393a94f46-delegate] Setting agent(ExploiterAgent) state from AgentState.LOADING to AgentState.RUNNING
2025-11-06 09:22:05,484 - INFO - Microagent 'github' triggered by keyword 'github'
2025-11-06 09:22:05,484 - INFO - Microagent 'gitlab' triggered by keyword 'git'
2025-11-06 09:22:05,484 - INFO - Microagent 'security' triggered by keyword 'security'
2025-11-06 09:23:36,175 - INFO - [Agent Controller fc8781dd-eb62-49-273bcb393a94f46-delegate] Pending action active for 86.11s: CmdRunAction (id=181)
2025-11-06 09:23:36,196 - INFO - [Agent Controller fc8781dd-eb62-49-273bcb393a94f46-delegate] Pending action active for 86.13s: CmdRunAction (id=181)
2025-11-06 09:26:38,188 - INFO - [Agent Controller fc8781dd-eb62-49-273bcb393a94f46-delegate] Pending action active for 180.63s: CmdRunAction (id=183)
2025-11-06 09:26:38,189 - INFO - [Agent Controller fc8781dd-eb62-49-273bcb393a94f46-delegate] Pending action active for 180.63s: CmdRunAction (id=183)
2025-11-06 09:29:38,382 - INFO - [Agent Controller fc8781dd-eb62-49-273bcb393a94f46-delegate] Pending action active for 87.53s: CmdRunAction (id=205)
2025-11-06 09:29:38,383 - INFO - [Agent Controller fc8781dd-eb62-49-273bcb393a94f46-delegate] Pending action active for 87.53s: CmdRunAction (id=205)
2025-11-06 09:31:45,269 - INFO - [Agent Controller fc8781dd-eb62-49-273bcb393a94f46-delegate] Pending action active for 125.15s: CmdRunAction (id=207)
2025-11-06 09:31:45,270 - INFO - [Agent Controller fc8781dd-eb62-49-273bcb393a94f46-delegate] Pending action active for 125.15s: CmdRunAction (id=207)
2025-11-06 09:31:58,486 - INFO - [Agent Controller fc8781dd-eb62-49-273bcb393a94f46-delegate] Setting agent(ExploiterAgent) state from AgentState.RUNNING to AgentState.AWAITING_USER_INPUT
2025-11-06 09:31:58,493 - INFO - [Agent Controller fc8781dd-eb62-49-273bcb393a94f46-delegate] Setting agent(ExploiterAgent) state from AgentState.AWAITING_USER_INPUT to AgentState.RUNNING
2025-11-06 09:32:02,503 - INFO - [Agent Controller fc8781dd-eb62-49-273bcb393a94f46-delegate] Setting agent(ExploiterAgent) state from AgentState.RUNNING to AgentState.AWAITING_USER_INPUT
2025-11-06 09:32:02,505 - INFO - [Agent Controller fc8781dd-eb62-49-273bcb393a94f46-delegate] Setting agent(ExploiterAgent) state from AgentState.AWAITING_USER_INPUT to AgentState.RUNNING
2025-11-06 09:32:05,492 - INFO - [Agent Controller fc8781dd-eb62-49-273bcb393a94f46-delegate] Setting agent(ExploiterAgent) state from AgentState.RUNNING to AgentState.AWAITING_USER_INPUT
2025-11-06 09:32:05,497 - INFO - [Agent Controller fc8781dd-eb62-49-273bcb393a94f46-delegate] Setting agent(ExploiterAgent) state from AgentState.AWAITING_USER_INPUT to AgentState.RUNNING
2025-11-06 09:32:08,662 - INFO - [Agent Controller fc8781dd-eb62-49-273bcb393a94f46-delegate] Setting agent(ExploiterAgent) state from AgentState.RUNNING to AgentState.AWAITING_USER_INPUT
2025-11-06 09:32:08,668 - INFO - [Agent Controller fc8781dd-eb62-49-273bcb393a94f46-delegate] Setting agent(ExploiterAgent) state from AgentState.AWAITING_USER_INPUT to AgentState.RUNNING
2025-11-06 09:32:08,671 - WARNING - Repeated MessageAction with source=AGENT detected
2025-11-06 09:32:08,671 - INFO - [Agent Controller fc8781dd-eb62-49-273bcb393a94f46-delegate] Setting agent(ExploiterAgent) state from AgentState.RUNNING to AgentState.ERROR
2025-11-06 09:32:08,673 - INFO - Local metrics for delegate: Metrics({'accumulated_cost': 1.6524149999999997, 'max_budget_per_task': None, 'accumulated_token_usage': {'model': 'default', 'prompt_tokens': 1131038, 'completion_tokens': 6738, 'cache_read_tokens': 994048, 'cache_write_tokens': 0, 'context_window': 128000, 'per_turn_token': 28820, 'response_id': ''}, 'costs': [{'model': 'default', 'cost': 0.0122975, 'timestamp': 1762438062.616817}, {'model': 'default', 'cost': 0.007560000000000001, 'timestamp': 1762438064.414977}, {'model': 'default', 'cost': 0.007595, 'timestamp': 1762438126.8051682}, {'model': 'default', 'cost': 0.00786, 'timestamp': 1762438187.889676}, {'model': 'default', 'cost': 0.008060000000000001, 'timestamp': 1762438188.9928021}, {'model': 'default', 'cost': 0.008810000000000002, 'timestamp': 1762438191.81817}, {'model': 'default', 'cost': 0.00825, 'timestamp': 1762438192.9790342}, {'model': 'default', 'cost': 0.008230000000000001, 'timestamp': 1762438193.960587}, {'model': 'default', 'cost': 0.014002500000000001, 'timestamp': 1762438195.713147}, {'model': 'default', 'cost': 0.0139325, 'timestamp': 1762438203.501504}, {'model': 'default', 'cost': 0.0108275, 'timestamp': 1762438204.6174028}, {'model': 'default', 'cost': 0.025557500000000004, 'timestamp': 1762438330.7139132}, {'model': 'default', 'cost': 0.025732500000000002, 'timestamp': 1762438411.08041}, {'model': 'default', 'cost': 0.021387500000000004, 'timestamp': 1762438415.3960488}, {'model': 'default', 'cost': 0.0424925, 'timestamp': 1762438420.204861}, {'model': 'default', 'cost': 0.0086175, 'timestamp': 1762438421.2867231}, {'model': 'default', 'cost': 0.008570000000000001, 'timestamp': 1762438422.020375}, {'model': 'default', 'cost': 0.007660000000000001, 'timestamp': 1762438422.684017}, {'model': 'default', 'cost': 0.007955, 'timestamp': 1762438494.462469}, {'model': 'default', 'cost': 0.01751, 'timestamp': 1762438562.273704}, {'model': 'default', 'cost': 0.01669, 'timestamp': 1762438563.4735382}, {'model': 'default', 'cost': 0.012382500000000001, 'timestamp': 1762438565.079354}, {'model': 'default', 'cost': 0.029900000000000003, 'timestamp': 1762438577.275599}, {'model': 'default', 'cost': 0.0182925, 'timestamp': 1762438579.210142}, {'model': 'default', 'cost': 0.016987500000000003, 'timestamp': 1762438580.7037172}, {'model': 'default', 'cost': 0.037512500000000004, 'timestamp': 1762438585.3497338}, {'model': 'default', 'cost': 0.028762500000000003, 'timestamp': 1762438588.4171169}, {'model': 'default', 'cost': 0.029165000000000003, 'timestamp': 1762438590.462858}, {'model': 'default', 'cost': 0.029407500000000003, 'timestamp': 1762438594.374424}, {'model': 'default', 'cost': 0.00927, 'timestamp': 1762438595.798}, {'model': 'default', 'cost': 0.006820000000000001, 'timestamp': 1762438597.514951}, {'model': 'default', 'cost': 0.0067725, 'timestamp': 1762438598.496126}, {'model': 'default', 'cost': 0.021205, 'timestamp': 1762438600.309228}, {'model': 'default', 'cost': 0.014340000000000002, 'timestamp': 1762438674.893003}, {'model': 'default', 'cost': 0.014577500000000002, 'timestamp': 1762438676.823252}, {'model': 'default', 'cost': 0.015347500000000002, 'timestamp': 1762438680.846498}, {'model': 'default', 'cost': 0.014682500000000001, 'timestamp': 1762438683.315985}, {'model': 'default', 'cost': 0.016235, 'timestamp': 1762438694.1548228}, {'model': 'default', 'cost': 0.015217500000000002, 'timestamp': 1762438695.354163}, {'model': 'default', 'cost': 0.031407500000000005, 'timestamp': 1762438700.4078112}, {'model': 'default', 'cost': 0.023417499999999997, 'timestamp': 1762438702.806238}, {'model': 'default', 'cost': 0.02368, 'timestamp': 1762438706.3397918}, {'model': 'default', 'cost': 0.029842500000000004, 'timestamp': 1762438722.179053}, {'model': 'default', 'cost': 0.026305000000000002, 'timestamp': 1762438724.758421}, {'model': 'default', 'cost': 0.048295, 'timestamp': 1762438892.114291}, {'model': 'default', 'cost': 0.041042499999999996, 'timestamp': 1762438895.398693}, {'model': 'default', 'cost': 0.03930750000000001, 'timestamp': 1762438896.95278}, {'model': 'default', 'cost': 0.0451075, 'timestamp': 1762438904.6596649}, {'model': 'default', 'cost': 0.04283, 'timestamp': 1762438910.630375}, {'model': 'default', 'cost': 0.0432975, 'timestamp': 1762438915.4555929}, {'model': 'default', 'cost': 0.043685, 'timestamp': 1762438919.832503}, {'model': 'default', 'cost': 0.0814725, 'timestamp': 1762438925.20017}, {'model': 'default', 'cost': 0.00927, 'timestamp': 1762438926.6430569}, {'model': 'default', 'cost': 0.007000000000000001, 'timestamp': 1762438928.201919}, {'model': 'default', 'cost': 0.007045000000000001, 'timestamp': 1762438930.0673559}, {'model': 'default', 'cost': 0.00708, 'timestamp': 1762439017.547743}, {'model': 'default', 'cost': 0.0291275, 'timestamp': 1762439200.597527}, {'model': 'default', 'cost': 0.018287499999999998, 'timestamp': 1762439203.241787}, {'model': 'default', 'cost': 0.019307500000000002, 'timestamp': 1762439211.401393}, {'model': 'default', 'cost': 0.018415, 'timestamp': 1762439214.104937}, {'model': 'default', 'cost': 0.01965, 'timestamp': 1762439229.348156}, {'model': 'default', 'cost': 0.018922500000000005, 'timestamp': 1762439230.696678}, {'model': 'default', 'cost': 0.0211525, 'timestamp': 1762439283.3544168}, {'model': 'default', 'cost': 0.020135000000000004, 'timestamp': 1762439284.873069}, {'model': 'default', 'cost': 0.020577500000000002, 'timestamp': 1762439286.677325}, {'model': 'default', 'cost': 0.0206, 'timestamp': 1762439289.1530209}, {'model': 'default', 'cost': 0.02061, 'timestamp': 1762439290.845448}, {'model': 'default', 'cost': 0.020805, 'timestamp': 1762439380.113003}, {'model': 'default', 'cost': 0.042682500000000005, 'timestamp': 1762439506.996098}, {'model': 'default', 'cost': 0.034390000000000004, 'timestamp': 1762439508.411993}, {'model': 'default', 'cost': 0.039332500000000006, 'timestamp': 1762439518.477056}, {'model': 'default', 'cost': 0.036972500000000005, 'timestamp': 1762439522.499535}, {'model': 'default', 'cost': 0.037340000000000005, 'timestamp': 1762439525.474549}, {'model': 'default', 'cost': 0.037547500000000004, 'timestamp': 1762439528.658516}], 'response_latencies': [{'model': 'default', 'latency': 1.4877240657806396, 'response_id': 'chatcmpl-CYuwH80Vk84dNghGE1XBcRTW5ilRe'}, {'model': 'default', 'latency': 0.9797520637512207, 'response_id': 'chatcmpl-CYuwJUxsLO8LhI3JMxZK3IbZcbBef'}, {'model': 'default', 'latency': 1.0376701354980469, 'response_id': 'chatcmpl-CYuxKVf8ezcOi0XqE29LN1OCItrmg'}, {'model': 'default', 'latency': 0.8568370342254639, 'response_id': 'chatcmpl-CYuyJIjJj18PCOxLijdAPcZAtNifR'}, {'model': 'default', 'latency': 1.0572538375854492, 'response_id': 'chatcmpl-CYuyK7h4MdMnyQ9408ONWG5D7y74y'}, {'model': 'default', 'latency': 2.181335210800171, 'response_id': 'chatcmpl-CYuyMSSitHLtacqRm383NUioxVtyV'}, {'model': 'default', 'latency': 1.1499600410461426, 'response_id': 'chatcmpl-CYuyOvl3PeuK5VokixST2uguv7PkG'}, {'model': 'default', 'latency': 0.9517643451690674, 'response_id': 'chatcmpl-CYuyPnNQIuDLUrrBkfQpEAewOx96Y'}, {'model': 'default', 'latency': 1.1107890605926514, 'response_id': 'chatcmpl-CYuyQGRu3qQX0iIzp942XOgg0etYf'}, {'model': 'default', 'latency': 7.744385004043579, 'response_id': 'chatcmpl-CYuySIzUmiFscDWb6hmi3vgMuEKFn'}, {'model': 'default', 'latency': 0.9097421169281006, 'response_id': 'chatcmpl-CYuyaVhuneO7ew5ML6u9HF23GNsq7'}, {'model': 'default', 'latency': 1.76214599609375, 'response_id': 'chatcmpl-CYv0cXqTnFDqqEq2yT3XRq21Pxkqi'}, {'model': 'default', 'latency': 1.2924528121948242, 'response_id': 'chatcmpl-CYv1uny8mGv0knDPSBj45uoquNGdP'}, {'model': 'default', 'latency': 1.2070801258087158, 'response_id': 'chatcmpl-CYv1yi2ewsN2jtQlxS0xVJyZJJPHn'}, {'model': 'default', 'latency': 4.587766170501709, 'response_id': 'chatcmpl-CYv20HBkgk04h62jB69rxhPaKwjGH'}, {'model': 'default', 'latency': 1.035804271697998, 'response_id': 'chatcmpl-CYv24JhSLD40J4OZNiOWhXxCiUs2S'}, {'model': 'default', 'latency': 0.7055418491363525, 'response_id': 'chatcmpl-CYv25ZoBl94gZGmiS83gfZXuaKkxi'}, {'model': 'default', 'latency': 0.6521220207214355, 'response_id': 'chatcmpl-CYv26E19wWKxWpR4oqaDfifircfrb'}, {'model': 'default', 'latency': 0.8906722068786621, 'response_id': 'chatcmpl-CYv3GHz59WNUNI8v2B904QfIM0Y1h'}, {'model': 'default', 'latency': 2.578881025314331, 'response_id': 'chatcmpl-CYv4K6xPi0HU20D6GB7BLIlHbw8N7'}, {'model': 'default', 'latency': 1.0962193012237549, 'response_id': 'chatcmpl-CYv4Mte0ndMqyLclcYw2wAJmabOER'}, {'model': 'default', 'latency': 0.8579730987548828, 'response_id': 'chatcmpl-CYv4OMdUtLkuTRUHN3wYnoSnai7rS'}, {'model': 'default', 'latency': 12.181931972503662, 'response_id': 'chatcmpl-CYv4P4VRECIZnmOugRXMM6SMZlpBI'}, {'model': 'default', 'latency': 1.2988789081573486, 'response_id': 'chatcmpl-CYv4c0LKCyRKBHmuvLufQ1NcQBp4v'}, {'model': 'default', 'latency': 0.770183801651001, 'response_id': 'chatcmpl-CYv4eVz3S1fCFfagjk2kgBwcRpfx5'}, {'model': 'default', 'latency': 4.53344988822937, 'response_id': 'chatcmpl-CYv4fwVTZ1fEtwPsJN07JrXHCFYEj'}, {'model': 'default', 'latency': 3.0527279376983643, 'response_id': 'chatcmpl-CYv4jXT6mabefL5SwiPVviKR6GPCK'}, {'model': 'default', 'latency': 2.0310919284820557, 'response_id': 'chatcmpl-CYv4m6cdg0FlGjGiY6iJHJQJ1f0WI'}, {'model': 'default', 'latency': 3.9016668796539307, 'response_id': 'chatcmpl-CYv4pcgO0WtP9MgyUqsyONwNYjFh7'}, {'model': 'default', 'latency': 1.2540290355682373, 'response_id': 'chatcmpl-CYv4s4BXrDzu4MeO7JgsKP34ycPdF'}, {'model': 'default', 'latency': 1.5229220390319824, 'response_id': 'chatcmpl-CYv4uME0783uZnUDdkXi3FwI8payZ'}, {'model': 'default', 'latency': 0.954287052154541, 'response_id': 'chatcmpl-CYv4veCBooUmO1ePlVFWbUuzYqjxb'}, {'model': 'default', 'latency': 1.6850879192352295, 'response_id': 'chatcmpl-CYv4x1nLxShoVLsQfQ1rmyQ9mBZmR'}, {'model': 'default', 'latency': 1.4722900390625, 'response_id': 'chatcmpl-CYv6A4CRQxDyVH4TpU0ofIaYgC4NO'}, {'model': 'default', 'latency': 1.7982079982757568, 'response_id': 'chatcmpl-CYv6BS4kqk7VVGLXyCEAZOoE8pmg0'}, {'model': 'default', 'latency': 3.337597131729126, 'response_id': 'chatcmpl-CYv6Db4O2qzVDsESbsZsbSpHOabJw'}, {'model': 'default', 'latency': 2.4638710021972656, 'response_id': 'chatcmpl-CYv6Hau0Q9luoUVWzicGeon0e7qQ1'}, {'model': 'default', 'latency': 3.9428389072418213, 'response_id': 'chatcmpl-CYv6QzLmBxw6PcbJr1I1QupEyJQYt'}, {'model': 'default', 'latency': 1.190006971359253, 'response_id': 'chatcmpl-CYv6UEJied8gWQsdtQnpXLkdSRhaM'}, {'model': 'default', 'latency': 4.410914182662964, 'response_id': 'chatcmpl-CYv6W6kHgZhM08klxuFT2VlVAxXid'}, {'model': 'default', 'latency': 2.3404030799865723, 'response_id': 'chatcmpl-CYv6atrRoKPfNavcEOQzJ1fpez2Yd'}, {'model': 'default', 'latency': 2.342021942138672, 'response_id': 'chatcmpl-CYv6eBnyWfMvj88N4uKd93950pgpy'}, {'model': 'default', 'latency': 2.4409117698669434, 'response_id': 'chatcmpl-CYv6uWwr7fVB7G5CLpSglgWkhBYXy'}, {'model': 'default', 'latency': 2.549870014190674, 'response_id': 'chatcmpl-CYv6wtB1xwaH2ETPgmwkb44W0gA19'}, {'model': 'default', 'latency': 1.9253549575805664, 'response_id': 'chatcmpl-CYv9etyRycgrmMESY8R4hxH96ijnR'}, {'model': 'default', 'latency': 3.212292194366455, 'response_id': 'chatcmpl-CYv9gEgfMpyKasNfHWfuC3IuFf6oh'}, {'model': 'default', 'latency': 1.3259656429290771, 'response_id': 'chatcmpl-CYv9k7jm85sHGoInUm5jUHb06bksl'}, {'model': 'default', 'latency': 6.300365209579468, 'response_id': 'chatcmpl-CYv9mjt45r6PyGawA5GH32p9zKf29'}, {'model': 'default', 'latency': 5.943106174468994, 'response_id': 'chatcmpl-CYv9tN0Ha0UcNMAI9xYBOUAInsmbZ'}, {'model': 'default', 'latency': 4.675338983535767, 'response_id': 'chatcmpl-CYv9zFytToR8J5l9Zh7fli22FldJP'}, {'model': 'default', 'latency': 4.269239187240601, 'response_id': 'chatcmpl-CYvA4WUb5N3L1GBi0N6ndJZLRi12k'}, {'model': 'default', 'latency': 5.355211019515991, 'response_id': 'chatcmpl-CYvA8o2J064ubonyEjx7FBKjIOkiQ'}, {'model': 'default', 'latency': 1.1535701751708984, 'response_id': 'chatcmpl-CYvAEyot18709cai4b0wOzBCKdpOR'}, {'model': 'default', 'latency': 1.3093969821929932, 'response_id': 'chatcmpl-CYvAFRvFl6Fbrqr4TPJ14D9wF8m1E'}, {'model': 'default', 'latency': 0.9137420654296875, 'response_id': 'chatcmpl-CYvAHK4s8M1CX0lrfy9TrKVugAMck'}, {'model': 'default', 'latency': 1.3476860523223877, 'response_id': 'chatcmpl-CYvBgGJshZkvMRF7LuMHg7Nifu5Lw'}, {'model': 'default', 'latency': 2.395261764526367, 'response_id': 'chatcmpl-CYvEc1XNAkGnfehkM9kifM3kWX7zf'}, {'model': 'default', 'latency': 1.6673359870910645, 'response_id': 'chatcmpl-CYvEfPG84utSeiS5mGanxxO7bEIAo'}, {'model': 'default', 'latency': 5.32422399520874, 'response_id': 'chatcmpl-CYvEk1lEgC4MmATwjg0FZ7yxnuAYs'}, {'model': 'default', 'latency': 2.4982361793518066, 'response_id': 'chatcmpl-CYvEqCVNNbNMrcWnZyasDghtOzVUr'}, {'model': 'default', 'latency': 5.372321844100952, 'response_id': 'chatcmpl-CYvF2J43Zxjn0y2fxzPpv4NM6PUnL'}, {'model': 'default', 'latency': 1.2635600566864014, 'response_id': 'chatcmpl-CYvF8C8fvjKKoHcdxjGq63PATaqhd'}, {'model': 'default', 'latency': 1.286466121673584, 'response_id': 'chatcmpl-CYvFy3kInJ7CKkvIqUOBalRTC6bCE'}, {'model': 'default', 'latency': 1.4800879955291748, 'response_id': 'chatcmpl-CYvG0IPOwX4tSaTFTmmePIn2caygK'}, {'model': 'default', 'latency': 1.6232500076293945, 'response_id': 'chatcmpl-CYvG1r7s5gwTjPatLr65cZsXqReZK'}, {'model': 'default', 'latency': 2.3311209678649902, 'response_id': 'chatcmpl-CYvG30cIau2gSmB7gXCr1Sen7o5dH'}, {'model': 'default', 'latency': 1.3684210777282715, 'response_id': 'chatcmpl-CYvG50vAA1TYckC59In9JNBFmOu5j'}, {'model': 'default', 'latency': 1.7217881679534912, 'response_id': 'chatcmpl-CYvHWuTVM90wmVI673rjGoWxTNtzc'}, {'model': 'default', 'latency': 1.7203688621520996, 'response_id': 'chatcmpl-CYvJZZYhKSQ6A8A4Sg3xCm7UVfuja'}, {'model': 'default', 'latency': 1.375326156616211, 'response_id': 'chatcmpl-CYvJbFpvn2FRfIpxlgBAIZm8OZUUE'}, {'model': 'default', 'latency': 9.40885305404663, 'response_id': 'chatcmpl-CYvJdb8Kwx1SEgoPgNA3A28Q66Php'}, {'model': 'default', 'latency': 3.9998409748077393, 'response_id': 'chatcmpl-CYvJmZP3bjhyCINxvEdApkoDwcupX'}, {'model': 'default', 'latency': 2.961210012435913, 'response_id': 'chatcmpl-CYvJrysoaDMI4K1k82h2nuyqRNmHA'}, {'model': 'default', 'latency': 3.1518070697784424, 'response_id': 'chatcmpl-CYvJt48e2ByWCVdWUk4dDmqeARmdl'}], 'token_usages': [{'model': 'default', 'prompt_tokens': 5667, 'completion_tokens': 53, 'cache_read_tokens': 1920, 'cache_write_tokens': 0, 'context_window': 128000, 'per_turn_token': 5720, 'response_id': 'chatcmpl-CYuwH80Vk84dNghGE1XBcRTW5ilRe'}, {'model': 'default', 'prompt_tokens': 5740, 'completion_tokens': 25, 'cache_read_tokens': 5632, 'cache_write_tokens': 0, 'context_window': 128000, 'per_turn_token': 5765, 'response_id': 'chatcmpl-CYuwJUxsLO8LhI3JMxZK3IbZcbBef'}, {'model': 'default', 'prompt_tokens': 5846, 'completion_tokens': 18, 'cache_read_tokens': 5760, 'cache_write_tokens': 0, 'context_window': 128000, 'per_turn_token': 5864, 'response_id': 'chatcmpl-CYuxKVf8ezcOi0XqE29LN1OCItrmg'}, {'model': 'default', 'prompt_tokens': 5940, 'completion_tokens': 21, 'cache_read_tokens': 5760, 'cache_write_tokens': 0, 'context_window': 128000, 'per_turn_token': 5961, 'response_id': 'chatcmpl-CYuyJIjJj18PCOxLijdAPcZAtNifR'}, {'model': 'default', 'prompt_tokens': 6084, 'completion_tokens': 21, 'cache_read_tokens': 5888, 'cache_write_tokens': 0, 'context_window': 128000, 'per_turn_token': 6105, 'response_id': 'chatcmpl-CYuyK7h4MdMnyQ9408ONWG5D7y74y'}, {'model': 'default', 'prompt_tokens': 6184, 'completion_tokens': 87, 'cache_read_tokens': 6016, 'cache_write_tokens': 0, 'context_window': 128000, 'per_turn_token': 6271, 'response_id': 'chatcmpl-CYuyMSSitHLtacqRm383NUioxVtyV'}, {'model': 'default', 'prompt_tokens': 6284, 'completion_tokens': 22, 'cache_read_tokens': 6144, 'cache_write_tokens': 0, 'context_window': 128000, 'per_turn_token': 6306, 'response_id': 'chatcmpl-CYuyOvl3PeuK5VokixST2uguv7PkG'}, {'model': 'default', 'prompt_tokens': 6344, 'completion_tokens': 21, 'cache_read_tokens': 6272, 'cache_write_tokens': 0, 'context_window': 128000, 'per_turn_token': 6365, 'response_id': 'chatcmpl-CYuyPnNQIuDLUrrBkfQpEAewOx96Y'}, {'model': 'default', 'prompt_tokens': 6457, 'completion_tokens': 26, 'cache_read_tokens': 1920, 'cache_write_tokens': 0, 'context_window': 128000, 'per_turn_token': 6483, 'response_id': 'chatcmpl-CYuyQGRu3qQX0iIzp942XOgg0etYf'}, {'model': 'default', 'prompt_tokens': 7445, 'completion_tokens': 332, 'cache_read_tokens': 6400, 'cache_write_tokens': 0, 'context_window': 128000, 'per_turn_token': 7777, 'response_id': 'chatcmpl-CYuySIzUmiFscDWb6hmi3vgMuEKFn'}, {'model': 'default', 'prompt_tokens': 8007, 'completion_tokens': 25, 'cache_read_tokens': 7552, 'cache_write_tokens': 0, 'context_window': 128000, 'per_turn_token': 8032, 'response_id': 'chatcmpl-CYuyaVhuneO7ew5ML6u9HF23GNsq7'}, {'model': 'default', 'prompt_tokens': 13287, 'completion_tokens': 18, 'cache_read_tokens': 6272, 'cache_write_tokens': 0, 'context_window': 128000, 'per_turn_token': 13305, 'response_id': 'chatcmpl-CYv0cXqTnFDqqEq2yT3XRq21Pxkqi'}, {'model': 'default', 'prompt_tokens': 16645, 'completion_tokens': 60, 'cache_read_tokens': 13184, 'cache_write_tokens': 0, 'context_window': 128000, 'per_turn_token': 16705, 'response_id': 'chatcmpl-CYv1uny8mGv0knDPSBj45uoquNGdP'}, {'model': 'default', 'prompt_tokens': 16775, 'completion_tokens': 25, 'cache_read_tokens': 16640, 'cache_write_tokens': 0, 'context_window': 128000, 'per_turn_token': 16800, 'response_id': 'chatcmpl-CYv1yi2ewsN2jtQlxS0xVJyZJJPHn'}, {'model': 'default', 'prompt_tokens': 24277, 'completion_tokens': 276, 'cache_read_tokens': 16768, 'cache_write_tokens': 0, 'context_window': 128000, 'per_turn_token': 24553, 'response_id': 'chatcmpl-CYv20HBkgk04h62jB69rxhPaKwjGH'}, {'model': 'default', 'prompt_tokens': 5667, 'completion_tokens': 53, 'cache_read_tokens': 4864, 'cache_write_tokens': 0, 'context_window': 128000, 'per_turn_token': 5720, 'response_id': 'chatcmpl-CYv24JhSLD40J4OZNiOWhXxCiUs2S'}, {'model': 'default', 'prompt_tokens': 5764, 'completion_tokens': 24, 'cache_read_tokens': 4864, 'cache_write_tokens': 0, 'context_window': 128000, 'per_turn_token': 5788, 'response_id': 'chatcmpl-CYv25ZoBl94gZGmiS83gfZXuaKkxi'}, {'model': 'default', 'prompt_tokens': 5844, 'completion_tokens': 25, 'cache_read_tokens': 5760, 'cache_write_tokens': 0, 'context_window': 128000, 'per_turn_token': 5869, 'response_id': 'chatcmpl-CYv26E19wWKxWpR4oqaDfifircfrb'}, {'model': 'default', 'prompt_tokens': 5990, 'completion_tokens': 18, 'cache_read_tokens': 5760, 'cache_write_tokens': 0, 'context_window': 128000, 'per_turn_token': 6008, 'response_id': 'chatcmpl-CYv3GHz59WNUNI8v2B904QfIM0Y1h'}, {'model': 'default', 'prompt_tokens': 9348, 'completion_tokens': 22, 'cache_read_tokens': 4864, 'cache_write_tokens': 0, 'context_window': 128000, 'per_turn_token': 9370, 'response_id': 'chatcmpl-CYv4K6xPi0HU20D6GB7BLIlHbw8N7'}, {'model': 'default', 'prompt_tokens': 9408, 'completion_tokens': 21, 'cache_read_tokens': 5632, 'cache_write_tokens': 0, 'context_window': 128000, 'per_turn_token': 9429, 'response_id': 'chatcmpl-CYv4Mte0ndMqyLclcYw2wAJmabOER'}, {'model': 'default', 'prompt_tokens': 9521, 'completion_tokens': 26, 'cache_read_tokens': 9344, 'cache_write_tokens': 0, 'context_window': 128000, 'per_turn_token': 9547, 'response_id': 'chatcmpl-CYv4OMdUtLkuTRUHN3wYnoSnai7rS'}, {'model': 'default', 'prompt_tokens': 10516, 'completion_tokens': 1545, 'cache_read_tokens': 9472, 'cache_write_tokens': 0, 'context_window': 128000, 'per_turn_token': 12061, 'response_id': 'chatcmpl-CYv4P4VRECIZnmOugRXMM6SMZlpBI'}, {'model': 'default', 'prompt_tokens': 13093, 'completion_tokens': 60, 'cache_read_tokens': 12032, 'cache_write_tokens': 0, 'context_window': 128000, 'per_turn_token': 13153, 'response_id': 'chatcmpl-CYv4c0LKCyRKBHmuvLufQ1NcQBp4v'}, {'model': 'default', 'prompt_tokens': 13223, 'completion_tokens': 25, 'cache_read_tokens': 13056, 'cache_write_tokens': 0, 'context_window': 128000, 'per_turn_token': 13248, 'response_id': 'chatcmpl-CYv4eVz3S1fCFfagjk2kgBwcRpfx5'}, {'model': 'default', 'prompt_tokens': 20725, 'completion_tokens': 218, 'cache_read_tokens': 13184, 'cache_write_tokens': 0, 'context_window': 128000, 'per_turn_token': 20943, 'response_id': 'chatcmpl-CYv4fwVTZ1fEtwPsJN07JrXHCFYEj'}, {'model': 'default', 'prompt_tokens': 20997, 'completion_tokens': 235, 'cache_read_tokens': 20864, 'cache_write_tokens': 0, 'context_window': 128000, 'per_turn_token': 21232, 'response_id': 'chatcmpl-CYv4jXT6mabefL5SwiPVviKR6GPCK'}, {'model': 'default', 'prompt_tokens': 21286, 'completion_tokens': 235, 'cache_read_tokens': 21120, 'cache_write_tokens': 0, 'context_window': 128000, 'per_turn_token': 21521, 'response_id': 'chatcmpl-CYv4m6cdg0FlGjGiY6iJHJQJ1f0WI'}, {'model': 'default', 'prompt_tokens': 21575, 'completion_tokens': 235, 'cache_read_tokens': 21504, 'cache_write_tokens': 0, 'context_window': 128000, 'per_turn_token': 21810, 'response_id': 'chatcmpl-CYv4pcgO0WtP9MgyUqsyONwNYjFh7'}, {'model': 'default', 'prompt_tokens': 5020, 'completion_tokens': 24, 'cache_read_tokens': 2816, 'cache_write_tokens': 0, 'context_window': 128000, 'per_turn_token': 5044, 'response_id': 'chatcmpl-CYv4s4BXrDzu4MeO7JgsKP34ycPdF'}, {'model': 'default', 'prompt_tokens': 5100, 'completion_tokens': 31, 'cache_read_tokens': 4992, 'cache_write_tokens': 0, 'context_window': 128000, 'per_turn_token': 5131, 'response_id': 'chatcmpl-CYv4uME0783uZnUDdkXi3FwI8payZ'}, {'model': 'default', 'prompt_tokens': 5173, 'completion_tokens': 24, 'cache_read_tokens': 5120, 'cache_write_tokens': 0, 'context_window': 128000, 'per_turn_token': 5197, 'response_id': 'chatcmpl-CYv4veCBooUmO1ePlVFWbUuzYqjxb'}, {'model': 'default', 'prompt_tokens': 10974, 'completion_tokens': 17, 'cache_read_tokens': 5120, 'cache_write_tokens': 0, 'context_window': 128000, 'per_turn_token': 10991, 'response_id': 'chatcmpl-CYv4x1nLxShoVLsQfQ1rmyQ9mBZmR'}, {'model': 'default', 'prompt_tokens': 11112, 'completion_tokens': 16, 'cache_read_tokens': 10880, 'cache_write_tokens': 0, 'context_window': 128000, 'per_turn_token': 11128, 'response_id': 'chatcmpl-CYv6A4CRQxDyVH4TpU0ofIaYgC4NO'}, {'model': 'default', 'prompt_tokens': 11251, 'completion_tokens': 21, 'cache_read_tokens': 11008, 'cache_write_tokens': 0, 'context_window': 128000, 'per_turn_token': 11272, 'response_id': 'chatcmpl-CYv6BS4kqk7VVGLXyCEAZOoE8pmg0'}, {'model': 'default', 'prompt_tokens': 11351, 'completion_tokens': 105, 'cache_read_tokens': 11264, 'cache_write_tokens': 0, 'context_window': 128000, 'per_turn_token': 11456, 'response_id': 'chatcmpl-CYv6Db4O2qzVDsESbsZsbSpHOabJw'}, {'model': 'default', 'prompt_tokens': 11469, 'completion_tokens': 25, 'cache_read_tokens': 11392, 'cache_write_tokens': 0, 'context_window': 128000, 'per_turn_token': 11494, 'response_id': 'chatcmpl-CYv6Hau0Q9luoUVWzicGeon0e7qQ1'}, {'model': 'default', 'prompt_tokens': 11822, 'completion_tokens': 92, 'cache_read_tokens': 11392, 'cache_write_tokens': 0, 'context_window': 128000, 'per_turn_token': 11914, 'response_id': 'chatcmpl-CYv6QzLmBxw6PcbJr1I1QupEyJQYt'}, {'model': 'default', 'prompt_tokens': 11927, 'completion_tokens': 28, 'cache_read_tokens': 11904, 'cache_write_tokens': 0, 'context_window': 128000, 'per_turn_token': 11955, 'response_id': 'chatcmpl-CYv6UEJied8gWQsdtQnpXLkdSRhaM'}, {'model': 'default', 'prompt_tokens': 18039, 'completion_tokens': 119, 'cache_read_tokens': 11904, 'cache_write_tokens': 0, 'context_window': 128000, 'per_turn_token': 18158, 'response_id': 'chatcmpl-CYv6W6kHgZhM08klxuFT2VlVAxXid'}, {'model': 'default', 'prompt_tokens': 18171, 'completion_tokens': 55, 'cache_read_tokens': 18048, 'cache_write_tokens': 0, 'context_window': 128000, 'per_turn_token': 18226, 'response_id': 'chatcmpl-CYv6atrRoKPfNavcEOQzJ1fpez2Yd'}, {'model': 'default', 'prompt_tokens': 18324, 'completion_tokens': 59, 'cache_read_tokens': 18176, 'cache_write_tokens': 0, 'context_window': 128000, 'per_turn_token': 18383, 'response_id': 'chatcmpl-CYv6eBnyWfMvj88N4uKd93950pgpy'}, {'model': 'default', 'prompt_tokens': 20793, 'completion_tokens': 74, 'cache_read_tokens': 18304, 'cache_write_tokens': 0, 'context_window': 128000, 'per_turn_token': 20867, 'response_id': 'chatcmpl-CYv6uWwr7fVB7G5CLpSglgWkhBYXy'}, {'model': 'default', 'prompt_tokens': 20886, 'completion_tokens': 17, 'cache_read_tokens': 20864, 'cache_write_tokens': 0, 'context_window': 128000, 'per_turn_token': 20903, 'response_id': 'chatcmpl-CYv6wtB1xwaH2ETPgmwkb44W0gA19'}, {'model': 'default', 'prompt_tokens': 29654, 'completion_tokens': 24, 'cache_read_tokens': 20864, 'cache_write_tokens': 0, 'context_window': 128000, 'per_turn_token': 29678, 'response_id': 'chatcmpl-CYv9etyRycgrmMESY8R4hxH96ijnR'}, {'model': 'default', 'prompt_tokens': 30733, 'completion_tokens': 117, 'cache_read_tokens': 29568, 'cache_write_tokens': 0, 'context_window': 128000, 'per_turn_token': 30850, 'response_id': 'chatcmpl-CYv9gEgfMpyKasNfHWfuC3IuFf6oh'}, {'model': 'default', 'prompt_tokens': 31079, 'completion_tokens': 17, 'cache_read_tokens': 30848, 'cache_write_tokens': 0, 'context_window': 128000, 'per_turn_token': 31096, 'response_id': 'chatcmpl-CYv9k7jm85sHGoInUm5jUHb06bksl'}, {'model': 'default', 'prompt_tokens': 32815, 'completion_tokens': 179, 'cache_read_tokens': 30976, 'cache_write_tokens': 0, 'context_window': 128000, 'per_turn_token': 32994, 'response_id': 'chatcmpl-CYv9mjt45r6PyGawA5GH32p9zKf29'}, {'model': 'default', 'prompt_tokens': 33048, 'completion_tokens': 133, 'cache_read_tokens': 32896, 'cache_write_tokens': 0, 'context_window': 128000, 'per_turn_token': 33181, 'response_id': 'chatcmpl-CYv9tN0Ha0UcNMAI9xYBOUAInsmbZ'}, {'model': 'default', 'prompt_tokens': 33235, 'completion_tokens': 165, 'cache_read_tokens': 33152, 'cache_write_tokens': 0, 'context_window': 128000, 'per_turn_token': 33400, 'response_id': 'chatcmpl-CYv9zFytToR8J5l9Zh7fli22FldJP'}, {'model': 'default', 'prompt_tokens': 33454, 'completion_tokens': 165, 'cache_read_tokens': 33280, 'cache_write_tokens': 0, 'context_window': 128000, 'per_turn_token': 33619, 'response_id': 'chatcmpl-CYvA4WUb5N3L1GBi0N6ndJZLRi12k'}, {'model': 'default', 'prompt_tokens': 33337, 'completion_tokens': 165, 'cache_read_tokens': 2816, 'cache_write_tokens': 0, 'context_window': 128000, 'per_turn_token': 33502, 'response_id': 'chatcmpl-CYvA8o2J064ubonyEjx7FBKjIOkiQ'}, {'model': 'default', 'prompt_tokens': 5020, 'completion_tokens': 24, 'cache_read_tokens': 2816, 'cache_write_tokens': 0, 'context_window': 128000, 'per_turn_token': 5044, 'response_id': 'chatcmpl-CYvAEyot18709cai4b0wOzBCKdpOR'}, {'model': 'default', 'prompt_tokens': 5100, 'completion_tokens': 49, 'cache_read_tokens': 4992, 'cache_write_tokens': 0, 'context_window': 128000, 'per_turn_token': 5149, 'response_id': 'chatcmpl-CYvAFRvFl6Fbrqr4TPJ14D9wF8m1E'}, {'model': 'default', 'prompt_tokens': 5246, 'completion_tokens': 17, 'cache_read_tokens': 4992, 'cache_write_tokens': 0, 'context_window': 128000, 'per_turn_token': 5263, 'response_id': 'chatcmpl-CYvAHK4s8M1CX0lrfy9TrKVugAMck'}, {'model': 'default', 'prompt_tokens': 5384, 'completion_tokens': 18, 'cache_read_tokens': 5248, 'cache_write_tokens': 0, 'context_window': 128000, 'per_turn_token': 5402, 'response_id': 'chatcmpl-CYvBgGJshZkvMRF7LuMHg7Nifu5Lw'}, {'model': 'default', 'prompt_tokens': 14127, 'completion_tokens': 21, 'cache_read_tokens': 5120, 'cache_write_tokens': 0, 'context_window': 128000, 'per_turn_token': 14148, 'response_id': 'chatcmpl-CYvEc1XNAkGnfehkM9kifM3kWX7zf'}, {'model': 'default', 'prompt_tokens': 14271, 'completion_tokens': 21, 'cache_read_tokens': 14080, 'cache_write_tokens': 0, 'context_window': 128000, 'per_turn_token': 14292, 'response_id': 'chatcmpl-CYvEfPG84utSeiS5mGanxxO7bEIAo'}, {'model': 'default', 'prompt_tokens': 14371, 'completion_tokens': 114, 'cache_read_tokens': 14208, 'cache_write_tokens': 0, 'context_window': 128000, 'per_turn_token': 14485, 'response_id': 'chatcmpl-CYvEk1lEgC4MmATwjg0FZ7yxnuAYs'}, {'model': 'default', 'prompt_tokens': 14498, 'completion_tokens': 25, 'cache_read_tokens': 14464, 'cache_write_tokens': 0, 'context_window': 128000, 'per_turn_token': 14523, 'response_id': 'chatcmpl-CYvEqCVNNbNMrcWnZyasDghtOzVUr'}, {'model': 'default', 'prompt_tokens': 14740, 'completion_tokens': 88, 'cache_read_tokens': 14464, 'cache_write_tokens': 0, 'context_window': 128000, 'per_turn_token': 14828, 'response_id': 'chatcmpl-CYvF2J43Zxjn0y2fxzPpv4NM6PUnL'}, {'model': 'default', 'prompt_tokens': 14841, 'completion_tokens': 22, 'cache_read_tokens': 14720, 'cache_write_tokens': 0, 'context_window': 128000, 'per_turn_token': 14863, 'response_id': 'chatcmpl-CYvF8C8fvjKKoHcdxjGq63PATaqhd'}, {'model': 'default', 'prompt_tokens': 15761, 'completion_tokens': 31, 'cache_read_tokens': 14848, 'cache_write_tokens': 0, 'context_window': 128000, 'per_turn_token': 15792, 'response_id': 'chatcmpl-CYvFy3kInJ7CKkvIqUOBalRTC6bCE'}, {'model': 'default', 'prompt_tokens': 15834, 'completion_tokens': 23, 'cache_read_tokens': 15744, 'cache_write_tokens': 0, 'context_window': 128000, 'per_turn_token': 15857, 'response_id': 'chatcmpl-CYvG0IPOwX4tSaTFTmmePIn2caygK'}, {'model': 'default', 'prompt_tokens': 15959, 'completion_tokens': 36, 'cache_read_tokens': 15744, 'cache_write_tokens': 0, 'context_window': 128000, 'per_turn_token': 15995, 'response_id': 'chatcmpl-CYvG1r7s5gwTjPatLr65cZsXqReZK'}, {'model': 'default', 'prompt_tokens': 16032, 'completion_tokens': 36, 'cache_read_tokens': 15872, 'cache_write_tokens': 0, 'context_window': 128000, 'per_turn_token': 16068, 'response_id': 'chatcmpl-CYvG30cIau2gSmB7gXCr1Sen7o5dH'}, {'model': 'default', 'prompt_tokens': 16176, 'completion_tokens': 17, 'cache_read_tokens': 16000, 'cache_write_tokens': 0, 'context_window': 128000, 'per_turn_token': 16193, 'response_id': 'chatcmpl-CYvG50vAA1TYckC59In9JNBFmOu5j'}, {'model': 'default', 'prompt_tokens': 16314, 'completion_tokens': 18, 'cache_read_tokens': 16128, 'cache_write_tokens': 0, 'context_window': 128000, 'per_turn_token': 16332, 'response_id': 'chatcmpl-CYvHWuTVM90wmVI673rjGoWxTNtzc'}, {'model': 'default', 'prompt_tokens': 25105, 'completion_tokens': 24, 'cache_read_tokens': 16256, 'cache_write_tokens': 0, 'context_window': 128000, 'per_turn_token': 25129, 'response_id': 'chatcmpl-CYvJZZYhKSQ6A8A4Sg3xCm7UVfuja'}, {'model': 'default', 'prompt_tokens': 26232, 'completion_tokens': 17, 'cache_read_tokens': 25088, 'cache_write_tokens': 0, 'context_window': 128000, 'per_turn_token': 26249, 'response_id': 'chatcmpl-CYvJbFpvn2FRfIpxlgBAIZm8OZUUE'}, {'model': 'default', 'prompt_tokens': 27965, 'completion_tokens': 222, 'cache_read_tokens': 26240, 'cache_write_tokens': 0, 'context_window': 128000, 'per_turn_token': 28187, 'response_id': 'chatcmpl-CYvJdb8Kwx1SEgoPgNA3A28Q66Php'}, {'model': 'default', 'prompt_tokens': 28241, 'completion_tokens': 157, 'cache_read_tokens': 28160, 'cache_write_tokens': 0, 'context_window': 128000, 'per_turn_token': 28398, 'response_id': 'chatcmpl-CYvJmZP3bjhyCINxvEdApkoDwcupX'}, {'model': 'default', 'prompt_tokens': 28452, 'completion_tokens': 157, 'cache_read_tokens': 28288, 'cache_write_tokens': 0, 'context_window': 128000, 'per_turn_token': 28609, 'response_id': 'chatcmpl-CYvJrysoaDMI4K1k82h2nuyqRNmHA'}, {'model': 'default', 'prompt_tokens': 28663, 'completion_tokens': 157, 'cache_read_tokens': 28544, 'cache_write_tokens': 0, 'context_window': 128000, 'per_turn_token': 28820, 'response_id': 'chatcmpl-CYvJt48e2ByWCVdWUk4dDmqeARmdl'}]}
2025-11-06 09:32:08,675 - INFO - [Agent Controller fc8781dd-eb62-49-273bcb393a94f46-delegate] Setting agent(ExploiterAgent) state from AgentState.ERROR to AgentState.STOPPED
2025-11-06 09:32:08,712 - INFO - Detected AgentDelegateObservation for ExploiterAgent.
2025-11-06 09:32:08,712 - INFO - Processing completion of delegate agent: ExploiterAgent
2025-11-06 09:32:08,713 - INFO - Task completion status for ExploiterAgent: False
2025-11-06 09:32:08,713 - WARNING - Max retries reached for ExploiterAgent. Proceeding to next agent in sequence.
2025-11-06 09:32:08,713 - INFO - Passing exploiter outputs to FixerAgent: []
2025-11-06 09:32:08,723 - INFO - Issuing delegation to FixerAgent
2025-11-06 09:32:08,738 - INFO - AgentController fc8781dd-eb62-49-273bcb393a94f46-delegate initializing history from event 241
2025-11-06 09:32:08,741 - INFO - [Agent Controller fc8781dd-eb62-49-273bcb393a94f46-delegate] Setting agent(FixerAgent) state from AgentState.LOADING to AgentState.RUNNING
2025-11-06 09:32:08,745 - INFO - Microagent 'github' triggered by keyword 'github'
2025-11-06 09:32:08,745 - INFO - Microagent 'gitlab' triggered by keyword 'git'
2025-11-06 09:32:08,745 - INFO - Microagent 'security' triggered by keyword 'vulnerability'
2025-11-06 09:33:50,505 - ERROR - Error processing instance imagemagick.cve-2019-13297: Function timed out after 1800 seconds
2025-11-06 09:33:50,592 - ERROR - Traceback (most recent call last):
  File "/Users/garfield/PycharmProjects/SecVerifier-forked/multi-agent.py", line 1121, in process_instance
    task_state: State | None = asyncio.run(
                               ~~~~~~~~~~~^
        run_controller(
        ^^^^^^^^^^^^^^^
    ...<6 lines>...
        )
        ^
    )
    ^
  File "/Users/garfield/Library/Application Support/uv/python/cpython-3.13.7-macos-aarch64-none/lib/python3.13/asyncio/runners.py", line 195, in run
    return runner.run(main)
           ~~~~~~~~~~^^^^^^
  File "/Users/garfield/Library/Application Support/uv/python/cpython-3.13.7-macos-aarch64-none/lib/python3.13/asyncio/runners.py", line 118, in run
    return self._loop.run_until_complete(task)
           ~~~~~~~~~~~~~~~~~~~~~~~~~~~~~^^^^^^
  File "/Users/garfield/Library/Application Support/uv/python/cpython-3.13.7-macos-aarch64-none/lib/python3.13/asyncio/base_events.py", line 712, in run_until_complete
    self.run_forever()
    ~~~~~~~~~~~~~~~~^^
  File "/Users/garfield/Library/Application Support/uv/python/cpython-3.13.7-macos-aarch64-none/lib/python3.13/asyncio/base_events.py", line 683, in run_forever
    self._run_once()
    ~~~~~~~~~~~~~~^^
  File "/Users/garfield/Library/Application Support/uv/python/cpython-3.13.7-macos-aarch64-none/lib/python3.13/asyncio/base_events.py", line 2012, in _run_once
    event_list = self._selector.select(timeout)
  File "/Users/garfield/Library/Application Support/uv/python/cpython-3.13.7-macos-aarch64-none/lib/python3.13/selectors.py", line 548, in select
    kev_list = self._selector.control(None, max_ev, timeout)
  File "/Users/garfield/PycharmProjects/SecVerifier-forked/evaluation/utils/shared.py", line 91, in timeout_handler
    raise EvalTimeoutException(f'Function timed out after {seconds} seconds')
evaluation.utils.shared.EvalTimeoutException: Function timed out after 1800 seconds

2025-11-06 09:33:50,599 - ERROR - Error processing instance imagemagick.cve-2019-13297: Error processing instance: Function timed out after 1800 seconds
2025-11-06 09:33:50,606 - ERROR - Traceback (most recent call last):
  File "/Users/garfield/PycharmProjects/SecVerifier-forked/multi-agent.py", line 1121, in process_instance
    task_state: State | None = asyncio.run(
                               ~~~~~~~~~~~^
        run_controller(
        ^^^^^^^^^^^^^^^
    ...<6 lines>...
        )
        ^
    )
    ^
  File "/Users/garfield/Library/Application Support/uv/python/cpython-3.13.7-macos-aarch64-none/lib/python3.13/asyncio/runners.py", line 195, in run
    return runner.run(main)
           ~~~~~~~~~~^^^^^^
  File "/Users/garfield/Library/Application Support/uv/python/cpython-3.13.7-macos-aarch64-none/lib/python3.13/asyncio/runners.py", line 118, in run
    return self._loop.run_until_complete(task)
           ~~~~~~~~~~~~~~~~~~~~~~~~~~~~~^^^^^^
  File "/Users/garfield/Library/Application Support/uv/python/cpython-3.13.7-macos-aarch64-none/lib/python3.13/asyncio/base_events.py", line 712, in run_until_complete
    self.run_forever()
    ~~~~~~~~~~~~~~~~^^
  File "/Users/garfield/Library/Application Support/uv/python/cpython-3.13.7-macos-aarch64-none/lib/python3.13/asyncio/base_events.py", line 683, in run_forever
    self._run_once()
    ~~~~~~~~~~~~~~^^
  File "/Users/garfield/Library/Application Support/uv/python/cpython-3.13.7-macos-aarch64-none/lib/python3.13/asyncio/base_events.py", line 2012, in _run_once
    event_list = self._selector.select(timeout)
  File "/Users/garfield/Library/Application Support/uv/python/cpython-3.13.7-macos-aarch64-none/lib/python3.13/selectors.py", line 548, in select
    kev_list = self._selector.control(None, max_ev, timeout)
  File "/Users/garfield/PycharmProjects/SecVerifier-forked/evaluation/utils/shared.py", line 91, in timeout_handler
    raise EvalTimeoutException(f'Function timed out after {seconds} seconds')
evaluation.utils.shared.EvalTimeoutException: Function timed out after 1800 seconds

During handling of the above exception, another exception occurred:

Traceback (most recent call last):
  File "/Users/garfield/PycharmProjects/SecVerifier-forked/multi-agent.py", line 1184, in process_instance
    raise EvalException(f'Error processing instance: {error_msg}')
evaluation.utils.shared.EvalException: Error processing instance: Function timed out after 1800 seconds

2025-11-06 09:33:52,146 - INFO - [Agent Controller fc8781dd-eb62-49-273bcb393a94f46-delegate] Pending action active for 87.89s: CmdRunAction (id=260)
2025-11-06 09:33:52,147 - INFO - [Agent Controller fc8781dd-eb62-49-273bcb393a94f46-delegate] Pending action active for 87.89s: CmdRunAction (id=260)
2025-11-06 09:33:53,354 - ERROR - Session is being used after close!
NoneType: None
Stack (most recent call last):
  File "/Users/garfield/Library/Application Support/uv/python/cpython-3.13.7-macos-aarch64-none/lib/python3.13/threading.py", line 1014, in _bootstrap
    self._bootstrap_inner()
  File "/Users/garfield/Library/Application Support/uv/python/cpython-3.13.7-macos-aarch64-none/lib/python3.13/threading.py", line 1043, in _bootstrap_inner
    self.run()
  File "/Users/garfield/Library/Application Support/uv/python/cpython-3.13.7-macos-aarch64-none/lib/python3.13/threading.py", line 994, in run
    self._target(*self._args, **self._kwargs)
  File "/Users/garfield/Library/Application Support/uv/python/cpython-3.13.7-macos-aarch64-none/lib/python3.13/concurrent/futures/thread.py", line 93, in _worker
    work_item.run()
  File "/Users/garfield/Library/Application Support/uv/python/cpython-3.13.7-macos-aarch64-none/lib/python3.13/concurrent/futures/thread.py", line 59, in run
    result = self.fn(*self.args, **self.kwargs)
  File "/Users/garfield/PycharmProjects/SecVerifier-forked/openhands/utils/async_utils.py", line 17, in <lambda>
    coro = loop.run_in_executor(None, lambda: fn(*args, **kwargs))
  File "/Users/garfield/PycharmProjects/SecVerifier-forked/openhands/runtime/base.py", line 893, in run_action
    observation = getattr(self, action_type)(action)
  File "/Users/garfield/PycharmProjects/SecVerifier-forked/openhands/runtime/impl/action_execution/action_execution_client.py", line 337, in run
    return self.send_action_for_execution(action)
  File "/Users/garfield/PycharmProjects/SecVerifier-forked/openhands/runtime/impl/action_execution/action_execution_client.py", line 317, in send_action_for_execution
    response = self._send_action_server_request(
  File "/Users/garfield/Library/Caches/pypoetry/virtualenvs/openhands-ai-hIgrDjAp-py3.13/lib/python3.13/site-packages/tenacity/__init__.py", line 338, in wrapped_f
    return copy(f, *args, **kw)
  File "/Users/garfield/Library/Caches/pypoetry/virtualenvs/openhands-ai-hIgrDjAp-py3.13/lib/python3.13/site-packages/tenacity/__init__.py", line 480, in __call__
    result = fn(*args, **kwargs)
  File "/Users/garfield/PycharmProjects/SecVerifier-forked/openhands/runtime/impl/action_execution/action_execution_client.py", line 126, in _send_action_server_request
    return send_request(self.session, method, url, **kwargs)
  File "/Users/garfield/Library/Caches/pypoetry/virtualenvs/openhands-ai-hIgrDjAp-py3.13/lib/python3.13/site-packages/tenacity/__init__.py", line 338, in wrapped_f
    return copy(f, *args, **kw)
  File "/Users/garfield/Library/Caches/pypoetry/virtualenvs/openhands-ai-hIgrDjAp-py3.13/lib/python3.13/site-packages/tenacity/__init__.py", line 480, in __call__
    result = fn(*args, **kwargs)
  File "/Users/garfield/PycharmProjects/SecVerifier-forked/openhands/runtime/utils/request.py", line 44, in send_request
    response = session.request(method, url, timeout=timeout, **kwargs)
  File "/Users/garfield/PycharmProjects/SecVerifier-forked/openhands/utils/http_session.py", line 24, in request
    logger.error(
2025-11-06 09:33:53,370 - ERROR - [runtime fc8781dd-eb62-49-273bcb393a94f46] Unexpected error while running action: ReadError: [Errno 54] Connection reset by peer
2025-11-06 09:33:53,370 - ERROR - [runtime fc8781dd-eb62-49-273bcb393a94f46] Problematic action: **CmdRunAction (source=EventSource.AGENT, is_input=False)**
COMMAND:
secb patch && secb build
2025-11-06 09:33:53,370 - ERROR - ReadError: [Errno 54] Connection reset by peer
2025-11-06 09:33:53,371 - INFO - [Agent Controller fc8781dd-eb62-49-273bcb393a94f46] Setting agent(Reproducer) state from AgentState.RUNNING to AgentState.ERROR
2025-11-06 09:33:56,270 - INFO - Runtime for instance imagemagick.cve-2019-13297 closed.
2025-11-06 09:33:56,284 - ERROR - ----------
Error in instance [imagemagick.cve-2019-13297]: Error processing instance: Function timed out after 1800 seconds. Stacktrace:
Traceback (most recent call last):
  File "/Users/garfield/PycharmProjects/SecVerifier-forked/multi-agent.py", line 1121, in process_instance
    task_state: State | None = asyncio.run(
                               ~~~~~~~~~~~^
        run_controller(
        ^^^^^^^^^^^^^^^
    ...<6 lines>...
        )
        ^
    )
    ^
  File "/Users/garfield/Library/Application Support/uv/python/cpython-3.13.7-macos-aarch64-none/lib/python3.13/asyncio/runners.py", line 195, in run
    return runner.run(main)
           ~~~~~~~~~~^^^^^^
  File "/Users/garfield/Library/Application Support/uv/python/cpython-3.13.7-macos-aarch64-none/lib/python3.13/asyncio/runners.py", line 118, in run
    return self._loop.run_until_complete(task)
           ~~~~~~~~~~~~~~~~~~~~~~~~~~~~~^^^^^^
  File "/Users/garfield/Library/Application Support/uv/python/cpython-3.13.7-macos-aarch64-none/lib/python3.13/asyncio/base_events.py", line 712, in run_until_complete
    self.run_forever()
    ~~~~~~~~~~~~~~~~^^
  File "/Users/garfield/Library/Application Support/uv/python/cpython-3.13.7-macos-aarch64-none/lib/python3.13/asyncio/base_events.py", line 683, in run_forever
    self._run_once()
    ~~~~~~~~~~~~~~^^
  File "/Users/garfield/Library/Application Support/uv/python/cpython-3.13.7-macos-aarch64-none/lib/python3.13/asyncio/base_events.py", line 2012, in _run_once
    event_list = self._selector.select(timeout)
  File "/Users/garfield/Library/Application Support/uv/python/cpython-3.13.7-macos-aarch64-none/lib/python3.13/selectors.py", line 548, in select
    kev_list = self._selector.control(None, max_ev, timeout)
  File "/Users/garfield/PycharmProjects/SecVerifier-forked/evaluation/utils/shared.py", line 91, in timeout_handler
    raise EvalTimeoutException(f'Function timed out after {seconds} seconds')
evaluation.utils.shared.EvalTimeoutException: Function timed out after 1800 seconds

During handling of the above exception, another exception occurred:

Traceback (most recent call last):
  File "/Users/garfield/PycharmProjects/SecVerifier-forked/evaluation/utils/shared.py", line 405, in _process_instance_wrapper
    result = process_instance_func(instance, metadata, use_mp, **kwargs)
  File "/Users/garfield/PycharmProjects/SecVerifier-forked/multi-agent.py", line 1184, in process_instance
    raise EvalException(f'Error processing instance: {error_msg}')
evaluation.utils.shared.EvalException: Error processing instance: Function timed out after 1800 seconds

----------[The above error occurred. Retrying... (attempt 1 of 3)]----------

2025-11-06 09:34:01,333 - INFO - Processing instance: imagemagick.cve-2019-13297 using run_controller
2025-11-06 09:34:01,334 - INFO - Using runtime container image: ghcr.io/all-hands-ai/runtime:0.52-nikolaik
2025-11-06 09:34:01,334 - INFO - Using LLM config: llm.4o
2025-11-06 09:34:01,334 - INFO - Using Condenser: recent
2025-11-06 09:34:01,334 - INFO - Using Condenser config: recent
2025-11-06 09:34:01,334 - INFO - Max iterations: 300
2025-11-06 09:34:01,334 - INFO - Headless mode: True
2025-11-06 09:34:01,334 - INFO - Trajectory directory: output/SEC-bench/Seed/MultiAgent/gpt-4o_maxiter_300_N_condenser=recent/imagemagick.cve-2019-13297/20251106_093401
2025-11-06 09:34:01,334 - INFO - Log completions folder: output/SEC-bench/Seed/MultiAgent/gpt-4o_maxiter_300_N_condenser=recent/imagemagick.cve-2019-13297/20251106_093401/completions
2025-11-06 09:34:01,334 - INFO - --------------------------------------------------
2025-11-06 09:34:02,119 - INFO - [runtime 00505a4f-3e7a-4a-e7fda1b1e934da4] Starting runtime with image: ghcr.io/all-hands-ai/runtime:0.52-nikolaik
2025-11-06 09:34:04,695 - INFO - [runtime 00505a4f-3e7a-4a-e7fda1b1e934da4] Starting server with command: ['/openhands/micromamba/bin/micromamba', 'run', '-n', 'openhands', 'poetry', 'run', 'python', '-u', '-m', 'openhands.runtime.action_execution_server', '37925', '--working-dir', '/workspace', '--plugins', 'agent_skills', 'jupyter', '--username', 'root', '--user-id', '0', '--git-user-name', 'openhands', '--git-user-email', 'openhands@all-hands.dev']
2025-11-06 09:34:13,899 - INFO - [runtime 00505a4f-3e7a-4a-e7fda1b1e934da4] Container started: openhands-runtime-00505a4f-3e7a-4a-e7fda1b1e934da4. VSCode URL: None
2025-11-06 09:34:13,923 - INFO - [runtime 00505a4f-3e7a-4a-e7fda1b1e934da4] Waiting for client to become ready at http://localhost:37925...
2025-11-06 09:36:16,627 - ERROR - Error processing instance imagemagick.cve-2019-13297: [Errno 54] Connection reset by peer
2025-11-06 09:36:16,714 - ERROR - Traceback (most recent call last):
  File "/Users/garfield/Library/Caches/pypoetry/virtualenvs/openhands-ai-hIgrDjAp-py3.13/lib/python3.13/site-packages/httpx/_transports/default.py", line 101, in map_httpcore_exceptions
    yield
  File "/Users/garfield/Library/Caches/pypoetry/virtualenvs/openhands-ai-hIgrDjAp-py3.13/lib/python3.13/site-packages/httpx/_transports/default.py", line 250, in handle_request
    resp = self._pool.handle_request(req)
  File "/Users/garfield/Library/Caches/pypoetry/virtualenvs/openhands-ai-hIgrDjAp-py3.13/lib/python3.13/site-packages/httpcore/_sync/connection_pool.py", line 256, in handle_request
    raise exc from None
  File "/Users/garfield/Library/Caches/pypoetry/virtualenvs/openhands-ai-hIgrDjAp-py3.13/lib/python3.13/site-packages/httpcore/_sync/connection_pool.py", line 236, in handle_request
    response = connection.handle_request(
        pool_request.request
    )
  File "/Users/garfield/Library/Caches/pypoetry/virtualenvs/openhands-ai-hIgrDjAp-py3.13/lib/python3.13/site-packages/httpcore/_sync/connection.py", line 103, in handle_request
    return self._connection.handle_request(request)
           ~~~~~~~~~~~~~~~~~~~~~~~~~~~~~~~^^^^^^^^^
  File "/Users/garfield/Library/Caches/pypoetry/virtualenvs/openhands-ai-hIgrDjAp-py3.13/lib/python3.13/site-packages/httpcore/_sync/http11.py", line 136, in handle_request
    raise exc
  File "/Users/garfield/Library/Caches/pypoetry/virtualenvs/openhands-ai-hIgrDjAp-py3.13/lib/python3.13/site-packages/httpcore/_sync/http11.py", line 106, in handle_request
    ) = self._receive_response_headers(**kwargs)
        ~~~~~~~~~~~~~~~~~~~~~~~~~~~~~~^^^^^^^^^^
  File "/Users/garfield/Library/Caches/pypoetry/virtualenvs/openhands-ai-hIgrDjAp-py3.13/lib/python3.13/site-packages/httpcore/_sync/http11.py", line 177, in _receive_response_headers
    event = self._receive_event(timeout=timeout)
  File "/Users/garfield/Library/Caches/pypoetry/virtualenvs/openhands-ai-hIgrDjAp-py3.13/lib/python3.13/site-packages/httpcore/_sync/http11.py", line 217, in _receive_event
    data = self._network_stream.read(
        self.READ_NUM_BYTES, timeout=timeout
    )
  File "/Users/garfield/Library/Caches/pypoetry/virtualenvs/openhands-ai-hIgrDjAp-py3.13/lib/python3.13/site-packages/httpcore/_backends/sync.py", line 126, in read
    with map_exceptions(exc_map):
         ~~~~~~~~~~~~~~^^^^^^^^^
  File "/Users/garfield/Library/Application Support/uv/python/cpython-3.13.7-macos-aarch64-none/lib/python3.13/contextlib.py", line 162, in __exit__
    self.gen.throw(value)
    ~~~~~~~~~~~~~~^^^^^^^
  File "/Users/garfield/Library/Caches/pypoetry/virtualenvs/openhands-ai-hIgrDjAp-py3.13/lib/python3.13/site-packages/httpcore/_exceptions.py", line 14, in map_exceptions
    raise to_exc(exc) from exc
httpcore.ReadError: [Errno 54] Connection reset by peer

The above exception was the direct cause of the following exception:

Traceback (most recent call last):
  File "/Users/garfield/PycharmProjects/SecVerifier-forked/multi-agent.py", line 1105, in process_instance
    call_async_from_sync(runtime.connect)
    ~~~~~~~~~~~~~~~~~~~~^^^^^^^^^^^^^^^^^
  File "/Users/garfield/PycharmProjects/SecVerifier-forked/openhands/utils/async_utils.py", line 54, in call_async_from_sync
    result = future.result()
  File "/Users/garfield/Library/Application Support/uv/python/cpython-3.13.7-macos-aarch64-none/lib/python3.13/concurrent/futures/_base.py", line 456, in result
    return self.__get_result()
           ~~~~~~~~~~~~~~~~~^^
  File "/Users/garfield/Library/Application Support/uv/python/cpython-3.13.7-macos-aarch64-none/lib/python3.13/concurrent/futures/_base.py", line 401, in __get_result
    raise self._exception
  File "/Users/garfield/Library/Application Support/uv/python/cpython-3.13.7-macos-aarch64-none/lib/python3.13/concurrent/futures/thread.py", line 59, in run
    result = self.fn(*self.args, **self.kwargs)
  File "/Users/garfield/PycharmProjects/SecVerifier-forked/openhands/utils/async_utils.py", line 44, in run
    return asyncio.run(arun())
           ~~~~~~~~~~~^^^^^^^^
  File "/Users/garfield/Library/Application Support/uv/python/cpython-3.13.7-macos-aarch64-none/lib/python3.13/asyncio/runners.py", line 195, in run
    return runner.run(main)
           ~~~~~~~~~~^^^^^^
  File "/Users/garfield/Library/Application Support/uv/python/cpython-3.13.7-macos-aarch64-none/lib/python3.13/asyncio/runners.py", line 118, in run
    return self._loop.run_until_complete(task)
           ~~~~~~~~~~~~~~~~~~~~~~~~~~~~~^^^^^^
  File "/Users/garfield/Library/Application Support/uv/python/cpython-3.13.7-macos-aarch64-none/lib/python3.13/asyncio/base_events.py", line 725, in run_until_complete
    return future.result()
           ~~~~~~~~~~~~~^^
  File "/Users/garfield/PycharmProjects/SecVerifier-forked/openhands/utils/async_utils.py", line 37, in arun
    result = await coro
             ^^^^^^^^^^
  File "/Users/garfield/PycharmProjects/SecVerifier-forked/openhands/runtime/impl/docker/docker_runtime.py", line 197, in connect
    await call_sync_from_async(self.wait_until_alive)
  File "/Users/garfield/PycharmProjects/SecVerifier-forked/openhands/utils/async_utils.py", line 18, in call_sync_from_async
    result = await coro
             ^^^^^^^^^^
  File "/Users/garfield/Library/Application Support/uv/python/cpython-3.13.7-macos-aarch64-none/lib/python3.13/concurrent/futures/thread.py", line 59, in run
    result = self.fn(*self.args, **self.kwargs)
  File "/Users/garfield/PycharmProjects/SecVerifier-forked/openhands/utils/async_utils.py", line 17, in <lambda>
    coro = loop.run_in_executor(None, lambda: fn(*args, **kwargs))
                                              ~~^^^^^^^^^^^^^^^^^
  File "/Users/garfield/Library/Caches/pypoetry/virtualenvs/openhands-ai-hIgrDjAp-py3.13/lib/python3.13/site-packages/tenacity/__init__.py", line 338, in wrapped_f
    return copy(f, *args, **kw)
  File "/Users/garfield/Library/Caches/pypoetry/virtualenvs/openhands-ai-hIgrDjAp-py3.13/lib/python3.13/site-packages/tenacity/__init__.py", line 477, in __call__
    do = self.iter(retry_state=retry_state)
  File "/Users/garfield/Library/Caches/pypoetry/virtualenvs/openhands-ai-hIgrDjAp-py3.13/lib/python3.13/site-packages/tenacity/__init__.py", line 378, in iter
    result = action(retry_state)
  File "/Users/garfield/Library/Caches/pypoetry/virtualenvs/openhands-ai-hIgrDjAp-py3.13/lib/python3.13/site-packages/tenacity/__init__.py", line 420, in exc_check
    raise retry_exc.reraise()
          ~~~~~~~~~~~~~~~~~^^
  File "/Users/garfield/Library/Caches/pypoetry/virtualenvs/openhands-ai-hIgrDjAp-py3.13/lib/python3.13/site-packages/tenacity/__init__.py", line 187, in reraise
    raise self.last_attempt.result()
          ~~~~~~~~~~~~~~~~~~~~~~~~^^
  File "/Users/garfield/Library/Application Support/uv/python/cpython-3.13.7-macos-aarch64-none/lib/python3.13/concurrent/futures/_base.py", line 449, in result
    return self.__get_result()
           ~~~~~~~~~~~~~~~~~^^
  File "/Users/garfield/Library/Application Support/uv/python/cpython-3.13.7-macos-aarch64-none/lib/python3.13/concurrent/futures/_base.py", line 401, in __get_result
    raise self._exception
  File "/Users/garfield/Library/Caches/pypoetry/virtualenvs/openhands-ai-hIgrDjAp-py3.13/lib/python3.13/site-packages/tenacity/__init__.py", line 480, in __call__
    result = fn(*args, **kwargs)
  File "/Users/garfield/PycharmProjects/SecVerifier-forked/openhands/runtime/impl/docker/docker_runtime.py", line 559, in wait_until_alive
    self.check_if_alive()
    ~~~~~~~~~~~~~~~~~~~^^
  File "/Users/garfield/PycharmProjects/SecVerifier-forked/openhands/runtime/impl/action_execution/action_execution_client.py", line 129, in check_if_alive
    response = self._send_action_server_request(
        'GET',
        f'{self.action_execution_server_url}/alive',
        timeout=5,
    )
  File "/Users/garfield/Library/Caches/pypoetry/virtualenvs/openhands-ai-hIgrDjAp-py3.13/lib/python3.13/site-packages/tenacity/__init__.py", line 338, in wrapped_f
    return copy(f, *args, **kw)
  File "/Users/garfield/Library/Caches/pypoetry/virtualenvs/openhands-ai-hIgrDjAp-py3.13/lib/python3.13/site-packages/tenacity/__init__.py", line 477, in __call__
    do = self.iter(retry_state=retry_state)
  File "/Users/garfield/Library/Caches/pypoetry/virtualenvs/openhands-ai-hIgrDjAp-py3.13/lib/python3.13/site-packages/tenacity/__init__.py", line 378, in iter
    result = action(retry_state)
  File "/Users/garfield/Library/Caches/pypoetry/virtualenvs/openhands-ai-hIgrDjAp-py3.13/lib/python3.13/site-packages/tenacity/__init__.py", line 400, in <lambda>
    self._add_action_func(lambda rs: rs.outcome.result())
                                     ~~~~~~~~~~~~~~~~~^^
  File "/Users/garfield/Library/Application Support/uv/python/cpython-3.13.7-macos-aarch64-none/lib/python3.13/concurrent/futures/_base.py", line 449, in result
    return self.__get_result()
           ~~~~~~~~~~~~~~~~~^^
  File "/Users/garfield/Library/Application Support/uv/python/cpython-3.13.7-macos-aarch64-none/lib/python3.13/concurrent/futures/_base.py", line 401, in __get_result
    raise self._exception
  File "/Users/garfield/Library/Caches/pypoetry/virtualenvs/openhands-ai-hIgrDjAp-py3.13/lib/python3.13/site-packages/tenacity/__init__.py", line 480, in __call__
    result = fn(*args, **kwargs)
  File "/Users/garfield/PycharmProjects/SecVerifier-forked/openhands/runtime/impl/action_execution/action_execution_client.py", line 126, in _send_action_server_request
    return send_request(self.session, method, url, **kwargs)
  File "/Users/garfield/Library/Caches/pypoetry/virtualenvs/openhands-ai-hIgrDjAp-py3.13/lib/python3.13/site-packages/tenacity/__init__.py", line 338, in wrapped_f
    return copy(f, *args, **kw)
  File "/Users/garfield/Library/Caches/pypoetry/virtualenvs/openhands-ai-hIgrDjAp-py3.13/lib/python3.13/site-packages/tenacity/__init__.py", line 477, in __call__
    do = self.iter(retry_state=retry_state)
  File "/Users/garfield/Library/Caches/pypoetry/virtualenvs/openhands-ai-hIgrDjAp-py3.13/lib/python3.13/site-packages/tenacity/__init__.py", line 378, in iter
    result = action(retry_state)
  File "/Users/garfield/Library/Caches/pypoetry/virtualenvs/openhands-ai-hIgrDjAp-py3.13/lib/python3.13/site-packages/tenacity/__init__.py", line 400, in <lambda>
    self._add_action_func(lambda rs: rs.outcome.result())
                                     ~~~~~~~~~~~~~~~~~^^
  File "/Users/garfield/Library/Application Support/uv/python/cpython-3.13.7-macos-aarch64-none/lib/python3.13/concurrent/futures/_base.py", line 449, in result
    return self.__get_result()
           ~~~~~~~~~~~~~~~~~^^
  File "/Users/garfield/Library/Application Support/uv/python/cpython-3.13.7-macos-aarch64-none/lib/python3.13/concurrent/futures/_base.py", line 401, in __get_result
    raise self._exception
  File "/Users/garfield/Library/Caches/pypoetry/virtualenvs/openhands-ai-hIgrDjAp-py3.13/lib/python3.13/site-packages/tenacity/__init__.py", line 480, in __call__
    result = fn(*args, **kwargs)
  File "/Users/garfield/PycharmProjects/SecVerifier-forked/openhands/runtime/utils/request.py", line 44, in send_request
    response = session.request(method, url, timeout=timeout, **kwargs)
  File "/Users/garfield/PycharmProjects/SecVerifier-forked/openhands/utils/http_session.py", line 31, in request
    return CLIENT.request(*args, **kwargs)
           ~~~~~~~~~~~~~~^^^^^^^^^^^^^^^^^
  File "/Users/garfield/Library/Caches/pypoetry/virtualenvs/openhands-ai-hIgrDjAp-py3.13/lib/python3.13/site-packages/httpx/_client.py", line 825, in request
    return self.send(request, auth=auth, follow_redirects=follow_redirects)
           ~~~~~~~~~^^^^^^^^^^^^^^^^^^^^^^^^^^^^^^^^^^^^^^^^^^^^^^^^^^^^^^^
  File "/Users/garfield/Library/Caches/pypoetry/virtualenvs/openhands-ai-hIgrDjAp-py3.13/lib/python3.13/site-packages/httpx/_client.py", line 914, in send
    response = self._send_handling_auth(
        request,
    ...<2 lines>...
        history=[],
    )
  File "/Users/garfield/Library/Caches/pypoetry/virtualenvs/openhands-ai-hIgrDjAp-py3.13/lib/python3.13/site-packages/httpx/_client.py", line 942, in _send_handling_auth
    response = self._send_handling_redirects(
        request,
        follow_redirects=follow_redirects,
        history=history,
    )
  File "/Users/garfield/Library/Caches/pypoetry/virtualenvs/openhands-ai-hIgrDjAp-py3.13/lib/python3.13/site-packages/httpx/_client.py", line 979, in _send_handling_redirects
    response = self._send_single_request(request)
  File "/Users/garfield/Library/Caches/pypoetry/virtualenvs/openhands-ai-hIgrDjAp-py3.13/lib/python3.13/site-packages/httpx/_client.py", line 1014, in _send_single_request
    response = transport.handle_request(request)
  File "/Users/garfield/Library/Caches/pypoetry/virtualenvs/openhands-ai-hIgrDjAp-py3.13/lib/python3.13/site-packages/httpx/_transports/default.py", line 249, in handle_request
    with map_httpcore_exceptions():
         ~~~~~~~~~~~~~~~~~~~~~~~^^
  File "/Users/garfield/Library/Application Support/uv/python/cpython-3.13.7-macos-aarch64-none/lib/python3.13/contextlib.py", line 162, in __exit__
    self.gen.throw(value)
    ~~~~~~~~~~~~~~^^^^^^^
  File "/Users/garfield/Library/Caches/pypoetry/virtualenvs/openhands-ai-hIgrDjAp-py3.13/lib/python3.13/site-packages/httpx/_transports/default.py", line 118, in map_httpcore_exceptions
    raise mapped_exc(message) from exc
httpx.ReadError: [Errno 54] Connection reset by peer

2025-11-06 09:36:22,441 - INFO - Runtime for instance imagemagick.cve-2019-13297 closed.
2025-11-06 09:36:22,731 - ERROR - ----------
Error in instance [imagemagick.cve-2019-13297]: Unhandled error: [Errno 54] Connection reset by peer. Stacktrace:
Traceback (most recent call last):
  File "/Users/garfield/Library/Caches/pypoetry/virtualenvs/openhands-ai-hIgrDjAp-py3.13/lib/python3.13/site-packages/httpx/_transports/default.py", line 101, in map_httpcore_exceptions
    yield
  File "/Users/garfield/Library/Caches/pypoetry/virtualenvs/openhands-ai-hIgrDjAp-py3.13/lib/python3.13/site-packages/httpx/_transports/default.py", line 250, in handle_request
    resp = self._pool.handle_request(req)
  File "/Users/garfield/Library/Caches/pypoetry/virtualenvs/openhands-ai-hIgrDjAp-py3.13/lib/python3.13/site-packages/httpcore/_sync/connection_pool.py", line 256, in handle_request
    raise exc from None
  File "/Users/garfield/Library/Caches/pypoetry/virtualenvs/openhands-ai-hIgrDjAp-py3.13/lib/python3.13/site-packages/httpcore/_sync/connection_pool.py", line 236, in handle_request
    response = connection.handle_request(
        pool_request.request
    )
  File "/Users/garfield/Library/Caches/pypoetry/virtualenvs/openhands-ai-hIgrDjAp-py3.13/lib/python3.13/site-packages/httpcore/_sync/connection.py", line 103, in handle_request
    return self._connection.handle_request(request)
           ~~~~~~~~~~~~~~~~~~~~~~~~~~~~~~~^^^^^^^^^
  File "/Users/garfield/Library/Caches/pypoetry/virtualenvs/openhands-ai-hIgrDjAp-py3.13/lib/python3.13/site-packages/httpcore/_sync/http11.py", line 136, in handle_request
    raise exc
  File "/Users/garfield/Library/Caches/pypoetry/virtualenvs/openhands-ai-hIgrDjAp-py3.13/lib/python3.13/site-packages/httpcore/_sync/http11.py", line 106, in handle_request
    ) = self._receive_response_headers(**kwargs)
        ~~~~~~~~~~~~~~~~~~~~~~~~~~~~~~^^^^^^^^^^
  File "/Users/garfield/Library/Caches/pypoetry/virtualenvs/openhands-ai-hIgrDjAp-py3.13/lib/python3.13/site-packages/httpcore/_sync/http11.py", line 177, in _receive_response_headers
    event = self._receive_event(timeout=timeout)
  File "/Users/garfield/Library/Caches/pypoetry/virtualenvs/openhands-ai-hIgrDjAp-py3.13/lib/python3.13/site-packages/httpcore/_sync/http11.py", line 217, in _receive_event
    data = self._network_stream.read(
        self.READ_NUM_BYTES, timeout=timeout
    )
  File "/Users/garfield/Library/Caches/pypoetry/virtualenvs/openhands-ai-hIgrDjAp-py3.13/lib/python3.13/site-packages/httpcore/_backends/sync.py", line 126, in read
    with map_exceptions(exc_map):
         ~~~~~~~~~~~~~~^^^^^^^^^
  File "/Users/garfield/Library/Application Support/uv/python/cpython-3.13.7-macos-aarch64-none/lib/python3.13/contextlib.py", line 162, in __exit__
    self.gen.throw(value)
    ~~~~~~~~~~~~~~^^^^^^^
  File "/Users/garfield/Library/Caches/pypoetry/virtualenvs/openhands-ai-hIgrDjAp-py3.13/lib/python3.13/site-packages/httpcore/_exceptions.py", line 14, in map_exceptions
    raise to_exc(exc) from exc
httpcore.ReadError: [Errno 54] Connection reset by peer

The above exception was the direct cause of the following exception:

Traceback (most recent call last):
  File "/Users/garfield/PycharmProjects/SecVerifier-forked/multi-agent.py", line 1105, in process_instance
    call_async_from_sync(runtime.connect)
    ~~~~~~~~~~~~~~~~~~~~^^^^^^^^^^^^^^^^^
  File "/Users/garfield/PycharmProjects/SecVerifier-forked/openhands/utils/async_utils.py", line 54, in call_async_from_sync
    result = future.result()
  File "/Users/garfield/Library/Application Support/uv/python/cpython-3.13.7-macos-aarch64-none/lib/python3.13/concurrent/futures/_base.py", line 456, in result
    return self.__get_result()
           ~~~~~~~~~~~~~~~~~^^
  File "/Users/garfield/Library/Application Support/uv/python/cpython-3.13.7-macos-aarch64-none/lib/python3.13/concurrent/futures/_base.py", line 401, in __get_result
    raise self._exception
  File "/Users/garfield/Library/Application Support/uv/python/cpython-3.13.7-macos-aarch64-none/lib/python3.13/concurrent/futures/thread.py", line 59, in run
    result = self.fn(*self.args, **self.kwargs)
  File "/Users/garfield/PycharmProjects/SecVerifier-forked/openhands/utils/async_utils.py", line 44, in run
    return asyncio.run(arun())
           ~~~~~~~~~~~^^^^^^^^
  File "/Users/garfield/Library/Application Support/uv/python/cpython-3.13.7-macos-aarch64-none/lib/python3.13/asyncio/runners.py", line 195, in run
    return runner.run(main)
           ~~~~~~~~~~^^^^^^
  File "/Users/garfield/Library/Application Support/uv/python/cpython-3.13.7-macos-aarch64-none/lib/python3.13/asyncio/runners.py", line 118, in run
    return self._loop.run_until_complete(task)
           ~~~~~~~~~~~~~~~~~~~~~~~~~~~~~^^^^^^
  File "/Users/garfield/Library/Application Support/uv/python/cpython-3.13.7-macos-aarch64-none/lib/python3.13/asyncio/base_events.py", line 725, in run_until_complete
    return future.result()
           ~~~~~~~~~~~~~^^
  File "/Users/garfield/PycharmProjects/SecVerifier-forked/openhands/utils/async_utils.py", line 37, in arun
    result = await coro
             ^^^^^^^^^^
  File "/Users/garfield/PycharmProjects/SecVerifier-forked/openhands/runtime/impl/docker/docker_runtime.py", line 197, in connect
    await call_sync_from_async(self.wait_until_alive)
  File "/Users/garfield/PycharmProjects/SecVerifier-forked/openhands/utils/async_utils.py", line 18, in call_sync_from_async
    result = await coro
             ^^^^^^^^^^
  File "/Users/garfield/Library/Application Support/uv/python/cpython-3.13.7-macos-aarch64-none/lib/python3.13/concurrent/futures/thread.py", line 59, in run
    result = self.fn(*self.args, **self.kwargs)
  File "/Users/garfield/PycharmProjects/SecVerifier-forked/openhands/utils/async_utils.py", line 17, in <lambda>
    coro = loop.run_in_executor(None, lambda: fn(*args, **kwargs))
                                              ~~^^^^^^^^^^^^^^^^^
  File "/Users/garfield/Library/Caches/pypoetry/virtualenvs/openhands-ai-hIgrDjAp-py3.13/lib/python3.13/site-packages/tenacity/__init__.py", line 338, in wrapped_f
    return copy(f, *args, **kw)
  File "/Users/garfield/Library/Caches/pypoetry/virtualenvs/openhands-ai-hIgrDjAp-py3.13/lib/python3.13/site-packages/tenacity/__init__.py", line 477, in __call__
    do = self.iter(retry_state=retry_state)
  File "/Users/garfield/Library/Caches/pypoetry/virtualenvs/openhands-ai-hIgrDjAp-py3.13/lib/python3.13/site-packages/tenacity/__init__.py", line 378, in iter
    result = action(retry_state)
  File "/Users/garfield/Library/Caches/pypoetry/virtualenvs/openhands-ai-hIgrDjAp-py3.13/lib/python3.13/site-packages/tenacity/__init__.py", line 420, in exc_check
    raise retry_exc.reraise()
          ~~~~~~~~~~~~~~~~~^^
  File "/Users/garfield/Library/Caches/pypoetry/virtualenvs/openhands-ai-hIgrDjAp-py3.13/lib/python3.13/site-packages/tenacity/__init__.py", line 187, in reraise
    raise self.last_attempt.result()
          ~~~~~~~~~~~~~~~~~~~~~~~~^^
  File "/Users/garfield/Library/Application Support/uv/python/cpython-3.13.7-macos-aarch64-none/lib/python3.13/concurrent/futures/_base.py", line 449, in result
    return self.__get_result()
           ~~~~~~~~~~~~~~~~~^^
  File "/Users/garfield/Library/Application Support/uv/python/cpython-3.13.7-macos-aarch64-none/lib/python3.13/concurrent/futures/_base.py", line 401, in __get_result
    raise self._exception
  File "/Users/garfield/Library/Caches/pypoetry/virtualenvs/openhands-ai-hIgrDjAp-py3.13/lib/python3.13/site-packages/tenacity/__init__.py", line 480, in __call__
    result = fn(*args, **kwargs)
  File "/Users/garfield/PycharmProjects/SecVerifier-forked/openhands/runtime/impl/docker/docker_runtime.py", line 559, in wait_until_alive
    self.check_if_alive()
    ~~~~~~~~~~~~~~~~~~~^^
  File "/Users/garfield/PycharmProjects/SecVerifier-forked/openhands/runtime/impl/action_execution/action_execution_client.py", line 129, in check_if_alive
    response = self._send_action_server_request(
        'GET',
        f'{self.action_execution_server_url}/alive',
        timeout=5,
    )
  File "/Users/garfield/Library/Caches/pypoetry/virtualenvs/openhands-ai-hIgrDjAp-py3.13/lib/python3.13/site-packages/tenacity/__init__.py", line 338, in wrapped_f
    return copy(f, *args, **kw)
  File "/Users/garfield/Library/Caches/pypoetry/virtualenvs/openhands-ai-hIgrDjAp-py3.13/lib/python3.13/site-packages/tenacity/__init__.py", line 477, in __call__
    do = self.iter(retry_state=retry_state)
  File "/Users/garfield/Library/Caches/pypoetry/virtualenvs/openhands-ai-hIgrDjAp-py3.13/lib/python3.13/site-packages/tenacity/__init__.py", line 378, in iter
    result = action(retry_state)
  File "/Users/garfield/Library/Caches/pypoetry/virtualenvs/openhands-ai-hIgrDjAp-py3.13/lib/python3.13/site-packages/tenacity/__init__.py", line 400, in <lambda>
    self._add_action_func(lambda rs: rs.outcome.result())
                                     ~~~~~~~~~~~~~~~~~^^
  File "/Users/garfield/Library/Application Support/uv/python/cpython-3.13.7-macos-aarch64-none/lib/python3.13/concurrent/futures/_base.py", line 449, in result
    return self.__get_result()
           ~~~~~~~~~~~~~~~~~^^
  File "/Users/garfield/Library/Application Support/uv/python/cpython-3.13.7-macos-aarch64-none/lib/python3.13/concurrent/futures/_base.py", line 401, in __get_result
    raise self._exception
  File "/Users/garfield/Library/Caches/pypoetry/virtualenvs/openhands-ai-hIgrDjAp-py3.13/lib/python3.13/site-packages/tenacity/__init__.py", line 480, in __call__
    result = fn(*args, **kwargs)
  File "/Users/garfield/PycharmProjects/SecVerifier-forked/openhands/runtime/impl/action_execution/action_execution_client.py", line 126, in _send_action_server_request
    return send_request(self.session, method, url, **kwargs)
  File "/Users/garfield/Library/Caches/pypoetry/virtualenvs/openhands-ai-hIgrDjAp-py3.13/lib/python3.13/site-packages/tenacity/__init__.py", line 338, in wrapped_f
    return copy(f, *args, **kw)
  File "/Users/garfield/Library/Caches/pypoetry/virtualenvs/openhands-ai-hIgrDjAp-py3.13/lib/python3.13/site-packages/tenacity/__init__.py", line 477, in __call__
    do = self.iter(retry_state=retry_state)
  File "/Users/garfield/Library/Caches/pypoetry/virtualenvs/openhands-ai-hIgrDjAp-py3.13/lib/python3.13/site-packages/tenacity/__init__.py", line 378, in iter
    result = action(retry_state)
  File "/Users/garfield/Library/Caches/pypoetry/virtualenvs/openhands-ai-hIgrDjAp-py3.13/lib/python3.13/site-packages/tenacity/__init__.py", line 400, in <lambda>
    self._add_action_func(lambda rs: rs.outcome.result())
                                     ~~~~~~~~~~~~~~~~~^^
  File "/Users/garfield/Library/Application Support/uv/python/cpython-3.13.7-macos-aarch64-none/lib/python3.13/concurrent/futures/_base.py", line 449, in result
    return self.__get_result()
           ~~~~~~~~~~~~~~~~~^^
  File "/Users/garfield/Library/Application Support/uv/python/cpython-3.13.7-macos-aarch64-none/lib/python3.13/concurrent/futures/_base.py", line 401, in __get_result
    raise self._exception
  File "/Users/garfield/Library/Caches/pypoetry/virtualenvs/openhands-ai-hIgrDjAp-py3.13/lib/python3.13/site-packages/tenacity/__init__.py", line 480, in __call__
    result = fn(*args, **kwargs)
  File "/Users/garfield/PycharmProjects/SecVerifier-forked/openhands/runtime/utils/request.py", line 44, in send_request
    response = session.request(method, url, timeout=timeout, **kwargs)
  File "/Users/garfield/PycharmProjects/SecVerifier-forked/openhands/utils/http_session.py", line 31, in request
    return CLIENT.request(*args, **kwargs)
           ~~~~~~~~~~~~~~^^^^^^^^^^^^^^^^^
  File "/Users/garfield/Library/Caches/pypoetry/virtualenvs/openhands-ai-hIgrDjAp-py3.13/lib/python3.13/site-packages/httpx/_client.py", line 825, in request
    return self.send(request, auth=auth, follow_redirects=follow_redirects)
           ~~~~~~~~~^^^^^^^^^^^^^^^^^^^^^^^^^^^^^^^^^^^^^^^^^^^^^^^^^^^^^^^
  File "/Users/garfield/Library/Caches/pypoetry/virtualenvs/openhands-ai-hIgrDjAp-py3.13/lib/python3.13/site-packages/httpx/_client.py", line 914, in send
    response = self._send_handling_auth(
        request,
    ...<2 lines>...
        history=[],
    )
  File "/Users/garfield/Library/Caches/pypoetry/virtualenvs/openhands-ai-hIgrDjAp-py3.13/lib/python3.13/site-packages/httpx/_client.py", line 942, in _send_handling_auth
    response = self._send_handling_redirects(
        request,
        follow_redirects=follow_redirects,
        history=history,
    )
  File "/Users/garfield/Library/Caches/pypoetry/virtualenvs/openhands-ai-hIgrDjAp-py3.13/lib/python3.13/site-packages/httpx/_client.py", line 979, in _send_handling_redirects
    response = self._send_single_request(request)
  File "/Users/garfield/Library/Caches/pypoetry/virtualenvs/openhands-ai-hIgrDjAp-py3.13/lib/python3.13/site-packages/httpx/_client.py", line 1014, in _send_single_request
    response = transport.handle_request(request)
  File "/Users/garfield/Library/Caches/pypoetry/virtualenvs/openhands-ai-hIgrDjAp-py3.13/lib/python3.13/site-packages/httpx/_transports/default.py", line 249, in handle_request
    with map_httpcore_exceptions():
         ~~~~~~~~~~~~~~~~~~~~~~~^^
  File "/Users/garfield/Library/Application Support/uv/python/cpython-3.13.7-macos-aarch64-none/lib/python3.13/contextlib.py", line 162, in __exit__
    self.gen.throw(value)
    ~~~~~~~~~~~~~~^^^^^^^
  File "/Users/garfield/Library/Caches/pypoetry/virtualenvs/openhands-ai-hIgrDjAp-py3.13/lib/python3.13/site-packages/httpx/_transports/default.py", line 118, in map_httpcore_exceptions
    raise mapped_exc(message) from exc
httpx.ReadError: [Errno 54] Connection reset by peer

During handling of the above exception, another exception occurred:

Traceback (most recent call last):
  File "/Users/garfield/PycharmProjects/SecVerifier-forked/evaluation/utils/shared.py", line 405, in _process_instance_wrapper
    result = process_instance_func(instance, metadata, use_mp, **kwargs)
  File "/Users/garfield/PycharmProjects/SecVerifier-forked/multi-agent.py", line 1193, in process_instance
    raise EvalException(f'Unhandled error: {error_msg}')
evaluation.utils.shared.EvalException: Unhandled error: [Errno 54] Connection reset by peer

----------[The above error occurred. Retrying... (attempt 2 of 3)]----------

2025-11-06 09:36:28,009 - INFO - Processing instance: imagemagick.cve-2019-13297 using run_controller
2025-11-06 09:36:28,010 - INFO - Using runtime container image: ghcr.io/all-hands-ai/runtime:0.52-nikolaik
2025-11-06 09:36:28,010 - INFO - Using LLM config: llm.4o
2025-11-06 09:36:28,010 - INFO - Using Condenser: recent
2025-11-06 09:36:28,011 - INFO - Using Condenser config: recent
2025-11-06 09:36:28,011 - INFO - Max iterations: 300
2025-11-06 09:36:28,011 - INFO - Headless mode: True
2025-11-06 09:36:28,011 - INFO - Trajectory directory: output/SEC-bench/Seed/MultiAgent/gpt-4o_maxiter_300_N_condenser=recent/imagemagick.cve-2019-13297/20251106_093627
2025-11-06 09:36:28,012 - INFO - Log completions folder: output/SEC-bench/Seed/MultiAgent/gpt-4o_maxiter_300_N_condenser=recent/imagemagick.cve-2019-13297/20251106_093627/completions
2025-11-06 09:36:28,012 - INFO - --------------------------------------------------
2025-11-06 09:36:28,386 - INFO - [runtime 6439c41b-c511-44-309b3909c299a87] Starting runtime with image: ghcr.io/all-hands-ai/runtime:0.52-nikolaik
2025-11-06 09:36:30,016 - INFO - [runtime 6439c41b-c511-44-309b3909c299a87] Starting server with command: ['/openhands/micromamba/bin/micromamba', 'run', '-n', 'openhands', 'poetry', 'run', 'python', '-u', '-m', 'openhands.runtime.action_execution_server', '39461', '--working-dir', '/workspace', '--plugins', 'agent_skills', 'jupyter', '--username', 'root', '--user-id', '0', '--git-user-name', 'openhands', '--git-user-email', 'openhands@all-hands.dev']
2025-11-06 09:36:36,646 - INFO - [runtime 6439c41b-c511-44-309b3909c299a87] Container started: openhands-runtime-6439c41b-c511-44-309b3909c299a87. VSCode URL: None
2025-11-06 09:36:36,648 - INFO - [runtime 6439c41b-c511-44-309b3909c299a87] Waiting for client to become ready at http://localhost:39461...
2025-11-06 09:38:37,473 - ERROR - Error processing instance imagemagick.cve-2019-13297: [Errno 54] Connection reset by peer
2025-11-06 09:38:37,492 - ERROR - Traceback (most recent call last):
  File "/Users/garfield/Library/Caches/pypoetry/virtualenvs/openhands-ai-hIgrDjAp-py3.13/lib/python3.13/site-packages/httpx/_transports/default.py", line 101, in map_httpcore_exceptions
    yield
  File "/Users/garfield/Library/Caches/pypoetry/virtualenvs/openhands-ai-hIgrDjAp-py3.13/lib/python3.13/site-packages/httpx/_transports/default.py", line 250, in handle_request
    resp = self._pool.handle_request(req)
  File "/Users/garfield/Library/Caches/pypoetry/virtualenvs/openhands-ai-hIgrDjAp-py3.13/lib/python3.13/site-packages/httpcore/_sync/connection_pool.py", line 256, in handle_request
    raise exc from None
  File "/Users/garfield/Library/Caches/pypoetry/virtualenvs/openhands-ai-hIgrDjAp-py3.13/lib/python3.13/site-packages/httpcore/_sync/connection_pool.py", line 236, in handle_request
    response = connection.handle_request(
        pool_request.request
    )
  File "/Users/garfield/Library/Caches/pypoetry/virtualenvs/openhands-ai-hIgrDjAp-py3.13/lib/python3.13/site-packages/httpcore/_sync/connection.py", line 103, in handle_request
    return self._connection.handle_request(request)
           ~~~~~~~~~~~~~~~~~~~~~~~~~~~~~~~^^^^^^^^^
  File "/Users/garfield/Library/Caches/pypoetry/virtualenvs/openhands-ai-hIgrDjAp-py3.13/lib/python3.13/site-packages/httpcore/_sync/http11.py", line 136, in handle_request
    raise exc
  File "/Users/garfield/Library/Caches/pypoetry/virtualenvs/openhands-ai-hIgrDjAp-py3.13/lib/python3.13/site-packages/httpcore/_sync/http11.py", line 106, in handle_request
    ) = self._receive_response_headers(**kwargs)
        ~~~~~~~~~~~~~~~~~~~~~~~~~~~~~~^^^^^^^^^^
  File "/Users/garfield/Library/Caches/pypoetry/virtualenvs/openhands-ai-hIgrDjAp-py3.13/lib/python3.13/site-packages/httpcore/_sync/http11.py", line 177, in _receive_response_headers
    event = self._receive_event(timeout=timeout)
  File "/Users/garfield/Library/Caches/pypoetry/virtualenvs/openhands-ai-hIgrDjAp-py3.13/lib/python3.13/site-packages/httpcore/_sync/http11.py", line 217, in _receive_event
    data = self._network_stream.read(
        self.READ_NUM_BYTES, timeout=timeout
    )
  File "/Users/garfield/Library/Caches/pypoetry/virtualenvs/openhands-ai-hIgrDjAp-py3.13/lib/python3.13/site-packages/httpcore/_backends/sync.py", line 126, in read
    with map_exceptions(exc_map):
         ~~~~~~~~~~~~~~^^^^^^^^^
  File "/Users/garfield/Library/Application Support/uv/python/cpython-3.13.7-macos-aarch64-none/lib/python3.13/contextlib.py", line 162, in __exit__
    self.gen.throw(value)
    ~~~~~~~~~~~~~~^^^^^^^
  File "/Users/garfield/Library/Caches/pypoetry/virtualenvs/openhands-ai-hIgrDjAp-py3.13/lib/python3.13/site-packages/httpcore/_exceptions.py", line 14, in map_exceptions
    raise to_exc(exc) from exc
httpcore.ReadError: [Errno 54] Connection reset by peer

The above exception was the direct cause of the following exception:

Traceback (most recent call last):
  File "/Users/garfield/PycharmProjects/SecVerifier-forked/multi-agent.py", line 1105, in process_instance
    call_async_from_sync(runtime.connect)
    ~~~~~~~~~~~~~~~~~~~~^^^^^^^^^^^^^^^^^
  File "/Users/garfield/PycharmProjects/SecVerifier-forked/openhands/utils/async_utils.py", line 54, in call_async_from_sync
    result = future.result()
  File "/Users/garfield/Library/Application Support/uv/python/cpython-3.13.7-macos-aarch64-none/lib/python3.13/concurrent/futures/_base.py", line 456, in result
    return self.__get_result()
           ~~~~~~~~~~~~~~~~~^^
  File "/Users/garfield/Library/Application Support/uv/python/cpython-3.13.7-macos-aarch64-none/lib/python3.13/concurrent/futures/_base.py", line 401, in __get_result
    raise self._exception
  File "/Users/garfield/Library/Application Support/uv/python/cpython-3.13.7-macos-aarch64-none/lib/python3.13/concurrent/futures/thread.py", line 59, in run
    result = self.fn(*self.args, **self.kwargs)
  File "/Users/garfield/PycharmProjects/SecVerifier-forked/openhands/utils/async_utils.py", line 44, in run
    return asyncio.run(arun())
           ~~~~~~~~~~~^^^^^^^^
  File "/Users/garfield/Library/Application Support/uv/python/cpython-3.13.7-macos-aarch64-none/lib/python3.13/asyncio/runners.py", line 195, in run
    return runner.run(main)
           ~~~~~~~~~~^^^^^^
  File "/Users/garfield/Library/Application Support/uv/python/cpython-3.13.7-macos-aarch64-none/lib/python3.13/asyncio/runners.py", line 118, in run
    return self._loop.run_until_complete(task)
           ~~~~~~~~~~~~~~~~~~~~~~~~~~~~~^^^^^^
  File "/Users/garfield/Library/Application Support/uv/python/cpython-3.13.7-macos-aarch64-none/lib/python3.13/asyncio/base_events.py", line 725, in run_until_complete
    return future.result()
           ~~~~~~~~~~~~~^^
  File "/Users/garfield/PycharmProjects/SecVerifier-forked/openhands/utils/async_utils.py", line 37, in arun
    result = await coro
             ^^^^^^^^^^
  File "/Users/garfield/PycharmProjects/SecVerifier-forked/openhands/runtime/impl/docker/docker_runtime.py", line 197, in connect
    await call_sync_from_async(self.wait_until_alive)
  File "/Users/garfield/PycharmProjects/SecVerifier-forked/openhands/utils/async_utils.py", line 18, in call_sync_from_async
    result = await coro
             ^^^^^^^^^^
  File "/Users/garfield/Library/Application Support/uv/python/cpython-3.13.7-macos-aarch64-none/lib/python3.13/concurrent/futures/thread.py", line 59, in run
    result = self.fn(*self.args, **self.kwargs)
  File "/Users/garfield/PycharmProjects/SecVerifier-forked/openhands/utils/async_utils.py", line 17, in <lambda>
    coro = loop.run_in_executor(None, lambda: fn(*args, **kwargs))
                                              ~~^^^^^^^^^^^^^^^^^
  File "/Users/garfield/Library/Caches/pypoetry/virtualenvs/openhands-ai-hIgrDjAp-py3.13/lib/python3.13/site-packages/tenacity/__init__.py", line 338, in wrapped_f
    return copy(f, *args, **kw)
  File "/Users/garfield/Library/Caches/pypoetry/virtualenvs/openhands-ai-hIgrDjAp-py3.13/lib/python3.13/site-packages/tenacity/__init__.py", line 477, in __call__
    do = self.iter(retry_state=retry_state)
  File "/Users/garfield/Library/Caches/pypoetry/virtualenvs/openhands-ai-hIgrDjAp-py3.13/lib/python3.13/site-packages/tenacity/__init__.py", line 378, in iter
    result = action(retry_state)
  File "/Users/garfield/Library/Caches/pypoetry/virtualenvs/openhands-ai-hIgrDjAp-py3.13/lib/python3.13/site-packages/tenacity/__init__.py", line 420, in exc_check
    raise retry_exc.reraise()
          ~~~~~~~~~~~~~~~~~^^
  File "/Users/garfield/Library/Caches/pypoetry/virtualenvs/openhands-ai-hIgrDjAp-py3.13/lib/python3.13/site-packages/tenacity/__init__.py", line 187, in reraise
    raise self.last_attempt.result()
          ~~~~~~~~~~~~~~~~~~~~~~~~^^
  File "/Users/garfield/Library/Application Support/uv/python/cpython-3.13.7-macos-aarch64-none/lib/python3.13/concurrent/futures/_base.py", line 449, in result
    return self.__get_result()
           ~~~~~~~~~~~~~~~~~^^
  File "/Users/garfield/Library/Application Support/uv/python/cpython-3.13.7-macos-aarch64-none/lib/python3.13/concurrent/futures/_base.py", line 401, in __get_result
    raise self._exception
  File "/Users/garfield/Library/Caches/pypoetry/virtualenvs/openhands-ai-hIgrDjAp-py3.13/lib/python3.13/site-packages/tenacity/__init__.py", line 480, in __call__
    result = fn(*args, **kwargs)
  File "/Users/garfield/PycharmProjects/SecVerifier-forked/openhands/runtime/impl/docker/docker_runtime.py", line 559, in wait_until_alive
    self.check_if_alive()
    ~~~~~~~~~~~~~~~~~~~^^
  File "/Users/garfield/PycharmProjects/SecVerifier-forked/openhands/runtime/impl/action_execution/action_execution_client.py", line 129, in check_if_alive
    response = self._send_action_server_request(
        'GET',
        f'{self.action_execution_server_url}/alive',
        timeout=5,
    )
  File "/Users/garfield/Library/Caches/pypoetry/virtualenvs/openhands-ai-hIgrDjAp-py3.13/lib/python3.13/site-packages/tenacity/__init__.py", line 338, in wrapped_f
    return copy(f, *args, **kw)
  File "/Users/garfield/Library/Caches/pypoetry/virtualenvs/openhands-ai-hIgrDjAp-py3.13/lib/python3.13/site-packages/tenacity/__init__.py", line 477, in __call__
    do = self.iter(retry_state=retry_state)
  File "/Users/garfield/Library/Caches/pypoetry/virtualenvs/openhands-ai-hIgrDjAp-py3.13/lib/python3.13/site-packages/tenacity/__init__.py", line 378, in iter
    result = action(retry_state)
  File "/Users/garfield/Library/Caches/pypoetry/virtualenvs/openhands-ai-hIgrDjAp-py3.13/lib/python3.13/site-packages/tenacity/__init__.py", line 400, in <lambda>
    self._add_action_func(lambda rs: rs.outcome.result())
                                     ~~~~~~~~~~~~~~~~~^^
  File "/Users/garfield/Library/Application Support/uv/python/cpython-3.13.7-macos-aarch64-none/lib/python3.13/concurrent/futures/_base.py", line 449, in result
    return self.__get_result()
           ~~~~~~~~~~~~~~~~~^^
  File "/Users/garfield/Library/Application Support/uv/python/cpython-3.13.7-macos-aarch64-none/lib/python3.13/concurrent/futures/_base.py", line 401, in __get_result
    raise self._exception
  File "/Users/garfield/Library/Caches/pypoetry/virtualenvs/openhands-ai-hIgrDjAp-py3.13/lib/python3.13/site-packages/tenacity/__init__.py", line 480, in __call__
    result = fn(*args, **kwargs)
  File "/Users/garfield/PycharmProjects/SecVerifier-forked/openhands/runtime/impl/action_execution/action_execution_client.py", line 126, in _send_action_server_request
    return send_request(self.session, method, url, **kwargs)
  File "/Users/garfield/Library/Caches/pypoetry/virtualenvs/openhands-ai-hIgrDjAp-py3.13/lib/python3.13/site-packages/tenacity/__init__.py", line 338, in wrapped_f
    return copy(f, *args, **kw)
  File "/Users/garfield/Library/Caches/pypoetry/virtualenvs/openhands-ai-hIgrDjAp-py3.13/lib/python3.13/site-packages/tenacity/__init__.py", line 477, in __call__
    do = self.iter(retry_state=retry_state)
  File "/Users/garfield/Library/Caches/pypoetry/virtualenvs/openhands-ai-hIgrDjAp-py3.13/lib/python3.13/site-packages/tenacity/__init__.py", line 378, in iter
    result = action(retry_state)
  File "/Users/garfield/Library/Caches/pypoetry/virtualenvs/openhands-ai-hIgrDjAp-py3.13/lib/python3.13/site-packages/tenacity/__init__.py", line 400, in <lambda>
    self._add_action_func(lambda rs: rs.outcome.result())
                                     ~~~~~~~~~~~~~~~~~^^
  File "/Users/garfield/Library/Application Support/uv/python/cpython-3.13.7-macos-aarch64-none/lib/python3.13/concurrent/futures/_base.py", line 449, in result
    return self.__get_result()
           ~~~~~~~~~~~~~~~~~^^
  File "/Users/garfield/Library/Application Support/uv/python/cpython-3.13.7-macos-aarch64-none/lib/python3.13/concurrent/futures/_base.py", line 401, in __get_result
    raise self._exception
  File "/Users/garfield/Library/Caches/pypoetry/virtualenvs/openhands-ai-hIgrDjAp-py3.13/lib/python3.13/site-packages/tenacity/__init__.py", line 480, in __call__
    result = fn(*args, **kwargs)
  File "/Users/garfield/PycharmProjects/SecVerifier-forked/openhands/runtime/utils/request.py", line 44, in send_request
    response = session.request(method, url, timeout=timeout, **kwargs)
  File "/Users/garfield/PycharmProjects/SecVerifier-forked/openhands/utils/http_session.py", line 31, in request
    return CLIENT.request(*args, **kwargs)
           ~~~~~~~~~~~~~~^^^^^^^^^^^^^^^^^
  File "/Users/garfield/Library/Caches/pypoetry/virtualenvs/openhands-ai-hIgrDjAp-py3.13/lib/python3.13/site-packages/httpx/_client.py", line 825, in request
    return self.send(request, auth=auth, follow_redirects=follow_redirects)
           ~~~~~~~~~^^^^^^^^^^^^^^^^^^^^^^^^^^^^^^^^^^^^^^^^^^^^^^^^^^^^^^^
  File "/Users/garfield/Library/Caches/pypoetry/virtualenvs/openhands-ai-hIgrDjAp-py3.13/lib/python3.13/site-packages/httpx/_client.py", line 914, in send
    response = self._send_handling_auth(
        request,
    ...<2 lines>...
        history=[],
    )
  File "/Users/garfield/Library/Caches/pypoetry/virtualenvs/openhands-ai-hIgrDjAp-py3.13/lib/python3.13/site-packages/httpx/_client.py", line 942, in _send_handling_auth
    response = self._send_handling_redirects(
        request,
        follow_redirects=follow_redirects,
        history=history,
    )
  File "/Users/garfield/Library/Caches/pypoetry/virtualenvs/openhands-ai-hIgrDjAp-py3.13/lib/python3.13/site-packages/httpx/_client.py", line 979, in _send_handling_redirects
    response = self._send_single_request(request)
  File "/Users/garfield/Library/Caches/pypoetry/virtualenvs/openhands-ai-hIgrDjAp-py3.13/lib/python3.13/site-packages/httpx/_client.py", line 1014, in _send_single_request
    response = transport.handle_request(request)
  File "/Users/garfield/Library/Caches/pypoetry/virtualenvs/openhands-ai-hIgrDjAp-py3.13/lib/python3.13/site-packages/httpx/_transports/default.py", line 249, in handle_request
    with map_httpcore_exceptions():
         ~~~~~~~~~~~~~~~~~~~~~~~^^
  File "/Users/garfield/Library/Application Support/uv/python/cpython-3.13.7-macos-aarch64-none/lib/python3.13/contextlib.py", line 162, in __exit__
    self.gen.throw(value)
    ~~~~~~~~~~~~~~^^^^^^^
  File "/Users/garfield/Library/Caches/pypoetry/virtualenvs/openhands-ai-hIgrDjAp-py3.13/lib/python3.13/site-packages/httpx/_transports/default.py", line 118, in map_httpcore_exceptions
    raise mapped_exc(message) from exc
httpx.ReadError: [Errno 54] Connection reset by peer

2025-11-06 09:38:43,021 - INFO - Runtime for instance imagemagick.cve-2019-13297 closed.
2025-11-06 09:38:43,042 - ERROR - ----------
Error in instance [imagemagick.cve-2019-13297]: Unhandled error: [Errno 54] Connection reset by peer. Stacktrace:
Traceback (most recent call last):
  File "/Users/garfield/Library/Caches/pypoetry/virtualenvs/openhands-ai-hIgrDjAp-py3.13/lib/python3.13/site-packages/httpx/_transports/default.py", line 101, in map_httpcore_exceptions
    yield
  File "/Users/garfield/Library/Caches/pypoetry/virtualenvs/openhands-ai-hIgrDjAp-py3.13/lib/python3.13/site-packages/httpx/_transports/default.py", line 250, in handle_request
    resp = self._pool.handle_request(req)
  File "/Users/garfield/Library/Caches/pypoetry/virtualenvs/openhands-ai-hIgrDjAp-py3.13/lib/python3.13/site-packages/httpcore/_sync/connection_pool.py", line 256, in handle_request
    raise exc from None
  File "/Users/garfield/Library/Caches/pypoetry/virtualenvs/openhands-ai-hIgrDjAp-py3.13/lib/python3.13/site-packages/httpcore/_sync/connection_pool.py", line 236, in handle_request
    response = connection.handle_request(
        pool_request.request
    )
  File "/Users/garfield/Library/Caches/pypoetry/virtualenvs/openhands-ai-hIgrDjAp-py3.13/lib/python3.13/site-packages/httpcore/_sync/connection.py", line 103, in handle_request
    return self._connection.handle_request(request)
           ~~~~~~~~~~~~~~~~~~~~~~~~~~~~~~~^^^^^^^^^
  File "/Users/garfield/Library/Caches/pypoetry/virtualenvs/openhands-ai-hIgrDjAp-py3.13/lib/python3.13/site-packages/httpcore/_sync/http11.py", line 136, in handle_request
    raise exc
  File "/Users/garfield/Library/Caches/pypoetry/virtualenvs/openhands-ai-hIgrDjAp-py3.13/lib/python3.13/site-packages/httpcore/_sync/http11.py", line 106, in handle_request
    ) = self._receive_response_headers(**kwargs)
        ~~~~~~~~~~~~~~~~~~~~~~~~~~~~~~^^^^^^^^^^
  File "/Users/garfield/Library/Caches/pypoetry/virtualenvs/openhands-ai-hIgrDjAp-py3.13/lib/python3.13/site-packages/httpcore/_sync/http11.py", line 177, in _receive_response_headers
    event = self._receive_event(timeout=timeout)
  File "/Users/garfield/Library/Caches/pypoetry/virtualenvs/openhands-ai-hIgrDjAp-py3.13/lib/python3.13/site-packages/httpcore/_sync/http11.py", line 217, in _receive_event
    data = self._network_stream.read(
        self.READ_NUM_BYTES, timeout=timeout
    )
  File "/Users/garfield/Library/Caches/pypoetry/virtualenvs/openhands-ai-hIgrDjAp-py3.13/lib/python3.13/site-packages/httpcore/_backends/sync.py", line 126, in read
    with map_exceptions(exc_map):
         ~~~~~~~~~~~~~~^^^^^^^^^
  File "/Users/garfield/Library/Application Support/uv/python/cpython-3.13.7-macos-aarch64-none/lib/python3.13/contextlib.py", line 162, in __exit__
    self.gen.throw(value)
    ~~~~~~~~~~~~~~^^^^^^^
  File "/Users/garfield/Library/Caches/pypoetry/virtualenvs/openhands-ai-hIgrDjAp-py3.13/lib/python3.13/site-packages/httpcore/_exceptions.py", line 14, in map_exceptions
    raise to_exc(exc) from exc
httpcore.ReadError: [Errno 54] Connection reset by peer

The above exception was the direct cause of the following exception:

Traceback (most recent call last):
  File "/Users/garfield/PycharmProjects/SecVerifier-forked/multi-agent.py", line 1105, in process_instance
    call_async_from_sync(runtime.connect)
    ~~~~~~~~~~~~~~~~~~~~^^^^^^^^^^^^^^^^^
  File "/Users/garfield/PycharmProjects/SecVerifier-forked/openhands/utils/async_utils.py", line 54, in call_async_from_sync
    result = future.result()
  File "/Users/garfield/Library/Application Support/uv/python/cpython-3.13.7-macos-aarch64-none/lib/python3.13/concurrent/futures/_base.py", line 456, in result
    return self.__get_result()
           ~~~~~~~~~~~~~~~~~^^
  File "/Users/garfield/Library/Application Support/uv/python/cpython-3.13.7-macos-aarch64-none/lib/python3.13/concurrent/futures/_base.py", line 401, in __get_result
    raise self._exception
  File "/Users/garfield/Library/Application Support/uv/python/cpython-3.13.7-macos-aarch64-none/lib/python3.13/concurrent/futures/thread.py", line 59, in run
    result = self.fn(*self.args, **self.kwargs)
  File "/Users/garfield/PycharmProjects/SecVerifier-forked/openhands/utils/async_utils.py", line 44, in run
    return asyncio.run(arun())
           ~~~~~~~~~~~^^^^^^^^
  File "/Users/garfield/Library/Application Support/uv/python/cpython-3.13.7-macos-aarch64-none/lib/python3.13/asyncio/runners.py", line 195, in run
    return runner.run(main)
           ~~~~~~~~~~^^^^^^
  File "/Users/garfield/Library/Application Support/uv/python/cpython-3.13.7-macos-aarch64-none/lib/python3.13/asyncio/runners.py", line 118, in run
    return self._loop.run_until_complete(task)
           ~~~~~~~~~~~~~~~~~~~~~~~~~~~~~^^^^^^
  File "/Users/garfield/Library/Application Support/uv/python/cpython-3.13.7-macos-aarch64-none/lib/python3.13/asyncio/base_events.py", line 725, in run_until_complete
    return future.result()
           ~~~~~~~~~~~~~^^
  File "/Users/garfield/PycharmProjects/SecVerifier-forked/openhands/utils/async_utils.py", line 37, in arun
    result = await coro
             ^^^^^^^^^^
  File "/Users/garfield/PycharmProjects/SecVerifier-forked/openhands/runtime/impl/docker/docker_runtime.py", line 197, in connect
    await call_sync_from_async(self.wait_until_alive)
  File "/Users/garfield/PycharmProjects/SecVerifier-forked/openhands/utils/async_utils.py", line 18, in call_sync_from_async
    result = await coro
             ^^^^^^^^^^
  File "/Users/garfield/Library/Application Support/uv/python/cpython-3.13.7-macos-aarch64-none/lib/python3.13/concurrent/futures/thread.py", line 59, in run
    result = self.fn(*self.args, **self.kwargs)
  File "/Users/garfield/PycharmProjects/SecVerifier-forked/openhands/utils/async_utils.py", line 17, in <lambda>
    coro = loop.run_in_executor(None, lambda: fn(*args, **kwargs))
                                              ~~^^^^^^^^^^^^^^^^^
  File "/Users/garfield/Library/Caches/pypoetry/virtualenvs/openhands-ai-hIgrDjAp-py3.13/lib/python3.13/site-packages/tenacity/__init__.py", line 338, in wrapped_f
    return copy(f, *args, **kw)
  File "/Users/garfield/Library/Caches/pypoetry/virtualenvs/openhands-ai-hIgrDjAp-py3.13/lib/python3.13/site-packages/tenacity/__init__.py", line 477, in __call__
    do = self.iter(retry_state=retry_state)
  File "/Users/garfield/Library/Caches/pypoetry/virtualenvs/openhands-ai-hIgrDjAp-py3.13/lib/python3.13/site-packages/tenacity/__init__.py", line 378, in iter
    result = action(retry_state)
  File "/Users/garfield/Library/Caches/pypoetry/virtualenvs/openhands-ai-hIgrDjAp-py3.13/lib/python3.13/site-packages/tenacity/__init__.py", line 420, in exc_check
    raise retry_exc.reraise()
          ~~~~~~~~~~~~~~~~~^^
  File "/Users/garfield/Library/Caches/pypoetry/virtualenvs/openhands-ai-hIgrDjAp-py3.13/lib/python3.13/site-packages/tenacity/__init__.py", line 187, in reraise
    raise self.last_attempt.result()
          ~~~~~~~~~~~~~~~~~~~~~~~~^^
  File "/Users/garfield/Library/Application Support/uv/python/cpython-3.13.7-macos-aarch64-none/lib/python3.13/concurrent/futures/_base.py", line 449, in result
    return self.__get_result()
           ~~~~~~~~~~~~~~~~~^^
  File "/Users/garfield/Library/Application Support/uv/python/cpython-3.13.7-macos-aarch64-none/lib/python3.13/concurrent/futures/_base.py", line 401, in __get_result
    raise self._exception
  File "/Users/garfield/Library/Caches/pypoetry/virtualenvs/openhands-ai-hIgrDjAp-py3.13/lib/python3.13/site-packages/tenacity/__init__.py", line 480, in __call__
    result = fn(*args, **kwargs)
  File "/Users/garfield/PycharmProjects/SecVerifier-forked/openhands/runtime/impl/docker/docker_runtime.py", line 559, in wait_until_alive
    self.check_if_alive()
    ~~~~~~~~~~~~~~~~~~~^^
  File "/Users/garfield/PycharmProjects/SecVerifier-forked/openhands/runtime/impl/action_execution/action_execution_client.py", line 129, in check_if_alive
    response = self._send_action_server_request(
        'GET',
        f'{self.action_execution_server_url}/alive',
        timeout=5,
    )
  File "/Users/garfield/Library/Caches/pypoetry/virtualenvs/openhands-ai-hIgrDjAp-py3.13/lib/python3.13/site-packages/tenacity/__init__.py", line 338, in wrapped_f
    return copy(f, *args, **kw)
  File "/Users/garfield/Library/Caches/pypoetry/virtualenvs/openhands-ai-hIgrDjAp-py3.13/lib/python3.13/site-packages/tenacity/__init__.py", line 477, in __call__
    do = self.iter(retry_state=retry_state)
  File "/Users/garfield/Library/Caches/pypoetry/virtualenvs/openhands-ai-hIgrDjAp-py3.13/lib/python3.13/site-packages/tenacity/__init__.py", line 378, in iter
    result = action(retry_state)
  File "/Users/garfield/Library/Caches/pypoetry/virtualenvs/openhands-ai-hIgrDjAp-py3.13/lib/python3.13/site-packages/tenacity/__init__.py", line 400, in <lambda>
    self._add_action_func(lambda rs: rs.outcome.result())
                                     ~~~~~~~~~~~~~~~~~^^
  File "/Users/garfield/Library/Application Support/uv/python/cpython-3.13.7-macos-aarch64-none/lib/python3.13/concurrent/futures/_base.py", line 449, in result
    return self.__get_result()
           ~~~~~~~~~~~~~~~~~^^
  File "/Users/garfield/Library/Application Support/uv/python/cpython-3.13.7-macos-aarch64-none/lib/python3.13/concurrent/futures/_base.py", line 401, in __get_result
    raise self._exception
  File "/Users/garfield/Library/Caches/pypoetry/virtualenvs/openhands-ai-hIgrDjAp-py3.13/lib/python3.13/site-packages/tenacity/__init__.py", line 480, in __call__
    result = fn(*args, **kwargs)
  File "/Users/garfield/PycharmProjects/SecVerifier-forked/openhands/runtime/impl/action_execution/action_execution_client.py", line 126, in _send_action_server_request
    return send_request(self.session, method, url, **kwargs)
  File "/Users/garfield/Library/Caches/pypoetry/virtualenvs/openhands-ai-hIgrDjAp-py3.13/lib/python3.13/site-packages/tenacity/__init__.py", line 338, in wrapped_f
    return copy(f, *args, **kw)
  File "/Users/garfield/Library/Caches/pypoetry/virtualenvs/openhands-ai-hIgrDjAp-py3.13/lib/python3.13/site-packages/tenacity/__init__.py", line 477, in __call__
    do = self.iter(retry_state=retry_state)
  File "/Users/garfield/Library/Caches/pypoetry/virtualenvs/openhands-ai-hIgrDjAp-py3.13/lib/python3.13/site-packages/tenacity/__init__.py", line 378, in iter
    result = action(retry_state)
  File "/Users/garfield/Library/Caches/pypoetry/virtualenvs/openhands-ai-hIgrDjAp-py3.13/lib/python3.13/site-packages/tenacity/__init__.py", line 400, in <lambda>
    self._add_action_func(lambda rs: rs.outcome.result())
                                     ~~~~~~~~~~~~~~~~~^^
  File "/Users/garfield/Library/Application Support/uv/python/cpython-3.13.7-macos-aarch64-none/lib/python3.13/concurrent/futures/_base.py", line 449, in result
    return self.__get_result()
           ~~~~~~~~~~~~~~~~~^^
  File "/Users/garfield/Library/Application Support/uv/python/cpython-3.13.7-macos-aarch64-none/lib/python3.13/concurrent/futures/_base.py", line 401, in __get_result
    raise self._exception
  File "/Users/garfield/Library/Caches/pypoetry/virtualenvs/openhands-ai-hIgrDjAp-py3.13/lib/python3.13/site-packages/tenacity/__init__.py", line 480, in __call__
    result = fn(*args, **kwargs)
  File "/Users/garfield/PycharmProjects/SecVerifier-forked/openhands/runtime/utils/request.py", line 44, in send_request
    response = session.request(method, url, timeout=timeout, **kwargs)
  File "/Users/garfield/PycharmProjects/SecVerifier-forked/openhands/utils/http_session.py", line 31, in request
    return CLIENT.request(*args, **kwargs)
           ~~~~~~~~~~~~~~^^^^^^^^^^^^^^^^^
  File "/Users/garfield/Library/Caches/pypoetry/virtualenvs/openhands-ai-hIgrDjAp-py3.13/lib/python3.13/site-packages/httpx/_client.py", line 825, in request
    return self.send(request, auth=auth, follow_redirects=follow_redirects)
           ~~~~~~~~~^^^^^^^^^^^^^^^^^^^^^^^^^^^^^^^^^^^^^^^^^^^^^^^^^^^^^^^
  File "/Users/garfield/Library/Caches/pypoetry/virtualenvs/openhands-ai-hIgrDjAp-py3.13/lib/python3.13/site-packages/httpx/_client.py", line 914, in send
    response = self._send_handling_auth(
        request,
    ...<2 lines>...
        history=[],
    )
  File "/Users/garfield/Library/Caches/pypoetry/virtualenvs/openhands-ai-hIgrDjAp-py3.13/lib/python3.13/site-packages/httpx/_client.py", line 942, in _send_handling_auth
    response = self._send_handling_redirects(
        request,
        follow_redirects=follow_redirects,
        history=history,
    )
  File "/Users/garfield/Library/Caches/pypoetry/virtualenvs/openhands-ai-hIgrDjAp-py3.13/lib/python3.13/site-packages/httpx/_client.py", line 979, in _send_handling_redirects
    response = self._send_single_request(request)
  File "/Users/garfield/Library/Caches/pypoetry/virtualenvs/openhands-ai-hIgrDjAp-py3.13/lib/python3.13/site-packages/httpx/_client.py", line 1014, in _send_single_request
    response = transport.handle_request(request)
  File "/Users/garfield/Library/Caches/pypoetry/virtualenvs/openhands-ai-hIgrDjAp-py3.13/lib/python3.13/site-packages/httpx/_transports/default.py", line 249, in handle_request
    with map_httpcore_exceptions():
         ~~~~~~~~~~~~~~~~~~~~~~~^^
  File "/Users/garfield/Library/Application Support/uv/python/cpython-3.13.7-macos-aarch64-none/lib/python3.13/contextlib.py", line 162, in __exit__
    self.gen.throw(value)
    ~~~~~~~~~~~~~~^^^^^^^
  File "/Users/garfield/Library/Caches/pypoetry/virtualenvs/openhands-ai-hIgrDjAp-py3.13/lib/python3.13/site-packages/httpx/_transports/default.py", line 118, in map_httpcore_exceptions
    raise mapped_exc(message) from exc
httpx.ReadError: [Errno 54] Connection reset by peer

During handling of the above exception, another exception occurred:

Traceback (most recent call last):
  File "/Users/garfield/PycharmProjects/SecVerifier-forked/evaluation/utils/shared.py", line 405, in _process_instance_wrapper
    result = process_instance_func(instance, metadata, use_mp, **kwargs)
  File "/Users/garfield/PycharmProjects/SecVerifier-forked/multi-agent.py", line 1193, in process_instance
    raise EvalException(f'Unhandled error: {error_msg}')
evaluation.utils.shared.EvalException: Unhandled error: [Errno 54] Connection reset by peer

----------[The above error occurred. Retrying... (attempt 3 of 3)]----------

2025-11-06 09:38:48,085 - INFO - Processing instance: imagemagick.cve-2019-13297 using run_controller
2025-11-06 09:38:48,085 - INFO - Using runtime container image: ghcr.io/all-hands-ai/runtime:0.52-nikolaik
2025-11-06 09:38:48,085 - INFO - Using LLM config: llm.4o
2025-11-06 09:38:48,085 - INFO - Using Condenser: recent
2025-11-06 09:38:48,086 - INFO - Using Condenser config: recent
2025-11-06 09:38:48,086 - INFO - Max iterations: 300
2025-11-06 09:38:48,086 - INFO - Headless mode: True
2025-11-06 09:38:48,086 - INFO - Trajectory directory: output/SEC-bench/Seed/MultiAgent/gpt-4o_maxiter_300_N_condenser=recent/imagemagick.cve-2019-13297/20251106_093848
2025-11-06 09:38:48,086 - INFO - Log completions folder: output/SEC-bench/Seed/MultiAgent/gpt-4o_maxiter_300_N_condenser=recent/imagemagick.cve-2019-13297/20251106_093848/completions
2025-11-06 09:38:48,086 - INFO - --------------------------------------------------
2025-11-06 09:38:48,310 - INFO - [runtime 57dce6af-d077-4c-d5fd8dbb2320e0f] Starting runtime with image: ghcr.io/all-hands-ai/runtime:0.52-nikolaik
2025-11-06 09:38:48,665 - INFO - [runtime 57dce6af-d077-4c-d5fd8dbb2320e0f] Starting server with command: ['/openhands/micromamba/bin/micromamba', 'run', '-n', 'openhands', 'poetry', 'run', 'python', '-u', '-m', 'openhands.runtime.action_execution_server', '33908', '--working-dir', '/workspace', '--plugins', 'agent_skills', 'jupyter', '--username', 'root', '--user-id', '0', '--git-user-name', 'openhands', '--git-user-email', 'openhands@all-hands.dev']
2025-11-06 09:38:50,544 - INFO - [runtime 57dce6af-d077-4c-d5fd8dbb2320e0f] Container started: openhands-runtime-57dce6af-d077-4c-d5fd8dbb2320e0f. VSCode URL: None
2025-11-06 09:38:50,545 - INFO - [runtime 57dce6af-d077-4c-d5fd8dbb2320e0f] Waiting for client to become ready at http://localhost:33908...
2025-11-06 09:39:53,472 - INFO - [runtime 57dce6af-d077-4c-d5fd8dbb2320e0f] Runtime is ready.
2025-11-06 09:39:54,851 - INFO - ============================================================
2025-11-06 09:39:54,852 - INFO - REPOSITORY INITIALIZATION STARTING
2025-11-06 09:39:54,852 - INFO - ============================================================
2025-11-06 09:39:54,853 - INFO - Repository: imagemagick/imagemagick
2025-11-06 09:39:54,854 - INFO - Target commit: a7759f410b77...
2025-11-06 09:39:54,854 - INFO - Working directory: /src/imagemagick
2025-11-06 09:39:54,854 - INFO - ------------------------------------------------------------
2025-11-06 09:39:54,854 - INFO - Step 1/4: Creating parent directory /src...
2025-11-06 09:39:55,543 - INFO - ✓ Parent directory created
2025-11-06 09:39:55,543 - INFO - Step 2/4: Cloning repository from https://github.com/imagemagick/imagemagick...
2025-11-06 09:39:55,544 - INFO - This may take 30-60 seconds depending on repository size.
2025-11-06 09:41:26,345 - INFO - ✓ Successfully cloned imagemagick/imagemagick
2025-11-06 09:41:26,347 - INFO - Clone summary: Resolving deltas: 100% (151232/151232), done.
2025-11-06 09:41:26,347 - INFO - Step 3/4: Checking out commit a7759f410b77...
2025-11-06 09:41:26,968 - INFO - ✓ Successfully checked out commit a7759f41
2025-11-06 09:41:26,969 - INFO - Step 4/4: Setting up build configuration...
2025-11-06 09:41:27,093 - INFO - ✓ Successfully wrote build.sh to /src/imagemagick/build.sh
2025-11-06 09:41:27,127 - INFO - Rendered secb helper script from local template.
2025-11-06 09:41:27,255 - INFO - ✓ Wrote executable: /usr/local/bin/secb
2025-11-06 09:41:27,878 - INFO - ✓ Wrote executable: /usr/local/bin/compile
2025-11-06 09:41:29,122 - INFO - ✓ Created /testcase directory for artifacts
2025-11-06 09:41:29,122 - INFO - ------------------------------------------------------------
2025-11-06 09:41:29,122 - INFO - ✓ REPOSITORY INITIALIZATION COMPLETE
2025-11-06 09:41:29,122 - INFO - ✓ Repository ready at: /src/imagemagick
2025-11-06 09:41:29,123 - INFO - ============================================================
2025-11-06 09:41:29,124 - INFO - [Execution] Starting run_controller for imagemagick.cve-2019-13297...
2025-11-06 09:41:29,124 - INFO - [Execution] Config: headless=True, max_iterations=300
2025-11-06 09:41:29,162 - INFO - [Memory Init] Starting to load global microagents...
2025-11-06 09:41:29,184 - INFO - [Memory Init] Global microagents loaded in 0.02s
2025-11-06 09:41:29,184 - INFO - [Memory Init] Starting to load user microagents...
2025-11-06 09:41:29,185 - INFO - [Memory Init] User microagents loaded in 0.00s
2025-11-06 09:41:29,185 - INFO - [Memory Init] Memory initialization complete
2025-11-06 09:41:29,186 - INFO - [runtime 57dce6af-d077-4c-d5fd8dbb2320e0f] Selected repo: None, loading microagents from /workspace/.openhands/microagents (inside runtime)
2025-11-06 09:41:29,190 - INFO - [runtime 57dce6af-d077-4c-d5fd8dbb2320e0f] Attempting to list files in repository microagents directory: /workspace/.openhands/microagents
2025-11-06 09:41:29,191 - INFO - Loading user workspace microagents: []
2025-11-06 09:41:29,192 - WARNING - No search engine API key found, skipping search engine
2025-11-06 09:41:29,194 - WARNING - Added microagent stdio server: fetch
2025-11-06 09:41:29,233 - INFO - [runtime 57dce6af-d077-4c-d5fd8dbb2320e0f] Updated MCP config: []
2025-11-06 09:41:29,234 - INFO - Initializing MCP agent for url='http://localhost:33908/mcp/sse' api_key='******' with SSE connection...
2025-11-06 09:41:40,326 - INFO - Connected to server with tools: ['fetch']
2025-11-06 09:41:40,327 - INFO - Loaded 1 MCP tools: ['fetch']
2025-11-06 09:41:40,328 - INFO - Setting 1 MCP tools for agent Reproducer: ['fetch']
2025-11-06 09:41:40,328 - INFO - Tools updated for agent Reproducer, total 7: ['execute_bash', 'think', 'finish', 'browser', 'execute_ipython_cell', 'str_replace_editor', 'fetch']
2025-11-06 09:41:40,332 - INFO - AgentController 57dce6af-d077-4c-d5fd8dbb2320e0f - created new state. start_id: 0
2025-11-06 09:41:40,337 - INFO - [Agent Controller 57dce6af-d077-4c-d5fd8dbb2320e0f] Setting agent(Reproducer) state from AgentState.LOADING to AgentState.RUNNING
2025-11-06 09:41:40,338 - INFO - Microagent 'github' triggered by keyword 'github'
2025-11-06 09:41:40,339 - INFO - Microagent 'gitlab' triggered by keyword 'git'
2025-11-06 09:41:40,339 - INFO - Microagent 'security' triggered by keyword 'vulnerability'
2025-11-06 09:41:40,341 - INFO - Parsed instance info: ['instance_id', 'repo', 'base_commit', 'work_dir', 'build_sh', 'bug_description', 'candidate_fixes']
2025-11-06 09:41:40,346 - INFO - Issuing delegation to BuilderAgent
2025-11-06 09:41:40,357 - INFO - AgentController 57dce6af-d077-4c-d5fd8dbb2320e0f-delegate initializing history from event 6
2025-11-06 09:41:40,359 - INFO - [Agent Controller 57dce6af-d077-4c-d5fd8dbb2320e0f-delegate] Setting agent(BuilderAgent) state from AgentState.LOADING to AgentState.RUNNING
2025-11-06 09:41:40,360 - INFO - Microagent 'github' triggered by keyword 'github'
2025-11-06 09:41:40,361 - INFO - Microagent 'gitlab' triggered by keyword 'git'
2025-11-06 09:41:40,361 - INFO - Microagent 'security' triggered by keyword 'vulnerability'
