2025-11-06 09:32:36,875 - INFO - Processing instance: upx.cve-2020-27800 using run_controller
2025-11-06 09:32:36,875 - INFO - Using runtime container image: ghcr.io/all-hands-ai/runtime:0.52-nikolaik
2025-11-06 09:32:36,875 - INFO - Using LLM config: llm.4o
2025-11-06 09:32:36,875 - INFO - Using Condenser: recent
2025-11-06 09:32:36,876 - INFO - Using Condenser config: recent
2025-11-06 09:32:36,876 - INFO - Max iterations: 300
2025-11-06 09:32:36,876 - INFO - Headless mode: True
2025-11-06 09:32:36,876 - INFO - Trajectory directory: output/SEC-bench/Seed/MultiAgent/gpt-4o_maxiter_300_N_condenser=recent/upx.cve-2020-27800/20251106_093236
2025-11-06 09:32:36,876 - INFO - Log completions folder: output/SEC-bench/Seed/MultiAgent/gpt-4o_maxiter_300_N_condenser=recent/upx.cve-2020-27800/20251106_093236/completions
2025-11-06 09:32:36,876 - INFO - --------------------------------------------------
2025-11-06 09:32:36,964 - INFO - [runtime ebc921b3-b644-40-70e867dd3b6ce3a] Starting runtime with image: ghcr.io/all-hands-ai/runtime:0.52-nikolaik
2025-11-06 09:32:37,204 - INFO - [runtime ebc921b3-b644-40-70e867dd3b6ce3a] Starting server with command: ['/openhands/micromamba/bin/micromamba', 'run', '-n', 'openhands', 'poetry', 'run', 'python', '-u', '-m', 'openhands.runtime.action_execution_server', '37003', '--working-dir', '/workspace', '--plugins', 'agent_skills', 'jupyter', '--username', 'root', '--user-id', '0', '--git-user-name', 'openhands', '--git-user-email', 'openhands@all-hands.dev']
2025-11-06 09:32:38,304 - INFO - [runtime ebc921b3-b644-40-70e867dd3b6ce3a] Container started: openhands-runtime-ebc921b3-b644-40-70e867dd3b6ce3a. VSCode URL: None
2025-11-06 09:32:38,304 - INFO - [runtime ebc921b3-b644-40-70e867dd3b6ce3a] Waiting for client to become ready at http://localhost:37003...
2025-11-06 09:34:38,593 - ERROR - Error processing instance upx.cve-2020-27800: [Errno 54] Connection reset by peer
2025-11-06 09:34:38,621 - ERROR - Traceback (most recent call last):
  File "/Users/garfield/Library/Caches/pypoetry/virtualenvs/openhands-ai-hIgrDjAp-py3.13/lib/python3.13/site-packages/httpx/_transports/default.py", line 101, in map_httpcore_exceptions
    yield
  File "/Users/garfield/Library/Caches/pypoetry/virtualenvs/openhands-ai-hIgrDjAp-py3.13/lib/python3.13/site-packages/httpx/_transports/default.py", line 250, in handle_request
    resp = self._pool.handle_request(req)
  File "/Users/garfield/Library/Caches/pypoetry/virtualenvs/openhands-ai-hIgrDjAp-py3.13/lib/python3.13/site-packages/httpcore/_sync/connection_pool.py", line 256, in handle_request
    raise exc from None
  File "/Users/garfield/Library/Caches/pypoetry/virtualenvs/openhands-ai-hIgrDjAp-py3.13/lib/python3.13/site-packages/httpcore/_sync/connection_pool.py", line 236, in handle_request
    response = connection.handle_request(
        pool_request.request
    )
  File "/Users/garfield/Library/Caches/pypoetry/virtualenvs/openhands-ai-hIgrDjAp-py3.13/lib/python3.13/site-packages/httpcore/_sync/connection.py", line 103, in handle_request
    return self._connection.handle_request(request)
           ~~~~~~~~~~~~~~~~~~~~~~~~~~~~~~~^^^^^^^^^
  File "/Users/garfield/Library/Caches/pypoetry/virtualenvs/openhands-ai-hIgrDjAp-py3.13/lib/python3.13/site-packages/httpcore/_sync/http11.py", line 136, in handle_request
    raise exc
  File "/Users/garfield/Library/Caches/pypoetry/virtualenvs/openhands-ai-hIgrDjAp-py3.13/lib/python3.13/site-packages/httpcore/_sync/http11.py", line 106, in handle_request
    ) = self._receive_response_headers(**kwargs)
        ~~~~~~~~~~~~~~~~~~~~~~~~~~~~~~^^^^^^^^^^
  File "/Users/garfield/Library/Caches/pypoetry/virtualenvs/openhands-ai-hIgrDjAp-py3.13/lib/python3.13/site-packages/httpcore/_sync/http11.py", line 177, in _receive_response_headers
    event = self._receive_event(timeout=timeout)
  File "/Users/garfield/Library/Caches/pypoetry/virtualenvs/openhands-ai-hIgrDjAp-py3.13/lib/python3.13/site-packages/httpcore/_sync/http11.py", line 217, in _receive_event
    data = self._network_stream.read(
        self.READ_NUM_BYTES, timeout=timeout
    )
  File "/Users/garfield/Library/Caches/pypoetry/virtualenvs/openhands-ai-hIgrDjAp-py3.13/lib/python3.13/site-packages/httpcore/_backends/sync.py", line 126, in read
    with map_exceptions(exc_map):
         ~~~~~~~~~~~~~~^^^^^^^^^
  File "/Users/garfield/Library/Application Support/uv/python/cpython-3.13.7-macos-aarch64-none/lib/python3.13/contextlib.py", line 162, in __exit__
    self.gen.throw(value)
    ~~~~~~~~~~~~~~^^^^^^^
  File "/Users/garfield/Library/Caches/pypoetry/virtualenvs/openhands-ai-hIgrDjAp-py3.13/lib/python3.13/site-packages/httpcore/_exceptions.py", line 14, in map_exceptions
    raise to_exc(exc) from exc
httpcore.ReadError: [Errno 54] Connection reset by peer

The above exception was the direct cause of the following exception:

Traceback (most recent call last):
  File "/Users/garfield/PycharmProjects/SecVerifier-forked/multi-agent.py", line 1105, in process_instance
    call_async_from_sync(runtime.connect)
    ~~~~~~~~~~~~~~~~~~~~^^^^^^^^^^^^^^^^^
  File "/Users/garfield/PycharmProjects/SecVerifier-forked/openhands/utils/async_utils.py", line 54, in call_async_from_sync
    result = future.result()
  File "/Users/garfield/Library/Application Support/uv/python/cpython-3.13.7-macos-aarch64-none/lib/python3.13/concurrent/futures/_base.py", line 456, in result
    return self.__get_result()
           ~~~~~~~~~~~~~~~~~^^
  File "/Users/garfield/Library/Application Support/uv/python/cpython-3.13.7-macos-aarch64-none/lib/python3.13/concurrent/futures/_base.py", line 401, in __get_result
    raise self._exception
  File "/Users/garfield/Library/Application Support/uv/python/cpython-3.13.7-macos-aarch64-none/lib/python3.13/concurrent/futures/thread.py", line 59, in run
    result = self.fn(*self.args, **self.kwargs)
  File "/Users/garfield/PycharmProjects/SecVerifier-forked/openhands/utils/async_utils.py", line 44, in run
    return asyncio.run(arun())
           ~~~~~~~~~~~^^^^^^^^
  File "/Users/garfield/Library/Application Support/uv/python/cpython-3.13.7-macos-aarch64-none/lib/python3.13/asyncio/runners.py", line 195, in run
    return runner.run(main)
           ~~~~~~~~~~^^^^^^
  File "/Users/garfield/Library/Application Support/uv/python/cpython-3.13.7-macos-aarch64-none/lib/python3.13/asyncio/runners.py", line 118, in run
    return self._loop.run_until_complete(task)
           ~~~~~~~~~~~~~~~~~~~~~~~~~~~~~^^^^^^
  File "/Users/garfield/Library/Application Support/uv/python/cpython-3.13.7-macos-aarch64-none/lib/python3.13/asyncio/base_events.py", line 725, in run_until_complete
    return future.result()
           ~~~~~~~~~~~~~^^
  File "/Users/garfield/PycharmProjects/SecVerifier-forked/openhands/utils/async_utils.py", line 37, in arun
    result = await coro
             ^^^^^^^^^^
  File "/Users/garfield/PycharmProjects/SecVerifier-forked/openhands/runtime/impl/docker/docker_runtime.py", line 197, in connect
    await call_sync_from_async(self.wait_until_alive)
  File "/Users/garfield/PycharmProjects/SecVerifier-forked/openhands/utils/async_utils.py", line 18, in call_sync_from_async
    result = await coro
             ^^^^^^^^^^
  File "/Users/garfield/Library/Application Support/uv/python/cpython-3.13.7-macos-aarch64-none/lib/python3.13/concurrent/futures/thread.py", line 59, in run
    result = self.fn(*self.args, **self.kwargs)
  File "/Users/garfield/PycharmProjects/SecVerifier-forked/openhands/utils/async_utils.py", line 17, in <lambda>
    coro = loop.run_in_executor(None, lambda: fn(*args, **kwargs))
                                              ~~^^^^^^^^^^^^^^^^^
  File "/Users/garfield/Library/Caches/pypoetry/virtualenvs/openhands-ai-hIgrDjAp-py3.13/lib/python3.13/site-packages/tenacity/__init__.py", line 338, in wrapped_f
    return copy(f, *args, **kw)
  File "/Users/garfield/Library/Caches/pypoetry/virtualenvs/openhands-ai-hIgrDjAp-py3.13/lib/python3.13/site-packages/tenacity/__init__.py", line 477, in __call__
    do = self.iter(retry_state=retry_state)
  File "/Users/garfield/Library/Caches/pypoetry/virtualenvs/openhands-ai-hIgrDjAp-py3.13/lib/python3.13/site-packages/tenacity/__init__.py", line 378, in iter
    result = action(retry_state)
  File "/Users/garfield/Library/Caches/pypoetry/virtualenvs/openhands-ai-hIgrDjAp-py3.13/lib/python3.13/site-packages/tenacity/__init__.py", line 420, in exc_check
    raise retry_exc.reraise()
          ~~~~~~~~~~~~~~~~~^^
  File "/Users/garfield/Library/Caches/pypoetry/virtualenvs/openhands-ai-hIgrDjAp-py3.13/lib/python3.13/site-packages/tenacity/__init__.py", line 187, in reraise
    raise self.last_attempt.result()
          ~~~~~~~~~~~~~~~~~~~~~~~~^^
  File "/Users/garfield/Library/Application Support/uv/python/cpython-3.13.7-macos-aarch64-none/lib/python3.13/concurrent/futures/_base.py", line 449, in result
    return self.__get_result()
           ~~~~~~~~~~~~~~~~~^^
  File "/Users/garfield/Library/Application Support/uv/python/cpython-3.13.7-macos-aarch64-none/lib/python3.13/concurrent/futures/_base.py", line 401, in __get_result
    raise self._exception
  File "/Users/garfield/Library/Caches/pypoetry/virtualenvs/openhands-ai-hIgrDjAp-py3.13/lib/python3.13/site-packages/tenacity/__init__.py", line 480, in __call__
    result = fn(*args, **kwargs)
  File "/Users/garfield/PycharmProjects/SecVerifier-forked/openhands/runtime/impl/docker/docker_runtime.py", line 559, in wait_until_alive
    self.check_if_alive()
    ~~~~~~~~~~~~~~~~~~~^^
  File "/Users/garfield/PycharmProjects/SecVerifier-forked/openhands/runtime/impl/action_execution/action_execution_client.py", line 129, in check_if_alive
    response = self._send_action_server_request(
        'GET',
        f'{self.action_execution_server_url}/alive',
        timeout=5,
    )
  File "/Users/garfield/Library/Caches/pypoetry/virtualenvs/openhands-ai-hIgrDjAp-py3.13/lib/python3.13/site-packages/tenacity/__init__.py", line 338, in wrapped_f
    return copy(f, *args, **kw)
  File "/Users/garfield/Library/Caches/pypoetry/virtualenvs/openhands-ai-hIgrDjAp-py3.13/lib/python3.13/site-packages/tenacity/__init__.py", line 477, in __call__
    do = self.iter(retry_state=retry_state)
  File "/Users/garfield/Library/Caches/pypoetry/virtualenvs/openhands-ai-hIgrDjAp-py3.13/lib/python3.13/site-packages/tenacity/__init__.py", line 378, in iter
    result = action(retry_state)
  File "/Users/garfield/Library/Caches/pypoetry/virtualenvs/openhands-ai-hIgrDjAp-py3.13/lib/python3.13/site-packages/tenacity/__init__.py", line 400, in <lambda>
    self._add_action_func(lambda rs: rs.outcome.result())
                                     ~~~~~~~~~~~~~~~~~^^
  File "/Users/garfield/Library/Application Support/uv/python/cpython-3.13.7-macos-aarch64-none/lib/python3.13/concurrent/futures/_base.py", line 449, in result
    return self.__get_result()
           ~~~~~~~~~~~~~~~~~^^
  File "/Users/garfield/Library/Application Support/uv/python/cpython-3.13.7-macos-aarch64-none/lib/python3.13/concurrent/futures/_base.py", line 401, in __get_result
    raise self._exception
  File "/Users/garfield/Library/Caches/pypoetry/virtualenvs/openhands-ai-hIgrDjAp-py3.13/lib/python3.13/site-packages/tenacity/__init__.py", line 480, in __call__
    result = fn(*args, **kwargs)
  File "/Users/garfield/PycharmProjects/SecVerifier-forked/openhands/runtime/impl/action_execution/action_execution_client.py", line 126, in _send_action_server_request
    return send_request(self.session, method, url, **kwargs)
  File "/Users/garfield/Library/Caches/pypoetry/virtualenvs/openhands-ai-hIgrDjAp-py3.13/lib/python3.13/site-packages/tenacity/__init__.py", line 338, in wrapped_f
    return copy(f, *args, **kw)
  File "/Users/garfield/Library/Caches/pypoetry/virtualenvs/openhands-ai-hIgrDjAp-py3.13/lib/python3.13/site-packages/tenacity/__init__.py", line 477, in __call__
    do = self.iter(retry_state=retry_state)
  File "/Users/garfield/Library/Caches/pypoetry/virtualenvs/openhands-ai-hIgrDjAp-py3.13/lib/python3.13/site-packages/tenacity/__init__.py", line 378, in iter
    result = action(retry_state)
  File "/Users/garfield/Library/Caches/pypoetry/virtualenvs/openhands-ai-hIgrDjAp-py3.13/lib/python3.13/site-packages/tenacity/__init__.py", line 400, in <lambda>
    self._add_action_func(lambda rs: rs.outcome.result())
                                     ~~~~~~~~~~~~~~~~~^^
  File "/Users/garfield/Library/Application Support/uv/python/cpython-3.13.7-macos-aarch64-none/lib/python3.13/concurrent/futures/_base.py", line 449, in result
    return self.__get_result()
           ~~~~~~~~~~~~~~~~~^^
  File "/Users/garfield/Library/Application Support/uv/python/cpython-3.13.7-macos-aarch64-none/lib/python3.13/concurrent/futures/_base.py", line 401, in __get_result
    raise self._exception
  File "/Users/garfield/Library/Caches/pypoetry/virtualenvs/openhands-ai-hIgrDjAp-py3.13/lib/python3.13/site-packages/tenacity/__init__.py", line 480, in __call__
    result = fn(*args, **kwargs)
  File "/Users/garfield/PycharmProjects/SecVerifier-forked/openhands/runtime/utils/request.py", line 44, in send_request
    response = session.request(method, url, timeout=timeout, **kwargs)
  File "/Users/garfield/PycharmProjects/SecVerifier-forked/openhands/utils/http_session.py", line 31, in request
    return CLIENT.request(*args, **kwargs)
           ~~~~~~~~~~~~~~^^^^^^^^^^^^^^^^^
  File "/Users/garfield/Library/Caches/pypoetry/virtualenvs/openhands-ai-hIgrDjAp-py3.13/lib/python3.13/site-packages/httpx/_client.py", line 825, in request
    return self.send(request, auth=auth, follow_redirects=follow_redirects)
           ~~~~~~~~~^^^^^^^^^^^^^^^^^^^^^^^^^^^^^^^^^^^^^^^^^^^^^^^^^^^^^^^
  File "/Users/garfield/Library/Caches/pypoetry/virtualenvs/openhands-ai-hIgrDjAp-py3.13/lib/python3.13/site-packages/httpx/_client.py", line 914, in send
    response = self._send_handling_auth(
        request,
    ...<2 lines>...
        history=[],
    )
  File "/Users/garfield/Library/Caches/pypoetry/virtualenvs/openhands-ai-hIgrDjAp-py3.13/lib/python3.13/site-packages/httpx/_client.py", line 942, in _send_handling_auth
    response = self._send_handling_redirects(
        request,
        follow_redirects=follow_redirects,
        history=history,
    )
  File "/Users/garfield/Library/Caches/pypoetry/virtualenvs/openhands-ai-hIgrDjAp-py3.13/lib/python3.13/site-packages/httpx/_client.py", line 979, in _send_handling_redirects
    response = self._send_single_request(request)
  File "/Users/garfield/Library/Caches/pypoetry/virtualenvs/openhands-ai-hIgrDjAp-py3.13/lib/python3.13/site-packages/httpx/_client.py", line 1014, in _send_single_request
    response = transport.handle_request(request)
  File "/Users/garfield/Library/Caches/pypoetry/virtualenvs/openhands-ai-hIgrDjAp-py3.13/lib/python3.13/site-packages/httpx/_transports/default.py", line 249, in handle_request
    with map_httpcore_exceptions():
         ~~~~~~~~~~~~~~~~~~~~~~~^^
  File "/Users/garfield/Library/Application Support/uv/python/cpython-3.13.7-macos-aarch64-none/lib/python3.13/contextlib.py", line 162, in __exit__
    self.gen.throw(value)
    ~~~~~~~~~~~~~~^^^^^^^
  File "/Users/garfield/Library/Caches/pypoetry/virtualenvs/openhands-ai-hIgrDjAp-py3.13/lib/python3.13/site-packages/httpx/_transports/default.py", line 118, in map_httpcore_exceptions
    raise mapped_exc(message) from exc
httpx.ReadError: [Errno 54] Connection reset by peer

2025-11-06 09:34:40,317 - INFO - Runtime for instance upx.cve-2020-27800 closed.
2025-11-06 09:34:40,326 - ERROR - ----------
Error in instance [upx.cve-2020-27800]: Unhandled error: [Errno 54] Connection reset by peer. Stacktrace:
Traceback (most recent call last):
  File "/Users/garfield/Library/Caches/pypoetry/virtualenvs/openhands-ai-hIgrDjAp-py3.13/lib/python3.13/site-packages/httpx/_transports/default.py", line 101, in map_httpcore_exceptions
    yield
  File "/Users/garfield/Library/Caches/pypoetry/virtualenvs/openhands-ai-hIgrDjAp-py3.13/lib/python3.13/site-packages/httpx/_transports/default.py", line 250, in handle_request
    resp = self._pool.handle_request(req)
  File "/Users/garfield/Library/Caches/pypoetry/virtualenvs/openhands-ai-hIgrDjAp-py3.13/lib/python3.13/site-packages/httpcore/_sync/connection_pool.py", line 256, in handle_request
    raise exc from None
  File "/Users/garfield/Library/Caches/pypoetry/virtualenvs/openhands-ai-hIgrDjAp-py3.13/lib/python3.13/site-packages/httpcore/_sync/connection_pool.py", line 236, in handle_request
    response = connection.handle_request(
        pool_request.request
    )
  File "/Users/garfield/Library/Caches/pypoetry/virtualenvs/openhands-ai-hIgrDjAp-py3.13/lib/python3.13/site-packages/httpcore/_sync/connection.py", line 103, in handle_request
    return self._connection.handle_request(request)
           ~~~~~~~~~~~~~~~~~~~~~~~~~~~~~~~^^^^^^^^^
  File "/Users/garfield/Library/Caches/pypoetry/virtualenvs/openhands-ai-hIgrDjAp-py3.13/lib/python3.13/site-packages/httpcore/_sync/http11.py", line 136, in handle_request
    raise exc
  File "/Users/garfield/Library/Caches/pypoetry/virtualenvs/openhands-ai-hIgrDjAp-py3.13/lib/python3.13/site-packages/httpcore/_sync/http11.py", line 106, in handle_request
    ) = self._receive_response_headers(**kwargs)
        ~~~~~~~~~~~~~~~~~~~~~~~~~~~~~~^^^^^^^^^^
  File "/Users/garfield/Library/Caches/pypoetry/virtualenvs/openhands-ai-hIgrDjAp-py3.13/lib/python3.13/site-packages/httpcore/_sync/http11.py", line 177, in _receive_response_headers
    event = self._receive_event(timeout=timeout)
  File "/Users/garfield/Library/Caches/pypoetry/virtualenvs/openhands-ai-hIgrDjAp-py3.13/lib/python3.13/site-packages/httpcore/_sync/http11.py", line 217, in _receive_event
    data = self._network_stream.read(
        self.READ_NUM_BYTES, timeout=timeout
    )
  File "/Users/garfield/Library/Caches/pypoetry/virtualenvs/openhands-ai-hIgrDjAp-py3.13/lib/python3.13/site-packages/httpcore/_backends/sync.py", line 126, in read
    with map_exceptions(exc_map):
         ~~~~~~~~~~~~~~^^^^^^^^^
  File "/Users/garfield/Library/Application Support/uv/python/cpython-3.13.7-macos-aarch64-none/lib/python3.13/contextlib.py", line 162, in __exit__
    self.gen.throw(value)
    ~~~~~~~~~~~~~~^^^^^^^
  File "/Users/garfield/Library/Caches/pypoetry/virtualenvs/openhands-ai-hIgrDjAp-py3.13/lib/python3.13/site-packages/httpcore/_exceptions.py", line 14, in map_exceptions
    raise to_exc(exc) from exc
httpcore.ReadError: [Errno 54] Connection reset by peer

The above exception was the direct cause of the following exception:

Traceback (most recent call last):
  File "/Users/garfield/PycharmProjects/SecVerifier-forked/multi-agent.py", line 1105, in process_instance
    call_async_from_sync(runtime.connect)
    ~~~~~~~~~~~~~~~~~~~~^^^^^^^^^^^^^^^^^
  File "/Users/garfield/PycharmProjects/SecVerifier-forked/openhands/utils/async_utils.py", line 54, in call_async_from_sync
    result = future.result()
  File "/Users/garfield/Library/Application Support/uv/python/cpython-3.13.7-macos-aarch64-none/lib/python3.13/concurrent/futures/_base.py", line 456, in result
    return self.__get_result()
           ~~~~~~~~~~~~~~~~~^^
  File "/Users/garfield/Library/Application Support/uv/python/cpython-3.13.7-macos-aarch64-none/lib/python3.13/concurrent/futures/_base.py", line 401, in __get_result
    raise self._exception
  File "/Users/garfield/Library/Application Support/uv/python/cpython-3.13.7-macos-aarch64-none/lib/python3.13/concurrent/futures/thread.py", line 59, in run
    result = self.fn(*self.args, **self.kwargs)
  File "/Users/garfield/PycharmProjects/SecVerifier-forked/openhands/utils/async_utils.py", line 44, in run
    return asyncio.run(arun())
           ~~~~~~~~~~~^^^^^^^^
  File "/Users/garfield/Library/Application Support/uv/python/cpython-3.13.7-macos-aarch64-none/lib/python3.13/asyncio/runners.py", line 195, in run
    return runner.run(main)
           ~~~~~~~~~~^^^^^^
  File "/Users/garfield/Library/Application Support/uv/python/cpython-3.13.7-macos-aarch64-none/lib/python3.13/asyncio/runners.py", line 118, in run
    return self._loop.run_until_complete(task)
           ~~~~~~~~~~~~~~~~~~~~~~~~~~~~~^^^^^^
  File "/Users/garfield/Library/Application Support/uv/python/cpython-3.13.7-macos-aarch64-none/lib/python3.13/asyncio/base_events.py", line 725, in run_until_complete
    return future.result()
           ~~~~~~~~~~~~~^^
  File "/Users/garfield/PycharmProjects/SecVerifier-forked/openhands/utils/async_utils.py", line 37, in arun
    result = await coro
             ^^^^^^^^^^
  File "/Users/garfield/PycharmProjects/SecVerifier-forked/openhands/runtime/impl/docker/docker_runtime.py", line 197, in connect
    await call_sync_from_async(self.wait_until_alive)
  File "/Users/garfield/PycharmProjects/SecVerifier-forked/openhands/utils/async_utils.py", line 18, in call_sync_from_async
    result = await coro
             ^^^^^^^^^^
  File "/Users/garfield/Library/Application Support/uv/python/cpython-3.13.7-macos-aarch64-none/lib/python3.13/concurrent/futures/thread.py", line 59, in run
    result = self.fn(*self.args, **self.kwargs)
  File "/Users/garfield/PycharmProjects/SecVerifier-forked/openhands/utils/async_utils.py", line 17, in <lambda>
    coro = loop.run_in_executor(None, lambda: fn(*args, **kwargs))
                                              ~~^^^^^^^^^^^^^^^^^
  File "/Users/garfield/Library/Caches/pypoetry/virtualenvs/openhands-ai-hIgrDjAp-py3.13/lib/python3.13/site-packages/tenacity/__init__.py", line 338, in wrapped_f
    return copy(f, *args, **kw)
  File "/Users/garfield/Library/Caches/pypoetry/virtualenvs/openhands-ai-hIgrDjAp-py3.13/lib/python3.13/site-packages/tenacity/__init__.py", line 477, in __call__
    do = self.iter(retry_state=retry_state)
  File "/Users/garfield/Library/Caches/pypoetry/virtualenvs/openhands-ai-hIgrDjAp-py3.13/lib/python3.13/site-packages/tenacity/__init__.py", line 378, in iter
    result = action(retry_state)
  File "/Users/garfield/Library/Caches/pypoetry/virtualenvs/openhands-ai-hIgrDjAp-py3.13/lib/python3.13/site-packages/tenacity/__init__.py", line 420, in exc_check
    raise retry_exc.reraise()
          ~~~~~~~~~~~~~~~~~^^
  File "/Users/garfield/Library/Caches/pypoetry/virtualenvs/openhands-ai-hIgrDjAp-py3.13/lib/python3.13/site-packages/tenacity/__init__.py", line 187, in reraise
    raise self.last_attempt.result()
          ~~~~~~~~~~~~~~~~~~~~~~~~^^
  File "/Users/garfield/Library/Application Support/uv/python/cpython-3.13.7-macos-aarch64-none/lib/python3.13/concurrent/futures/_base.py", line 449, in result
    return self.__get_result()
           ~~~~~~~~~~~~~~~~~^^
  File "/Users/garfield/Library/Application Support/uv/python/cpython-3.13.7-macos-aarch64-none/lib/python3.13/concurrent/futures/_base.py", line 401, in __get_result
    raise self._exception
  File "/Users/garfield/Library/Caches/pypoetry/virtualenvs/openhands-ai-hIgrDjAp-py3.13/lib/python3.13/site-packages/tenacity/__init__.py", line 480, in __call__
    result = fn(*args, **kwargs)
  File "/Users/garfield/PycharmProjects/SecVerifier-forked/openhands/runtime/impl/docker/docker_runtime.py", line 559, in wait_until_alive
    self.check_if_alive()
    ~~~~~~~~~~~~~~~~~~~^^
  File "/Users/garfield/PycharmProjects/SecVerifier-forked/openhands/runtime/impl/action_execution/action_execution_client.py", line 129, in check_if_alive
    response = self._send_action_server_request(
        'GET',
        f'{self.action_execution_server_url}/alive',
        timeout=5,
    )
  File "/Users/garfield/Library/Caches/pypoetry/virtualenvs/openhands-ai-hIgrDjAp-py3.13/lib/python3.13/site-packages/tenacity/__init__.py", line 338, in wrapped_f
    return copy(f, *args, **kw)
  File "/Users/garfield/Library/Caches/pypoetry/virtualenvs/openhands-ai-hIgrDjAp-py3.13/lib/python3.13/site-packages/tenacity/__init__.py", line 477, in __call__
    do = self.iter(retry_state=retry_state)
  File "/Users/garfield/Library/Caches/pypoetry/virtualenvs/openhands-ai-hIgrDjAp-py3.13/lib/python3.13/site-packages/tenacity/__init__.py", line 378, in iter
    result = action(retry_state)
  File "/Users/garfield/Library/Caches/pypoetry/virtualenvs/openhands-ai-hIgrDjAp-py3.13/lib/python3.13/site-packages/tenacity/__init__.py", line 400, in <lambda>
    self._add_action_func(lambda rs: rs.outcome.result())
                                     ~~~~~~~~~~~~~~~~~^^
  File "/Users/garfield/Library/Application Support/uv/python/cpython-3.13.7-macos-aarch64-none/lib/python3.13/concurrent/futures/_base.py", line 449, in result
    return self.__get_result()
           ~~~~~~~~~~~~~~~~~^^
  File "/Users/garfield/Library/Application Support/uv/python/cpython-3.13.7-macos-aarch64-none/lib/python3.13/concurrent/futures/_base.py", line 401, in __get_result
    raise self._exception
  File "/Users/garfield/Library/Caches/pypoetry/virtualenvs/openhands-ai-hIgrDjAp-py3.13/lib/python3.13/site-packages/tenacity/__init__.py", line 480, in __call__
    result = fn(*args, **kwargs)
  File "/Users/garfield/PycharmProjects/SecVerifier-forked/openhands/runtime/impl/action_execution/action_execution_client.py", line 126, in _send_action_server_request
    return send_request(self.session, method, url, **kwargs)
  File "/Users/garfield/Library/Caches/pypoetry/virtualenvs/openhands-ai-hIgrDjAp-py3.13/lib/python3.13/site-packages/tenacity/__init__.py", line 338, in wrapped_f
    return copy(f, *args, **kw)
  File "/Users/garfield/Library/Caches/pypoetry/virtualenvs/openhands-ai-hIgrDjAp-py3.13/lib/python3.13/site-packages/tenacity/__init__.py", line 477, in __call__
    do = self.iter(retry_state=retry_state)
  File "/Users/garfield/Library/Caches/pypoetry/virtualenvs/openhands-ai-hIgrDjAp-py3.13/lib/python3.13/site-packages/tenacity/__init__.py", line 378, in iter
    result = action(retry_state)
  File "/Users/garfield/Library/Caches/pypoetry/virtualenvs/openhands-ai-hIgrDjAp-py3.13/lib/python3.13/site-packages/tenacity/__init__.py", line 400, in <lambda>
    self._add_action_func(lambda rs: rs.outcome.result())
                                     ~~~~~~~~~~~~~~~~~^^
  File "/Users/garfield/Library/Application Support/uv/python/cpython-3.13.7-macos-aarch64-none/lib/python3.13/concurrent/futures/_base.py", line 449, in result
    return self.__get_result()
           ~~~~~~~~~~~~~~~~~^^
  File "/Users/garfield/Library/Application Support/uv/python/cpython-3.13.7-macos-aarch64-none/lib/python3.13/concurrent/futures/_base.py", line 401, in __get_result
    raise self._exception
  File "/Users/garfield/Library/Caches/pypoetry/virtualenvs/openhands-ai-hIgrDjAp-py3.13/lib/python3.13/site-packages/tenacity/__init__.py", line 480, in __call__
    result = fn(*args, **kwargs)
  File "/Users/garfield/PycharmProjects/SecVerifier-forked/openhands/runtime/utils/request.py", line 44, in send_request
    response = session.request(method, url, timeout=timeout, **kwargs)
  File "/Users/garfield/PycharmProjects/SecVerifier-forked/openhands/utils/http_session.py", line 31, in request
    return CLIENT.request(*args, **kwargs)
           ~~~~~~~~~~~~~~^^^^^^^^^^^^^^^^^
  File "/Users/garfield/Library/Caches/pypoetry/virtualenvs/openhands-ai-hIgrDjAp-py3.13/lib/python3.13/site-packages/httpx/_client.py", line 825, in request
    return self.send(request, auth=auth, follow_redirects=follow_redirects)
           ~~~~~~~~~^^^^^^^^^^^^^^^^^^^^^^^^^^^^^^^^^^^^^^^^^^^^^^^^^^^^^^^
  File "/Users/garfield/Library/Caches/pypoetry/virtualenvs/openhands-ai-hIgrDjAp-py3.13/lib/python3.13/site-packages/httpx/_client.py", line 914, in send
    response = self._send_handling_auth(
        request,
    ...<2 lines>...
        history=[],
    )
  File "/Users/garfield/Library/Caches/pypoetry/virtualenvs/openhands-ai-hIgrDjAp-py3.13/lib/python3.13/site-packages/httpx/_client.py", line 942, in _send_handling_auth
    response = self._send_handling_redirects(
        request,
        follow_redirects=follow_redirects,
        history=history,
    )
  File "/Users/garfield/Library/Caches/pypoetry/virtualenvs/openhands-ai-hIgrDjAp-py3.13/lib/python3.13/site-packages/httpx/_client.py", line 979, in _send_handling_redirects
    response = self._send_single_request(request)
  File "/Users/garfield/Library/Caches/pypoetry/virtualenvs/openhands-ai-hIgrDjAp-py3.13/lib/python3.13/site-packages/httpx/_client.py", line 1014, in _send_single_request
    response = transport.handle_request(request)
  File "/Users/garfield/Library/Caches/pypoetry/virtualenvs/openhands-ai-hIgrDjAp-py3.13/lib/python3.13/site-packages/httpx/_transports/default.py", line 249, in handle_request
    with map_httpcore_exceptions():
         ~~~~~~~~~~~~~~~~~~~~~~~^^
  File "/Users/garfield/Library/Application Support/uv/python/cpython-3.13.7-macos-aarch64-none/lib/python3.13/contextlib.py", line 162, in __exit__
    self.gen.throw(value)
    ~~~~~~~~~~~~~~^^^^^^^
  File "/Users/garfield/Library/Caches/pypoetry/virtualenvs/openhands-ai-hIgrDjAp-py3.13/lib/python3.13/site-packages/httpx/_transports/default.py", line 118, in map_httpcore_exceptions
    raise mapped_exc(message) from exc
httpx.ReadError: [Errno 54] Connection reset by peer

During handling of the above exception, another exception occurred:

Traceback (most recent call last):
  File "/Users/garfield/PycharmProjects/SecVerifier-forked/evaluation/utils/shared.py", line 405, in _process_instance_wrapper
    result = process_instance_func(instance, metadata, use_mp, **kwargs)
  File "/Users/garfield/PycharmProjects/SecVerifier-forked/multi-agent.py", line 1193, in process_instance
    raise EvalException(f'Unhandled error: {error_msg}')
evaluation.utils.shared.EvalException: Unhandled error: [Errno 54] Connection reset by peer

----------[The above error occurred. Retrying... (attempt 1 of 3)]----------

2025-11-06 09:34:45,425 - INFO - Processing instance: upx.cve-2020-27800 using run_controller
2025-11-06 09:34:45,426 - INFO - Using runtime container image: ghcr.io/all-hands-ai/runtime:0.52-nikolaik
2025-11-06 09:34:45,426 - INFO - Using LLM config: llm.4o
2025-11-06 09:34:45,426 - INFO - Using Condenser: recent
2025-11-06 09:34:45,426 - INFO - Using Condenser config: recent
2025-11-06 09:34:45,426 - INFO - Max iterations: 300
2025-11-06 09:34:45,428 - INFO - Headless mode: True
2025-11-06 09:34:45,428 - INFO - Trajectory directory: output/SEC-bench/Seed/MultiAgent/gpt-4o_maxiter_300_N_condenser=recent/upx.cve-2020-27800/20251106_093445
2025-11-06 09:34:45,428 - INFO - Log completions folder: output/SEC-bench/Seed/MultiAgent/gpt-4o_maxiter_300_N_condenser=recent/upx.cve-2020-27800/20251106_093445/completions
2025-11-06 09:34:45,428 - INFO - --------------------------------------------------
2025-11-06 09:34:45,673 - INFO - [runtime 44a07580-6927-41-93ab7f493100151] Starting runtime with image: ghcr.io/all-hands-ai/runtime:0.52-nikolaik
2025-11-06 09:34:46,333 - INFO - [runtime 44a07580-6927-41-93ab7f493100151] Starting server with command: ['/openhands/micromamba/bin/micromamba', 'run', '-n', 'openhands', 'poetry', 'run', 'python', '-u', '-m', 'openhands.runtime.action_execution_server', '38780', '--working-dir', '/workspace', '--plugins', 'agent_skills', 'jupyter', '--username', 'root', '--user-id', '0', '--git-user-name', 'openhands', '--git-user-email', 'openhands@all-hands.dev']
2025-11-06 09:34:51,438 - INFO - [runtime 44a07580-6927-41-93ab7f493100151] Container started: openhands-runtime-44a07580-6927-41-93ab7f493100151. VSCode URL: None
2025-11-06 09:34:51,460 - INFO - [runtime 44a07580-6927-41-93ab7f493100151] Waiting for client to become ready at http://localhost:38780...
2025-11-06 09:36:53,424 - ERROR - Error processing instance upx.cve-2020-27800: [Errno 54] Connection reset by peer
2025-11-06 09:36:53,438 - ERROR - Traceback (most recent call last):
  File "/Users/garfield/Library/Caches/pypoetry/virtualenvs/openhands-ai-hIgrDjAp-py3.13/lib/python3.13/site-packages/httpx/_transports/default.py", line 101, in map_httpcore_exceptions
    yield
  File "/Users/garfield/Library/Caches/pypoetry/virtualenvs/openhands-ai-hIgrDjAp-py3.13/lib/python3.13/site-packages/httpx/_transports/default.py", line 250, in handle_request
    resp = self._pool.handle_request(req)
  File "/Users/garfield/Library/Caches/pypoetry/virtualenvs/openhands-ai-hIgrDjAp-py3.13/lib/python3.13/site-packages/httpcore/_sync/connection_pool.py", line 256, in handle_request
    raise exc from None
  File "/Users/garfield/Library/Caches/pypoetry/virtualenvs/openhands-ai-hIgrDjAp-py3.13/lib/python3.13/site-packages/httpcore/_sync/connection_pool.py", line 236, in handle_request
    response = connection.handle_request(
        pool_request.request
    )
  File "/Users/garfield/Library/Caches/pypoetry/virtualenvs/openhands-ai-hIgrDjAp-py3.13/lib/python3.13/site-packages/httpcore/_sync/connection.py", line 103, in handle_request
    return self._connection.handle_request(request)
           ~~~~~~~~~~~~~~~~~~~~~~~~~~~~~~~^^^^^^^^^
  File "/Users/garfield/Library/Caches/pypoetry/virtualenvs/openhands-ai-hIgrDjAp-py3.13/lib/python3.13/site-packages/httpcore/_sync/http11.py", line 136, in handle_request
    raise exc
  File "/Users/garfield/Library/Caches/pypoetry/virtualenvs/openhands-ai-hIgrDjAp-py3.13/lib/python3.13/site-packages/httpcore/_sync/http11.py", line 106, in handle_request
    ) = self._receive_response_headers(**kwargs)
        ~~~~~~~~~~~~~~~~~~~~~~~~~~~~~~^^^^^^^^^^
  File "/Users/garfield/Library/Caches/pypoetry/virtualenvs/openhands-ai-hIgrDjAp-py3.13/lib/python3.13/site-packages/httpcore/_sync/http11.py", line 177, in _receive_response_headers
    event = self._receive_event(timeout=timeout)
  File "/Users/garfield/Library/Caches/pypoetry/virtualenvs/openhands-ai-hIgrDjAp-py3.13/lib/python3.13/site-packages/httpcore/_sync/http11.py", line 217, in _receive_event
    data = self._network_stream.read(
        self.READ_NUM_BYTES, timeout=timeout
    )
  File "/Users/garfield/Library/Caches/pypoetry/virtualenvs/openhands-ai-hIgrDjAp-py3.13/lib/python3.13/site-packages/httpcore/_backends/sync.py", line 126, in read
    with map_exceptions(exc_map):
         ~~~~~~~~~~~~~~^^^^^^^^^
  File "/Users/garfield/Library/Application Support/uv/python/cpython-3.13.7-macos-aarch64-none/lib/python3.13/contextlib.py", line 162, in __exit__
    self.gen.throw(value)
    ~~~~~~~~~~~~~~^^^^^^^
  File "/Users/garfield/Library/Caches/pypoetry/virtualenvs/openhands-ai-hIgrDjAp-py3.13/lib/python3.13/site-packages/httpcore/_exceptions.py", line 14, in map_exceptions
    raise to_exc(exc) from exc
httpcore.ReadError: [Errno 54] Connection reset by peer

The above exception was the direct cause of the following exception:

Traceback (most recent call last):
  File "/Users/garfield/PycharmProjects/SecVerifier-forked/multi-agent.py", line 1105, in process_instance
    call_async_from_sync(runtime.connect)
    ~~~~~~~~~~~~~~~~~~~~^^^^^^^^^^^^^^^^^
  File "/Users/garfield/PycharmProjects/SecVerifier-forked/openhands/utils/async_utils.py", line 54, in call_async_from_sync
    result = future.result()
  File "/Users/garfield/Library/Application Support/uv/python/cpython-3.13.7-macos-aarch64-none/lib/python3.13/concurrent/futures/_base.py", line 456, in result
    return self.__get_result()
           ~~~~~~~~~~~~~~~~~^^
  File "/Users/garfield/Library/Application Support/uv/python/cpython-3.13.7-macos-aarch64-none/lib/python3.13/concurrent/futures/_base.py", line 401, in __get_result
    raise self._exception
  File "/Users/garfield/Library/Application Support/uv/python/cpython-3.13.7-macos-aarch64-none/lib/python3.13/concurrent/futures/thread.py", line 59, in run
    result = self.fn(*self.args, **self.kwargs)
  File "/Users/garfield/PycharmProjects/SecVerifier-forked/openhands/utils/async_utils.py", line 44, in run
    return asyncio.run(arun())
           ~~~~~~~~~~~^^^^^^^^
  File "/Users/garfield/Library/Application Support/uv/python/cpython-3.13.7-macos-aarch64-none/lib/python3.13/asyncio/runners.py", line 195, in run
    return runner.run(main)
           ~~~~~~~~~~^^^^^^
  File "/Users/garfield/Library/Application Support/uv/python/cpython-3.13.7-macos-aarch64-none/lib/python3.13/asyncio/runners.py", line 118, in run
    return self._loop.run_until_complete(task)
           ~~~~~~~~~~~~~~~~~~~~~~~~~~~~~^^^^^^
  File "/Users/garfield/Library/Application Support/uv/python/cpython-3.13.7-macos-aarch64-none/lib/python3.13/asyncio/base_events.py", line 725, in run_until_complete
    return future.result()
           ~~~~~~~~~~~~~^^
  File "/Users/garfield/PycharmProjects/SecVerifier-forked/openhands/utils/async_utils.py", line 37, in arun
    result = await coro
             ^^^^^^^^^^
  File "/Users/garfield/PycharmProjects/SecVerifier-forked/openhands/runtime/impl/docker/docker_runtime.py", line 197, in connect
    await call_sync_from_async(self.wait_until_alive)
  File "/Users/garfield/PycharmProjects/SecVerifier-forked/openhands/utils/async_utils.py", line 18, in call_sync_from_async
    result = await coro
             ^^^^^^^^^^
  File "/Users/garfield/Library/Application Support/uv/python/cpython-3.13.7-macos-aarch64-none/lib/python3.13/concurrent/futures/thread.py", line 59, in run
    result = self.fn(*self.args, **self.kwargs)
  File "/Users/garfield/PycharmProjects/SecVerifier-forked/openhands/utils/async_utils.py", line 17, in <lambda>
    coro = loop.run_in_executor(None, lambda: fn(*args, **kwargs))
                                              ~~^^^^^^^^^^^^^^^^^
  File "/Users/garfield/Library/Caches/pypoetry/virtualenvs/openhands-ai-hIgrDjAp-py3.13/lib/python3.13/site-packages/tenacity/__init__.py", line 338, in wrapped_f
    return copy(f, *args, **kw)
  File "/Users/garfield/Library/Caches/pypoetry/virtualenvs/openhands-ai-hIgrDjAp-py3.13/lib/python3.13/site-packages/tenacity/__init__.py", line 477, in __call__
    do = self.iter(retry_state=retry_state)
  File "/Users/garfield/Library/Caches/pypoetry/virtualenvs/openhands-ai-hIgrDjAp-py3.13/lib/python3.13/site-packages/tenacity/__init__.py", line 378, in iter
    result = action(retry_state)
  File "/Users/garfield/Library/Caches/pypoetry/virtualenvs/openhands-ai-hIgrDjAp-py3.13/lib/python3.13/site-packages/tenacity/__init__.py", line 420, in exc_check
    raise retry_exc.reraise()
          ~~~~~~~~~~~~~~~~~^^
  File "/Users/garfield/Library/Caches/pypoetry/virtualenvs/openhands-ai-hIgrDjAp-py3.13/lib/python3.13/site-packages/tenacity/__init__.py", line 187, in reraise
    raise self.last_attempt.result()
          ~~~~~~~~~~~~~~~~~~~~~~~~^^
  File "/Users/garfield/Library/Application Support/uv/python/cpython-3.13.7-macos-aarch64-none/lib/python3.13/concurrent/futures/_base.py", line 449, in result
    return self.__get_result()
           ~~~~~~~~~~~~~~~~~^^
  File "/Users/garfield/Library/Application Support/uv/python/cpython-3.13.7-macos-aarch64-none/lib/python3.13/concurrent/futures/_base.py", line 401, in __get_result
    raise self._exception
  File "/Users/garfield/Library/Caches/pypoetry/virtualenvs/openhands-ai-hIgrDjAp-py3.13/lib/python3.13/site-packages/tenacity/__init__.py", line 480, in __call__
    result = fn(*args, **kwargs)
  File "/Users/garfield/PycharmProjects/SecVerifier-forked/openhands/runtime/impl/docker/docker_runtime.py", line 559, in wait_until_alive
    self.check_if_alive()
    ~~~~~~~~~~~~~~~~~~~^^
  File "/Users/garfield/PycharmProjects/SecVerifier-forked/openhands/runtime/impl/action_execution/action_execution_client.py", line 129, in check_if_alive
    response = self._send_action_server_request(
        'GET',
        f'{self.action_execution_server_url}/alive',
        timeout=5,
    )
  File "/Users/garfield/Library/Caches/pypoetry/virtualenvs/openhands-ai-hIgrDjAp-py3.13/lib/python3.13/site-packages/tenacity/__init__.py", line 338, in wrapped_f
    return copy(f, *args, **kw)
  File "/Users/garfield/Library/Caches/pypoetry/virtualenvs/openhands-ai-hIgrDjAp-py3.13/lib/python3.13/site-packages/tenacity/__init__.py", line 477, in __call__
    do = self.iter(retry_state=retry_state)
  File "/Users/garfield/Library/Caches/pypoetry/virtualenvs/openhands-ai-hIgrDjAp-py3.13/lib/python3.13/site-packages/tenacity/__init__.py", line 378, in iter
    result = action(retry_state)
  File "/Users/garfield/Library/Caches/pypoetry/virtualenvs/openhands-ai-hIgrDjAp-py3.13/lib/python3.13/site-packages/tenacity/__init__.py", line 400, in <lambda>
    self._add_action_func(lambda rs: rs.outcome.result())
                                     ~~~~~~~~~~~~~~~~~^^
  File "/Users/garfield/Library/Application Support/uv/python/cpython-3.13.7-macos-aarch64-none/lib/python3.13/concurrent/futures/_base.py", line 449, in result
    return self.__get_result()
           ~~~~~~~~~~~~~~~~~^^
  File "/Users/garfield/Library/Application Support/uv/python/cpython-3.13.7-macos-aarch64-none/lib/python3.13/concurrent/futures/_base.py", line 401, in __get_result
    raise self._exception
  File "/Users/garfield/Library/Caches/pypoetry/virtualenvs/openhands-ai-hIgrDjAp-py3.13/lib/python3.13/site-packages/tenacity/__init__.py", line 480, in __call__
    result = fn(*args, **kwargs)
  File "/Users/garfield/PycharmProjects/SecVerifier-forked/openhands/runtime/impl/action_execution/action_execution_client.py", line 126, in _send_action_server_request
    return send_request(self.session, method, url, **kwargs)
  File "/Users/garfield/Library/Caches/pypoetry/virtualenvs/openhands-ai-hIgrDjAp-py3.13/lib/python3.13/site-packages/tenacity/__init__.py", line 338, in wrapped_f
    return copy(f, *args, **kw)
  File "/Users/garfield/Library/Caches/pypoetry/virtualenvs/openhands-ai-hIgrDjAp-py3.13/lib/python3.13/site-packages/tenacity/__init__.py", line 477, in __call__
    do = self.iter(retry_state=retry_state)
  File "/Users/garfield/Library/Caches/pypoetry/virtualenvs/openhands-ai-hIgrDjAp-py3.13/lib/python3.13/site-packages/tenacity/__init__.py", line 378, in iter
    result = action(retry_state)
  File "/Users/garfield/Library/Caches/pypoetry/virtualenvs/openhands-ai-hIgrDjAp-py3.13/lib/python3.13/site-packages/tenacity/__init__.py", line 400, in <lambda>
    self._add_action_func(lambda rs: rs.outcome.result())
                                     ~~~~~~~~~~~~~~~~~^^
  File "/Users/garfield/Library/Application Support/uv/python/cpython-3.13.7-macos-aarch64-none/lib/python3.13/concurrent/futures/_base.py", line 449, in result
    return self.__get_result()
           ~~~~~~~~~~~~~~~~~^^
  File "/Users/garfield/Library/Application Support/uv/python/cpython-3.13.7-macos-aarch64-none/lib/python3.13/concurrent/futures/_base.py", line 401, in __get_result
    raise self._exception
  File "/Users/garfield/Library/Caches/pypoetry/virtualenvs/openhands-ai-hIgrDjAp-py3.13/lib/python3.13/site-packages/tenacity/__init__.py", line 480, in __call__
    result = fn(*args, **kwargs)
  File "/Users/garfield/PycharmProjects/SecVerifier-forked/openhands/runtime/utils/request.py", line 44, in send_request
    response = session.request(method, url, timeout=timeout, **kwargs)
  File "/Users/garfield/PycharmProjects/SecVerifier-forked/openhands/utils/http_session.py", line 31, in request
    return CLIENT.request(*args, **kwargs)
           ~~~~~~~~~~~~~~^^^^^^^^^^^^^^^^^
  File "/Users/garfield/Library/Caches/pypoetry/virtualenvs/openhands-ai-hIgrDjAp-py3.13/lib/python3.13/site-packages/httpx/_client.py", line 825, in request
    return self.send(request, auth=auth, follow_redirects=follow_redirects)
           ~~~~~~~~~^^^^^^^^^^^^^^^^^^^^^^^^^^^^^^^^^^^^^^^^^^^^^^^^^^^^^^^
  File "/Users/garfield/Library/Caches/pypoetry/virtualenvs/openhands-ai-hIgrDjAp-py3.13/lib/python3.13/site-packages/httpx/_client.py", line 914, in send
    response = self._send_handling_auth(
        request,
    ...<2 lines>...
        history=[],
    )
  File "/Users/garfield/Library/Caches/pypoetry/virtualenvs/openhands-ai-hIgrDjAp-py3.13/lib/python3.13/site-packages/httpx/_client.py", line 942, in _send_handling_auth
    response = self._send_handling_redirects(
        request,
        follow_redirects=follow_redirects,
        history=history,
    )
  File "/Users/garfield/Library/Caches/pypoetry/virtualenvs/openhands-ai-hIgrDjAp-py3.13/lib/python3.13/site-packages/httpx/_client.py", line 979, in _send_handling_redirects
    response = self._send_single_request(request)
  File "/Users/garfield/Library/Caches/pypoetry/virtualenvs/openhands-ai-hIgrDjAp-py3.13/lib/python3.13/site-packages/httpx/_client.py", line 1014, in _send_single_request
    response = transport.handle_request(request)
  File "/Users/garfield/Library/Caches/pypoetry/virtualenvs/openhands-ai-hIgrDjAp-py3.13/lib/python3.13/site-packages/httpx/_transports/default.py", line 249, in handle_request
    with map_httpcore_exceptions():
         ~~~~~~~~~~~~~~~~~~~~~~~^^
  File "/Users/garfield/Library/Application Support/uv/python/cpython-3.13.7-macos-aarch64-none/lib/python3.13/contextlib.py", line 162, in __exit__
    self.gen.throw(value)
    ~~~~~~~~~~~~~~^^^^^^^
  File "/Users/garfield/Library/Caches/pypoetry/virtualenvs/openhands-ai-hIgrDjAp-py3.13/lib/python3.13/site-packages/httpx/_transports/default.py", line 118, in map_httpcore_exceptions
    raise mapped_exc(message) from exc
httpx.ReadError: [Errno 54] Connection reset by peer

2025-11-06 09:36:59,808 - INFO - Runtime for instance upx.cve-2020-27800 closed.
2025-11-06 09:36:59,925 - ERROR - ----------
Error in instance [upx.cve-2020-27800]: Unhandled error: [Errno 54] Connection reset by peer. Stacktrace:
Traceback (most recent call last):
  File "/Users/garfield/Library/Caches/pypoetry/virtualenvs/openhands-ai-hIgrDjAp-py3.13/lib/python3.13/site-packages/httpx/_transports/default.py", line 101, in map_httpcore_exceptions
    yield
  File "/Users/garfield/Library/Caches/pypoetry/virtualenvs/openhands-ai-hIgrDjAp-py3.13/lib/python3.13/site-packages/httpx/_transports/default.py", line 250, in handle_request
    resp = self._pool.handle_request(req)
  File "/Users/garfield/Library/Caches/pypoetry/virtualenvs/openhands-ai-hIgrDjAp-py3.13/lib/python3.13/site-packages/httpcore/_sync/connection_pool.py", line 256, in handle_request
    raise exc from None
  File "/Users/garfield/Library/Caches/pypoetry/virtualenvs/openhands-ai-hIgrDjAp-py3.13/lib/python3.13/site-packages/httpcore/_sync/connection_pool.py", line 236, in handle_request
    response = connection.handle_request(
        pool_request.request
    )
  File "/Users/garfield/Library/Caches/pypoetry/virtualenvs/openhands-ai-hIgrDjAp-py3.13/lib/python3.13/site-packages/httpcore/_sync/connection.py", line 103, in handle_request
    return self._connection.handle_request(request)
           ~~~~~~~~~~~~~~~~~~~~~~~~~~~~~~~^^^^^^^^^
  File "/Users/garfield/Library/Caches/pypoetry/virtualenvs/openhands-ai-hIgrDjAp-py3.13/lib/python3.13/site-packages/httpcore/_sync/http11.py", line 136, in handle_request
    raise exc
  File "/Users/garfield/Library/Caches/pypoetry/virtualenvs/openhands-ai-hIgrDjAp-py3.13/lib/python3.13/site-packages/httpcore/_sync/http11.py", line 106, in handle_request
    ) = self._receive_response_headers(**kwargs)
        ~~~~~~~~~~~~~~~~~~~~~~~~~~~~~~^^^^^^^^^^
  File "/Users/garfield/Library/Caches/pypoetry/virtualenvs/openhands-ai-hIgrDjAp-py3.13/lib/python3.13/site-packages/httpcore/_sync/http11.py", line 177, in _receive_response_headers
    event = self._receive_event(timeout=timeout)
  File "/Users/garfield/Library/Caches/pypoetry/virtualenvs/openhands-ai-hIgrDjAp-py3.13/lib/python3.13/site-packages/httpcore/_sync/http11.py", line 217, in _receive_event
    data = self._network_stream.read(
        self.READ_NUM_BYTES, timeout=timeout
    )
  File "/Users/garfield/Library/Caches/pypoetry/virtualenvs/openhands-ai-hIgrDjAp-py3.13/lib/python3.13/site-packages/httpcore/_backends/sync.py", line 126, in read
    with map_exceptions(exc_map):
         ~~~~~~~~~~~~~~^^^^^^^^^
  File "/Users/garfield/Library/Application Support/uv/python/cpython-3.13.7-macos-aarch64-none/lib/python3.13/contextlib.py", line 162, in __exit__
    self.gen.throw(value)
    ~~~~~~~~~~~~~~^^^^^^^
  File "/Users/garfield/Library/Caches/pypoetry/virtualenvs/openhands-ai-hIgrDjAp-py3.13/lib/python3.13/site-packages/httpcore/_exceptions.py", line 14, in map_exceptions
    raise to_exc(exc) from exc
httpcore.ReadError: [Errno 54] Connection reset by peer

The above exception was the direct cause of the following exception:

Traceback (most recent call last):
  File "/Users/garfield/PycharmProjects/SecVerifier-forked/multi-agent.py", line 1105, in process_instance
    call_async_from_sync(runtime.connect)
    ~~~~~~~~~~~~~~~~~~~~^^^^^^^^^^^^^^^^^
  File "/Users/garfield/PycharmProjects/SecVerifier-forked/openhands/utils/async_utils.py", line 54, in call_async_from_sync
    result = future.result()
  File "/Users/garfield/Library/Application Support/uv/python/cpython-3.13.7-macos-aarch64-none/lib/python3.13/concurrent/futures/_base.py", line 456, in result
    return self.__get_result()
           ~~~~~~~~~~~~~~~~~^^
  File "/Users/garfield/Library/Application Support/uv/python/cpython-3.13.7-macos-aarch64-none/lib/python3.13/concurrent/futures/_base.py", line 401, in __get_result
    raise self._exception
  File "/Users/garfield/Library/Application Support/uv/python/cpython-3.13.7-macos-aarch64-none/lib/python3.13/concurrent/futures/thread.py", line 59, in run
    result = self.fn(*self.args, **self.kwargs)
  File "/Users/garfield/PycharmProjects/SecVerifier-forked/openhands/utils/async_utils.py", line 44, in run
    return asyncio.run(arun())
           ~~~~~~~~~~~^^^^^^^^
  File "/Users/garfield/Library/Application Support/uv/python/cpython-3.13.7-macos-aarch64-none/lib/python3.13/asyncio/runners.py", line 195, in run
    return runner.run(main)
           ~~~~~~~~~~^^^^^^
  File "/Users/garfield/Library/Application Support/uv/python/cpython-3.13.7-macos-aarch64-none/lib/python3.13/asyncio/runners.py", line 118, in run
    return self._loop.run_until_complete(task)
           ~~~~~~~~~~~~~~~~~~~~~~~~~~~~~^^^^^^
  File "/Users/garfield/Library/Application Support/uv/python/cpython-3.13.7-macos-aarch64-none/lib/python3.13/asyncio/base_events.py", line 725, in run_until_complete
    return future.result()
           ~~~~~~~~~~~~~^^
  File "/Users/garfield/PycharmProjects/SecVerifier-forked/openhands/utils/async_utils.py", line 37, in arun
    result = await coro
             ^^^^^^^^^^
  File "/Users/garfield/PycharmProjects/SecVerifier-forked/openhands/runtime/impl/docker/docker_runtime.py", line 197, in connect
    await call_sync_from_async(self.wait_until_alive)
  File "/Users/garfield/PycharmProjects/SecVerifier-forked/openhands/utils/async_utils.py", line 18, in call_sync_from_async
    result = await coro
             ^^^^^^^^^^
  File "/Users/garfield/Library/Application Support/uv/python/cpython-3.13.7-macos-aarch64-none/lib/python3.13/concurrent/futures/thread.py", line 59, in run
    result = self.fn(*self.args, **self.kwargs)
  File "/Users/garfield/PycharmProjects/SecVerifier-forked/openhands/utils/async_utils.py", line 17, in <lambda>
    coro = loop.run_in_executor(None, lambda: fn(*args, **kwargs))
                                              ~~^^^^^^^^^^^^^^^^^
  File "/Users/garfield/Library/Caches/pypoetry/virtualenvs/openhands-ai-hIgrDjAp-py3.13/lib/python3.13/site-packages/tenacity/__init__.py", line 338, in wrapped_f
    return copy(f, *args, **kw)
  File "/Users/garfield/Library/Caches/pypoetry/virtualenvs/openhands-ai-hIgrDjAp-py3.13/lib/python3.13/site-packages/tenacity/__init__.py", line 477, in __call__
    do = self.iter(retry_state=retry_state)
  File "/Users/garfield/Library/Caches/pypoetry/virtualenvs/openhands-ai-hIgrDjAp-py3.13/lib/python3.13/site-packages/tenacity/__init__.py", line 378, in iter
    result = action(retry_state)
  File "/Users/garfield/Library/Caches/pypoetry/virtualenvs/openhands-ai-hIgrDjAp-py3.13/lib/python3.13/site-packages/tenacity/__init__.py", line 420, in exc_check
    raise retry_exc.reraise()
          ~~~~~~~~~~~~~~~~~^^
  File "/Users/garfield/Library/Caches/pypoetry/virtualenvs/openhands-ai-hIgrDjAp-py3.13/lib/python3.13/site-packages/tenacity/__init__.py", line 187, in reraise
    raise self.last_attempt.result()
          ~~~~~~~~~~~~~~~~~~~~~~~~^^
  File "/Users/garfield/Library/Application Support/uv/python/cpython-3.13.7-macos-aarch64-none/lib/python3.13/concurrent/futures/_base.py", line 449, in result
    return self.__get_result()
           ~~~~~~~~~~~~~~~~~^^
  File "/Users/garfield/Library/Application Support/uv/python/cpython-3.13.7-macos-aarch64-none/lib/python3.13/concurrent/futures/_base.py", line 401, in __get_result
    raise self._exception
  File "/Users/garfield/Library/Caches/pypoetry/virtualenvs/openhands-ai-hIgrDjAp-py3.13/lib/python3.13/site-packages/tenacity/__init__.py", line 480, in __call__
    result = fn(*args, **kwargs)
  File "/Users/garfield/PycharmProjects/SecVerifier-forked/openhands/runtime/impl/docker/docker_runtime.py", line 559, in wait_until_alive
    self.check_if_alive()
    ~~~~~~~~~~~~~~~~~~~^^
  File "/Users/garfield/PycharmProjects/SecVerifier-forked/openhands/runtime/impl/action_execution/action_execution_client.py", line 129, in check_if_alive
    response = self._send_action_server_request(
        'GET',
        f'{self.action_execution_server_url}/alive',
        timeout=5,
    )
  File "/Users/garfield/Library/Caches/pypoetry/virtualenvs/openhands-ai-hIgrDjAp-py3.13/lib/python3.13/site-packages/tenacity/__init__.py", line 338, in wrapped_f
    return copy(f, *args, **kw)
  File "/Users/garfield/Library/Caches/pypoetry/virtualenvs/openhands-ai-hIgrDjAp-py3.13/lib/python3.13/site-packages/tenacity/__init__.py", line 477, in __call__
    do = self.iter(retry_state=retry_state)
  File "/Users/garfield/Library/Caches/pypoetry/virtualenvs/openhands-ai-hIgrDjAp-py3.13/lib/python3.13/site-packages/tenacity/__init__.py", line 378, in iter
    result = action(retry_state)
  File "/Users/garfield/Library/Caches/pypoetry/virtualenvs/openhands-ai-hIgrDjAp-py3.13/lib/python3.13/site-packages/tenacity/__init__.py", line 400, in <lambda>
    self._add_action_func(lambda rs: rs.outcome.result())
                                     ~~~~~~~~~~~~~~~~~^^
  File "/Users/garfield/Library/Application Support/uv/python/cpython-3.13.7-macos-aarch64-none/lib/python3.13/concurrent/futures/_base.py", line 449, in result
    return self.__get_result()
           ~~~~~~~~~~~~~~~~~^^
  File "/Users/garfield/Library/Application Support/uv/python/cpython-3.13.7-macos-aarch64-none/lib/python3.13/concurrent/futures/_base.py", line 401, in __get_result
    raise self._exception
  File "/Users/garfield/Library/Caches/pypoetry/virtualenvs/openhands-ai-hIgrDjAp-py3.13/lib/python3.13/site-packages/tenacity/__init__.py", line 480, in __call__
    result = fn(*args, **kwargs)
  File "/Users/garfield/PycharmProjects/SecVerifier-forked/openhands/runtime/impl/action_execution/action_execution_client.py", line 126, in _send_action_server_request
    return send_request(self.session, method, url, **kwargs)
  File "/Users/garfield/Library/Caches/pypoetry/virtualenvs/openhands-ai-hIgrDjAp-py3.13/lib/python3.13/site-packages/tenacity/__init__.py", line 338, in wrapped_f
    return copy(f, *args, **kw)
  File "/Users/garfield/Library/Caches/pypoetry/virtualenvs/openhands-ai-hIgrDjAp-py3.13/lib/python3.13/site-packages/tenacity/__init__.py", line 477, in __call__
    do = self.iter(retry_state=retry_state)
  File "/Users/garfield/Library/Caches/pypoetry/virtualenvs/openhands-ai-hIgrDjAp-py3.13/lib/python3.13/site-packages/tenacity/__init__.py", line 378, in iter
    result = action(retry_state)
  File "/Users/garfield/Library/Caches/pypoetry/virtualenvs/openhands-ai-hIgrDjAp-py3.13/lib/python3.13/site-packages/tenacity/__init__.py", line 400, in <lambda>
    self._add_action_func(lambda rs: rs.outcome.result())
                                     ~~~~~~~~~~~~~~~~~^^
  File "/Users/garfield/Library/Application Support/uv/python/cpython-3.13.7-macos-aarch64-none/lib/python3.13/concurrent/futures/_base.py", line 449, in result
    return self.__get_result()
           ~~~~~~~~~~~~~~~~~^^
  File "/Users/garfield/Library/Application Support/uv/python/cpython-3.13.7-macos-aarch64-none/lib/python3.13/concurrent/futures/_base.py", line 401, in __get_result
    raise self._exception
  File "/Users/garfield/Library/Caches/pypoetry/virtualenvs/openhands-ai-hIgrDjAp-py3.13/lib/python3.13/site-packages/tenacity/__init__.py", line 480, in __call__
    result = fn(*args, **kwargs)
  File "/Users/garfield/PycharmProjects/SecVerifier-forked/openhands/runtime/utils/request.py", line 44, in send_request
    response = session.request(method, url, timeout=timeout, **kwargs)
  File "/Users/garfield/PycharmProjects/SecVerifier-forked/openhands/utils/http_session.py", line 31, in request
    return CLIENT.request(*args, **kwargs)
           ~~~~~~~~~~~~~~^^^^^^^^^^^^^^^^^
  File "/Users/garfield/Library/Caches/pypoetry/virtualenvs/openhands-ai-hIgrDjAp-py3.13/lib/python3.13/site-packages/httpx/_client.py", line 825, in request
    return self.send(request, auth=auth, follow_redirects=follow_redirects)
           ~~~~~~~~~^^^^^^^^^^^^^^^^^^^^^^^^^^^^^^^^^^^^^^^^^^^^^^^^^^^^^^^
  File "/Users/garfield/Library/Caches/pypoetry/virtualenvs/openhands-ai-hIgrDjAp-py3.13/lib/python3.13/site-packages/httpx/_client.py", line 914, in send
    response = self._send_handling_auth(
        request,
    ...<2 lines>...
        history=[],
    )
  File "/Users/garfield/Library/Caches/pypoetry/virtualenvs/openhands-ai-hIgrDjAp-py3.13/lib/python3.13/site-packages/httpx/_client.py", line 942, in _send_handling_auth
    response = self._send_handling_redirects(
        request,
        follow_redirects=follow_redirects,
        history=history,
    )
  File "/Users/garfield/Library/Caches/pypoetry/virtualenvs/openhands-ai-hIgrDjAp-py3.13/lib/python3.13/site-packages/httpx/_client.py", line 979, in _send_handling_redirects
    response = self._send_single_request(request)
  File "/Users/garfield/Library/Caches/pypoetry/virtualenvs/openhands-ai-hIgrDjAp-py3.13/lib/python3.13/site-packages/httpx/_client.py", line 1014, in _send_single_request
    response = transport.handle_request(request)
  File "/Users/garfield/Library/Caches/pypoetry/virtualenvs/openhands-ai-hIgrDjAp-py3.13/lib/python3.13/site-packages/httpx/_transports/default.py", line 249, in handle_request
    with map_httpcore_exceptions():
         ~~~~~~~~~~~~~~~~~~~~~~~^^
  File "/Users/garfield/Library/Application Support/uv/python/cpython-3.13.7-macos-aarch64-none/lib/python3.13/contextlib.py", line 162, in __exit__
    self.gen.throw(value)
    ~~~~~~~~~~~~~~^^^^^^^
  File "/Users/garfield/Library/Caches/pypoetry/virtualenvs/openhands-ai-hIgrDjAp-py3.13/lib/python3.13/site-packages/httpx/_transports/default.py", line 118, in map_httpcore_exceptions
    raise mapped_exc(message) from exc
httpx.ReadError: [Errno 54] Connection reset by peer

During handling of the above exception, another exception occurred:

Traceback (most recent call last):
  File "/Users/garfield/PycharmProjects/SecVerifier-forked/evaluation/utils/shared.py", line 405, in _process_instance_wrapper
    result = process_instance_func(instance, metadata, use_mp, **kwargs)
  File "/Users/garfield/PycharmProjects/SecVerifier-forked/multi-agent.py", line 1193, in process_instance
    raise EvalException(f'Unhandled error: {error_msg}')
evaluation.utils.shared.EvalException: Unhandled error: [Errno 54] Connection reset by peer

----------[The above error occurred. Retrying... (attempt 2 of 3)]----------

2025-11-06 09:37:05,049 - INFO - Processing instance: upx.cve-2020-27800 using run_controller
2025-11-06 09:37:05,050 - INFO - Using runtime container image: ghcr.io/all-hands-ai/runtime:0.52-nikolaik
2025-11-06 09:37:05,050 - INFO - Using LLM config: llm.4o
2025-11-06 09:37:05,050 - INFO - Using Condenser: recent
2025-11-06 09:37:05,050 - INFO - Using Condenser config: recent
2025-11-06 09:37:05,050 - INFO - Max iterations: 300
2025-11-06 09:37:05,050 - INFO - Headless mode: True
2025-11-06 09:37:05,050 - INFO - Trajectory directory: output/SEC-bench/Seed/MultiAgent/gpt-4o_maxiter_300_N_condenser=recent/upx.cve-2020-27800/20251106_093704
2025-11-06 09:37:05,050 - INFO - Log completions folder: output/SEC-bench/Seed/MultiAgent/gpt-4o_maxiter_300_N_condenser=recent/upx.cve-2020-27800/20251106_093704/completions
2025-11-06 09:37:05,051 - INFO - --------------------------------------------------
2025-11-06 09:37:05,621 - INFO - [runtime 1abb1b2e-4f21-49-13b271ed5112cd6] Starting runtime with image: ghcr.io/all-hands-ai/runtime:0.52-nikolaik
2025-11-06 09:37:07,562 - INFO - [runtime 1abb1b2e-4f21-49-13b271ed5112cd6] Starting server with command: ['/openhands/micromamba/bin/micromamba', 'run', '-n', 'openhands', 'poetry', 'run', 'python', '-u', '-m', 'openhands.runtime.action_execution_server', '38641', '--working-dir', '/workspace', '--plugins', 'agent_skills', 'jupyter', '--username', 'root', '--user-id', '0', '--git-user-name', 'openhands', '--git-user-email', 'openhands@all-hands.dev']
2025-11-06 09:37:14,648 - INFO - [runtime 1abb1b2e-4f21-49-13b271ed5112cd6] Container started: openhands-runtime-1abb1b2e-4f21-49-13b271ed5112cd6. VSCode URL: None
2025-11-06 09:37:14,655 - INFO - [runtime 1abb1b2e-4f21-49-13b271ed5112cd6] Waiting for client to become ready at http://localhost:38641...
2025-11-06 09:39:16,347 - INFO - [runtime 1abb1b2e-4f21-49-13b271ed5112cd6] Runtime is ready.
2025-11-06 09:39:18,042 - INFO - ============================================================
2025-11-06 09:39:18,042 - INFO - REPOSITORY INITIALIZATION STARTING
2025-11-06 09:39:18,043 - INFO - ============================================================
2025-11-06 09:39:18,064 - INFO - Repository: upx/upx
2025-11-06 09:39:18,064 - INFO - Target commit: 69ca635c4c0b...
2025-11-06 09:39:18,064 - INFO - Working directory: /src/upx
2025-11-06 09:39:18,064 - INFO - ------------------------------------------------------------
2025-11-06 09:39:18,064 - INFO - Step 1/4: Creating parent directory /src...
2025-11-06 09:39:18,791 - INFO -  Parent directory created
2025-11-06 09:39:18,792 - INFO - Step 2/4: Cloning repository from https://github.com/upx/upx...
2025-11-06 09:39:18,792 - INFO - This may take 30-60 seconds depending on repository size.
2025-11-06 09:39:36,713 - INFO -  Successfully cloned upx/upx
2025-11-06 09:39:36,715 - INFO - Clone summary: Resolving deltas: 100% (38642/38642), done.
2025-11-06 09:39:36,715 - INFO - Step 3/4: Checking out commit 69ca635c4c0b...
2025-11-06 09:39:37,368 - INFO -  Successfully checked out commit 69ca635c
2025-11-06 09:39:37,369 - INFO - Step 4/4: Setting up build configuration...
2025-11-06 09:39:38,032 - INFO -  Successfully wrote build.sh to /src/upx/build.sh
2025-11-06 09:39:38,059 - INFO - Rendered secb helper script from local template.
2025-11-06 09:39:38,702 - INFO -  Wrote executable: /usr/local/bin/secb
2025-11-06 09:39:39,337 - INFO -  Wrote executable: /usr/local/bin/compile
2025-11-06 09:39:40,623 - INFO -  Created /testcase directory for artifacts
2025-11-06 09:39:40,624 - INFO - ------------------------------------------------------------
2025-11-06 09:39:40,624 - INFO -  REPOSITORY INITIALIZATION COMPLETE
2025-11-06 09:39:40,624 - INFO -  Repository ready at: /src/upx
2025-11-06 09:39:40,624 - INFO - ============================================================
2025-11-06 09:39:40,625 - INFO - [Execution] Starting run_controller for upx.cve-2020-27800...
2025-11-06 09:39:40,625 - INFO - [Execution] Config: headless=True, max_iterations=300
2025-11-06 09:39:40,649 - INFO - [Memory Init] Starting to load global microagents...
2025-11-06 09:39:40,664 - INFO - [Memory Init] Global microagents loaded in 0.01s
2025-11-06 09:39:40,665 - INFO - [Memory Init] Starting to load user microagents...
2025-11-06 09:39:40,665 - INFO - [Memory Init] User microagents loaded in 0.00s
2025-11-06 09:39:40,666 - INFO - [Memory Init] Memory initialization complete
2025-11-06 09:39:40,667 - INFO - [runtime 1abb1b2e-4f21-49-13b271ed5112cd6] Selected repo: None, loading microagents from /workspace/.openhands/microagents (inside runtime)
2025-11-06 09:39:40,675 - INFO - [runtime 1abb1b2e-4f21-49-13b271ed5112cd6] Attempting to list files in repository microagents directory: /workspace/.openhands/microagents
2025-11-06 09:39:40,678 - INFO - Loading user workspace microagents: []
2025-11-06 09:39:40,678 - WARNING - No search engine API key found, skipping search engine
2025-11-06 09:39:40,679 - WARNING - Added microagent stdio server: fetch
2025-11-06 09:39:40,742 - INFO - [runtime 1abb1b2e-4f21-49-13b271ed5112cd6] Updated MCP config: []
2025-11-06 09:39:40,742 - INFO - Initializing MCP agent for url='http://localhost:38641/mcp/sse' api_key='******' with SSE connection...
2025-11-06 09:39:54,090 - INFO - Connected to server with tools: ['fetch']
2025-11-06 09:39:54,091 - INFO - Loaded 1 MCP tools: ['fetch']
2025-11-06 09:39:54,091 - INFO - Setting 1 MCP tools for agent Reproducer: ['fetch']
2025-11-06 09:39:54,092 - INFO - Tools updated for agent Reproducer, total 7: ['execute_bash', 'think', 'finish', 'browser', 'execute_ipython_cell', 'str_replace_editor', 'fetch']
2025-11-06 09:39:54,094 - INFO - AgentController 1abb1b2e-4f21-49-13b271ed5112cd6 - created new state. start_id: 0
2025-11-06 09:39:54,103 - INFO - [Agent Controller 1abb1b2e-4f21-49-13b271ed5112cd6] Setting agent(Reproducer) state from AgentState.LOADING to AgentState.RUNNING
2025-11-06 09:39:54,103 - INFO - Microagent 'github' triggered by keyword 'github'
2025-11-06 09:39:54,103 - INFO - Microagent 'docker' triggered by keyword 'container'
2025-11-06 09:39:54,103 - INFO - Microagent 'gitlab' triggered by keyword 'git'
2025-11-06 09:39:54,104 - INFO - Microagent 'security' triggered by keyword 'security'
2025-11-06 09:39:54,106 - INFO - Parsed instance info: ['instance_id', 'repo', 'base_commit', 'work_dir', 'build_sh', 'bug_description', 'candidate_fixes']
2025-11-06 09:39:54,114 - INFO - Issuing delegation to BuilderAgent
2025-11-06 09:39:54,128 - INFO - AgentController 1abb1b2e-4f21-49-13b271ed5112cd6-delegate initializing history from event 6
2025-11-06 09:39:54,129 - INFO - [Agent Controller 1abb1b2e-4f21-49-13b271ed5112cd6-delegate] Setting agent(BuilderAgent) state from AgentState.LOADING to AgentState.RUNNING
2025-11-06 09:39:54,131 - INFO - Microagent 'github' triggered by keyword 'github'
2025-11-06 09:39:54,132 - INFO - Microagent 'docker' triggered by keyword 'container'
2025-11-06 09:39:54,132 - INFO - Microagent 'gitlab' triggered by keyword 'git'
2025-11-06 09:39:54,132 - INFO - Microagent 'security' triggered by keyword 'security'
2025-11-06 09:41:42,921 - INFO - [Agent Controller 1abb1b2e-4f21-49-13b271ed5112cd6-delegate] Setting agent(BuilderAgent) state from AgentState.RUNNING to AgentState.FINISHED
2025-11-06 09:41:42,923 - INFO - Local metrics for delegate: Metrics({'accumulated_cost': 0.41222749999999997, 'max_budget_per_task': None, 'accumulated_token_usage': {'model': 'default', 'prompt_tokens': 276819, 'completion_tokens': 1698, 'cache_read_tokens': 237440, 'cache_write_tokens': 0, 'context_window': 128000, 'per_turn_token': 15959, 'response_id': ''}, 'costs': [{'model': 'default', 'cost': 0.014727500000000001, 'timestamp': 1762439995.437669}, {'model': 'default', 'cost': 0.0086975, 'timestamp': 1762439996.8172328}, {'model': 'default', 'cost': 0.011957500000000001, 'timestamp': 1762440007.3704162}, {'model': 'default', 'cost': 0.010140000000000001, 'timestamp': 1762440008.268762}, {'model': 'default', 'cost': 0.013510000000000001, 'timestamp': 1762440026.373846}, {'model': 'default', 'cost': 0.012790000000000001, 'timestamp': 1762440029.8003929}, {'model': 'default', 'cost': 0.013527500000000001, 'timestamp': 1762440033.6069078}, {'model': 'default', 'cost': 0.0123225, 'timestamp': 1762440035.154834}, {'model': 'default', 'cost': 0.013295000000000001, 'timestamp': 1762440038.068204}, {'model': 'default', 'cost': 0.01261, 'timestamp': 1762440038.828584}, {'model': 'default', 'cost': 0.01369, 'timestamp': 1762440041.7081668}, {'model': 'default', 'cost': 0.0130775, 'timestamp': 1762440042.968698}, {'model': 'default', 'cost': 0.01362, 'timestamp': 1762440044.925875}, {'model': 'default', 'cost': 0.0133275, 'timestamp': 1762440046.901888}, {'model': 'default', 'cost': 0.0168025, 'timestamp': 1762440048.4621902}, {'model': 'default', 'cost': 0.024117500000000004, 'timestamp': 1762440052.332172}, {'model': 'default', 'cost': 0.0198425, 'timestamp': 1762440054.456609}, {'model': 'default', 'cost': 0.019760000000000003, 'timestamp': 1762440055.872973}, {'model': 'default', 'cost': 0.019802500000000004, 'timestamp': 1762440056.953242}, {'model': 'default', 'cost': 0.019985, 'timestamp': 1762440088.420214}, {'model': 'default', 'cost': 0.039595, 'timestamp': 1762440095.025097}, {'model': 'default', 'cost': 0.020220000000000002, 'timestamp': 1762440096.423845}, {'model': 'default', 'cost': 0.03261, 'timestamp': 1762440098.73756}, {'model': 'default', 'cost': 0.022200000000000004, 'timestamp': 1762440102.918993}], 'response_latencies': [{'model': 'default', 'latency': 1.3010218143463135, 'response_id': 'chatcmpl-CYvRSTY3NIBnCKZi8NNkORVgTesqy'}, {'model': 'default', 'latency': 1.268294095993042, 'response_id': 'chatcmpl-CYvRU2Pshrg9gPys9rfndsk62hapw'}, {'model': 'default', 'latency': 2.080277919769287, 'response_id': 'chatcmpl-CYvRd3rWrMg6Dnrq9DgFSllLm9UDr'}, {'model': 'default', 'latency': 0.8879330158233643, 'response_id': 'chatcmpl-CYvRfuxNgKhfX0yVoOgT2Jp0tMmHl'}, {'model': 'default', 'latency': 1.0885848999023438, 'response_id': 'chatcmpl-CYvRxITzHfgac8ONjJ5gxLknoAW7M'}, {'model': 'default', 'latency': 2.2691869735717773, 'response_id': 'chatcmpl-CYvRzFmlWhprJznqrV07QDoSpTCtt'}, {'model': 'default', 'latency': 3.795213222503662, 'response_id': 'chatcmpl-CYvS20npOLJuU8CTqcIdX7Tz4qyIE'}, {'model': 'default', 'latency': 1.5147678852081299, 'response_id': 'chatcmpl-CYvS6xLovWq59wK9jcazlAYeEWnUJ'}, {'model': 'default', 'latency': 2.266787052154541, 'response_id': 'chatcmpl-CYvS8vHScYSBToYG6leIeVSRJq0hM'}, {'model': 'default', 'latency': 0.7531688213348389, 'response_id': 'chatcmpl-CYvSADQdPEYh4aOBin8JSpXiTNKDm'}, {'model': 'default', 'latency': 2.2330939769744873, 'response_id': 'chatcmpl-CYvSBIeNuc2VqcuBbIULGFz6AOAbK'}, {'model': 'default', 'latency': 1.255162239074707, 'response_id': 'chatcmpl-CYvSE69bnapyuoLiWTJGPakDNn3oA'}, {'model': 'default', 'latency': 1.9220068454742432, 'response_id': 'chatcmpl-CYvSFGoKsid7SkgWevmnOUbpA1hc8'}, {'model': 'default', 'latency': 1.9678847789764404, 'response_id': 'chatcmpl-CYvSHeLZJt1DFiHyaZKe8razJ4Pfn'}, {'model': 'default', 'latency': 0.9214737415313721, 'response_id': 'chatcmpl-CYvSJ5bNcqQUnDw7OvVRlY3EaFj7W'}, {'model': 'default', 'latency': 3.8456411361694336, 'response_id': 'chatcmpl-CYvSKkfBiosqYJTTscLRhh7k8nc48'}, {'model': 'default', 'latency': 2.1061339378356934, 'response_id': 'chatcmpl-CYvSOzKSSFpowU0mEt8mVtL2rLEE7'}, {'model': 'default', 'latency': 1.402674913406372, 'response_id': 'chatcmpl-CYvSQfVYeS8EQ9My2koKhLr680rj6'}, {'model': 'default', 'latency': 1.0599079132080078, 'response_id': 'chatcmpl-CYvSSqdlXyz3wwjhQAFxMLMWc2F5a'}, {'model': 'default', 'latency': 1.2094511985778809, 'response_id': 'chatcmpl-CYvSxcEOeTf1DuBGX6FgWmPIHhNcQ'}, {'model': 'default', 'latency': 6.581089019775391, 'response_id': 'chatcmpl-CYvSyjjzLYstVQd7YCUHjmlOJDEE1'}, {'model': 'default', 'latency': 0.7175769805908203, 'response_id': 'chatcmpl-CYvT6oP57hJtbEZxc859lFldzK7GZ'}, {'model': 'default', 'latency': 2.294178009033203, 'response_id': 'chatcmpl-CYvT6DCC1eHgOifa4aNlJV2ZpqraD'}, {'model': 'default', 'latency': 4.172398805618286, 'response_id': 'chatcmpl-CYvT9hZ7yvpGh52XhLWRedmwIpy62'}], 'token_usages': [{'model': 'default', 'prompt_tokens': 6643, 'completion_tokens': 52, 'cache_read_tokens': 1920, 'cache_write_tokens': 0, 'context_window': 128000, 'per_turn_token': 6695, 'response_id': 'chatcmpl-CYvRSTY3NIBnCKZi8NNkORVgTesqy'}, {'model': 'default', 'prompt_tokens': 6715, 'completion_tokens': 23, 'cache_read_tokens': 6656, 'cache_write_tokens': 0, 'context_window': 128000, 'per_turn_token': 6738, 'response_id': 'chatcmpl-CYvRU2Pshrg9gPys9rfndsk62hapw'}, {'model': 'default', 'prompt_tokens': 7759, 'completion_tokens': 88, 'cache_read_tokens': 6656, 'cache_write_tokens': 0, 'context_window': 128000, 'per_turn_token': 7847, 'response_id': 'chatcmpl-CYvRd3rWrMg6Dnrq9DgFSllLm9UDr'}, {'model': 'default', 'prompt_tokens': 7860, 'completion_tokens': 25, 'cache_read_tokens': 7808, 'cache_write_tokens': 0, 'context_window': 128000, 'per_turn_token': 7885, 'response_id': 'chatcmpl-CYvRfuxNgKhfX0yVoOgT2Jp0tMmHl'}, {'model': 'default', 'prompt_tokens': 9064, 'completion_tokens': 61, 'cache_read_tokens': 7808, 'cache_write_tokens': 0, 'context_window': 128000, 'per_turn_token': 9125, 'response_id': 'chatcmpl-CYvRxITzHfgac8ONjJ5gxLknoAW7M'}, {'model': 'default', 'prompt_tokens': 9268, 'completion_tokens': 98, 'cache_read_tokens': 9088, 'cache_write_tokens': 0, 'context_window': 128000, 'per_turn_token': 9366, 'response_id': 'chatcmpl-CYvRzFmlWhprJznqrV07QDoSpTCtt'}, {'model': 'default', 'prompt_tokens': 9379, 'completion_tokens': 176, 'cache_read_tokens': 9344, 'cache_write_tokens': 0, 'context_window': 128000, 'per_turn_token': 9555, 'response_id': 'chatcmpl-CYvS20npOLJuU8CTqcIdX7Tz4qyIE'}, {'model': 'default', 'prompt_tokens': 9573, 'completion_tokens': 23, 'cache_read_tokens': 9472, 'cache_write_tokens': 0, 'context_window': 128000, 'per_turn_token': 9596, 'response_id': 'chatcmpl-CYvS6xLovWq59wK9jcazlAYeEWnUJ'}, {'model': 'default', 'prompt_tokens': 9698, 'completion_tokens': 89, 'cache_read_tokens': 9472, 'cache_write_tokens': 0, 'context_window': 128000, 'per_turn_token': 9787, 'response_id': 'chatcmpl-CYvS8vHScYSBToYG6leIeVSRJq0hM'}, {'model': 'default', 'prompt_tokens': 9800, 'completion_tokens': 27, 'cache_read_tokens': 9728, 'cache_write_tokens': 0, 'context_window': 128000, 'per_turn_token': 9827, 'response_id': 'chatcmpl-CYvSADQdPEYh4aOBin8JSpXiTNKDm'}, {'model': 'default', 'prompt_tokens': 9916, 'completion_tokens': 106, 'cache_read_tokens': 9728, 'cache_write_tokens': 0, 'context_window': 128000, 'per_turn_token': 10022, 'response_id': 'chatcmpl-CYvSBIeNuc2VqcuBbIULGFz6AOAbK'}, {'model': 'default', 'prompt_tokens': 10035, 'completion_tokens': 47, 'cache_read_tokens': 9984, 'cache_write_tokens': 0, 'context_window': 128000, 'per_turn_token': 10082, 'response_id': 'chatcmpl-CYvSE69bnapyuoLiWTJGPakDNn3oA'}, {'model': 'default', 'prompt_tokens': 10128, 'completion_tokens': 78, 'cache_read_tokens': 9984, 'cache_write_tokens': 0, 'context_window': 128000, 'per_turn_token': 10206, 'response_id': 'chatcmpl-CYvSFGoKsid7SkgWevmnOUbpA1hc8'}, {'model': 'default', 'prompt_tokens': 10219, 'completion_tokens': 42, 'cache_read_tokens': 10112, 'cache_write_tokens': 0, 'context_window': 128000, 'per_turn_token': 10261, 'response_id': 'chatcmpl-CYvSHeLZJt1DFiHyaZKe8razJ4Pfn'}, {'model': 'default', 'prompt_tokens': 11737, 'completion_tokens': 26, 'cache_read_tokens': 10240, 'cache_write_tokens': 0, 'context_window': 128000, 'per_turn_token': 11763, 'response_id': 'chatcmpl-CYvSJ5bNcqQUnDw7OvVRlY3EaFj7W'}, {'model': 'default', 'prompt_tokens': 14895, 'completion_tokens': 144, 'cache_read_tokens': 11648, 'cache_write_tokens': 0, 'context_window': 128000, 'per_turn_token': 15039, 'response_id': 'chatcmpl-CYvSKkfBiosqYJTTscLRhh7k8nc48'}, {'model': 'default', 'prompt_tokens': 15177, 'completion_tokens': 62, 'cache_read_tokens': 14976, 'cache_write_tokens': 0, 'context_window': 128000, 'per_turn_token': 15239, 'response_id': 'chatcmpl-CYvSOzKSSFpowU0mEt8mVtL2rLEE7'}, {'model': 'default', 'prompt_tokens': 15288, 'completion_tokens': 58, 'cache_read_tokens': 15232, 'cache_write_tokens': 0, 'context_window': 128000, 'per_turn_token': 15346, 'response_id': 'chatcmpl-CYvSQfVYeS8EQ9My2koKhLr680rj6'}, {'model': 'default', 'prompt_tokens': 15445, 'completion_tokens': 23, 'cache_read_tokens': 15232, 'cache_write_tokens': 0, 'context_window': 128000, 'per_turn_token': 15468, 'response_id': 'chatcmpl-CYvSSqdlXyz3wwjhQAFxMLMWc2F5a'}, {'model': 'default', 'prompt_tokens': 15558, 'completion_tokens': 29, 'cache_read_tokens': 15360, 'cache_write_tokens': 0, 'context_window': 128000, 'per_turn_token': 15587, 'response_id': 'chatcmpl-CYvSxcEOeTf1DuBGX6FgWmPIHhNcQ'}, {'model': 'default', 'prompt_tokens': 15606, 'completion_tokens': 58, 'cache_read_tokens': 0, 'cache_write_tokens': 0, 'context_window': 128000, 'per_turn_token': 15664, 'response_id': 'chatcmpl-CYvSyjjzLYstVQd7YCUHjmlOJDEE1'}, {'model': 'default', 'prompt_tokens': 15732, 'completion_tokens': 25, 'cache_read_tokens': 15488, 'cache_write_tokens': 0, 'context_window': 128000, 'per_turn_token': 15757, 'response_id': 'chatcmpl-CYvT6oP57hJtbEZxc859lFldzK7GZ'}, {'model': 'default', 'prompt_tokens': 15608, 'completion_tokens': 95, 'cache_read_tokens': 5888, 'cache_write_tokens': 0, 'context_window': 128000, 'per_turn_token': 15703, 'response_id': 'chatcmpl-CYvT6DCC1eHgOifa4aNlJV2ZpqraD'}, {'model': 'default', 'prompt_tokens': 15716, 'completion_tokens': 243, 'cache_read_tokens': 15616, 'cache_write_tokens': 0, 'context_window': 128000, 'per_turn_token': 15959, 'response_id': 'chatcmpl-CYvT9hZ7yvpGh52XhLWRedmwIpy62'}]}
2025-11-06 09:41:42,924 - INFO - [Agent Controller 1abb1b2e-4f21-49-13b271ed5112cd6-delegate] Setting agent(BuilderAgent) state from AgentState.FINISHED to AgentState.STOPPED
2025-11-06 09:41:42,935 - INFO - Detected AgentDelegateObservation for BuilderAgent.
2025-11-06 09:41:42,935 - INFO - Processing completion of delegate agent: BuilderAgent
2025-11-06 09:41:42,936 - INFO - Task completion status for BuilderAgent: False
2025-11-06 09:41:42,936 - INFO - Task not completed by BuilderAgent, retry 1/1...
2025-11-06 09:41:42,936 - INFO - Issuing delegation to BuilderAgent
2025-11-06 09:41:42,942 - INFO - AgentController 1abb1b2e-4f21-49-13b271ed5112cd6-delegate initializing history from event 64
2025-11-06 09:41:42,943 - INFO - [Agent Controller 1abb1b2e-4f21-49-13b271ed5112cd6-delegate] Setting agent(BuilderAgent) state from AgentState.LOADING to AgentState.RUNNING
2025-11-06 09:41:42,944 - INFO - Microagent 'github' triggered by keyword 'github'
2025-11-06 09:41:42,944 - INFO - Microagent 'docker' triggered by keyword 'container'
2025-11-06 09:41:42,944 - INFO - Microagent 'gitlab' triggered by keyword 'git'
2025-11-06 09:41:42,944 - INFO - Microagent 'security' triggered by keyword 'security'
2025-11-06 09:41:59,468 - INFO - [Agent Controller 1abb1b2e-4f21-49-13b271ed5112cd6-delegate] Setting agent(BuilderAgent) state from AgentState.RUNNING to AgentState.FINISHED
2025-11-06 09:41:59,469 - INFO - Local metrics for delegate: Metrics({'accumulated_cost': 0.5001349999999999, 'max_budget_per_task': None, 'accumulated_token_usage': {'model': 'default', 'prompt_tokens': 341358, 'completion_tokens': 2178, 'cache_read_tokens': 300032, 'cache_write_tokens': 0, 'context_window': 128000, 'per_turn_token': 7894, 'response_id': ''}, 'costs': [{'model': 'default', 'cost': 0.014727500000000001, 'timestamp': 1762439995.437669}, {'model': 'default', 'cost': 0.0086975, 'timestamp': 1762439996.8172328}, {'model': 'default', 'cost': 0.011957500000000001, 'timestamp': 1762440007.3704162}, {'model': 'default', 'cost': 0.010140000000000001, 'timestamp': 1762440008.268762}, {'model': 'default', 'cost': 0.013510000000000001, 'timestamp': 1762440026.373846}, {'model': 'default', 'cost': 0.012790000000000001, 'timestamp': 1762440029.8003929}, {'model': 'default', 'cost': 0.013527500000000001, 'timestamp': 1762440033.6069078}, {'model': 'default', 'cost': 0.0123225, 'timestamp': 1762440035.154834}, {'model': 'default', 'cost': 0.013295000000000001, 'timestamp': 1762440038.068204}, {'model': 'default', 'cost': 0.01261, 'timestamp': 1762440038.828584}, {'model': 'default', 'cost': 0.01369, 'timestamp': 1762440041.7081668}, {'model': 'default', 'cost': 0.0130775, 'timestamp': 1762440042.968698}, {'model': 'default', 'cost': 0.01362, 'timestamp': 1762440044.925875}, {'model': 'default', 'cost': 0.0133275, 'timestamp': 1762440046.901888}, {'model': 'default', 'cost': 0.0168025, 'timestamp': 1762440048.4621902}, {'model': 'default', 'cost': 0.024117500000000004, 'timestamp': 1762440052.332172}, {'model': 'default', 'cost': 0.0198425, 'timestamp': 1762440054.456609}, {'model': 'default', 'cost': 0.019760000000000003, 'timestamp': 1762440055.872973}, {'model': 'default', 'cost': 0.019802500000000004, 'timestamp': 1762440056.953242}, {'model': 'default', 'cost': 0.019985, 'timestamp': 1762440088.420214}, {'model': 'default', 'cost': 0.039595, 'timestamp': 1762440095.025097}, {'model': 'default', 'cost': 0.020220000000000002, 'timestamp': 1762440096.423845}, {'model': 'default', 'cost': 0.03261, 'timestamp': 1762440098.73756}, {'model': 'default', 'cost': 0.022200000000000004, 'timestamp': 1762440102.918993}, {'model': 'default', 'cost': 0.0097675, 'timestamp': 1762440103.891831}, {'model': 'default', 'cost': 0.008767500000000001, 'timestamp': 1762440104.887695}, {'model': 'default', 'cost': 0.0089575, 'timestamp': 1762440105.819749}, {'model': 'default', 'cost': 0.009110000000000002, 'timestamp': 1762440108.968378}, {'model': 'default', 'cost': 0.009795, 'timestamp': 1762440110.3640058}, {'model': 'default', 'cost': 0.009775, 'timestamp': 1762440111.281111}, {'model': 'default', 'cost': 0.0097975, 'timestamp': 1762440113.5779269}, {'model': 'default', 'cost': 0.00976, 'timestamp': 1762440114.616939}, {'model': 'default', 'cost': 0.0121775, 'timestamp': 1762440119.465132}], 'response_latencies': [{'model': 'default', 'latency': 1.3010218143463135, 'response_id': 'chatcmpl-CYvRSTY3NIBnCKZi8NNkORVgTesqy'}, {'model': 'default', 'latency': 1.268294095993042, 'response_id': 'chatcmpl-CYvRU2Pshrg9gPys9rfndsk62hapw'}, {'model': 'default', 'latency': 2.080277919769287, 'response_id': 'chatcmpl-CYvRd3rWrMg6Dnrq9DgFSllLm9UDr'}, {'model': 'default', 'latency': 0.8879330158233643, 'response_id': 'chatcmpl-CYvRfuxNgKhfX0yVoOgT2Jp0tMmHl'}, {'model': 'default', 'latency': 1.0885848999023438, 'response_id': 'chatcmpl-CYvRxITzHfgac8ONjJ5gxLknoAW7M'}, {'model': 'default', 'latency': 2.2691869735717773, 'response_id': 'chatcmpl-CYvRzFmlWhprJznqrV07QDoSpTCtt'}, {'model': 'default', 'latency': 3.795213222503662, 'response_id': 'chatcmpl-CYvS20npOLJuU8CTqcIdX7Tz4qyIE'}, {'model': 'default', 'latency': 1.5147678852081299, 'response_id': 'chatcmpl-CYvS6xLovWq59wK9jcazlAYeEWnUJ'}, {'model': 'default', 'latency': 2.266787052154541, 'response_id': 'chatcmpl-CYvS8vHScYSBToYG6leIeVSRJq0hM'}, {'model': 'default', 'latency': 0.7531688213348389, 'response_id': 'chatcmpl-CYvSADQdPEYh4aOBin8JSpXiTNKDm'}, {'model': 'default', 'latency': 2.2330939769744873, 'response_id': 'chatcmpl-CYvSBIeNuc2VqcuBbIULGFz6AOAbK'}, {'model': 'default', 'latency': 1.255162239074707, 'response_id': 'chatcmpl-CYvSE69bnapyuoLiWTJGPakDNn3oA'}, {'model': 'default', 'latency': 1.9220068454742432, 'response_id': 'chatcmpl-CYvSFGoKsid7SkgWevmnOUbpA1hc8'}, {'model': 'default', 'latency': 1.9678847789764404, 'response_id': 'chatcmpl-CYvSHeLZJt1DFiHyaZKe8razJ4Pfn'}, {'model': 'default', 'latency': 0.9214737415313721, 'response_id': 'chatcmpl-CYvSJ5bNcqQUnDw7OvVRlY3EaFj7W'}, {'model': 'default', 'latency': 3.8456411361694336, 'response_id': 'chatcmpl-CYvSKkfBiosqYJTTscLRhh7k8nc48'}, {'model': 'default', 'latency': 2.1061339378356934, 'response_id': 'chatcmpl-CYvSOzKSSFpowU0mEt8mVtL2rLEE7'}, {'model': 'default', 'latency': 1.402674913406372, 'response_id': 'chatcmpl-CYvSQfVYeS8EQ9My2koKhLr680rj6'}, {'model': 'default', 'latency': 1.0599079132080078, 'response_id': 'chatcmpl-CYvSSqdlXyz3wwjhQAFxMLMWc2F5a'}, {'model': 'default', 'latency': 1.2094511985778809, 'response_id': 'chatcmpl-CYvSxcEOeTf1DuBGX6FgWmPIHhNcQ'}, {'model': 'default', 'latency': 6.581089019775391, 'response_id': 'chatcmpl-CYvSyjjzLYstVQd7YCUHjmlOJDEE1'}, {'model': 'default', 'latency': 0.7175769805908203, 'response_id': 'chatcmpl-CYvT6oP57hJtbEZxc859lFldzK7GZ'}, {'model': 'default', 'latency': 2.294178009033203, 'response_id': 'chatcmpl-CYvT6DCC1eHgOifa4aNlJV2ZpqraD'}, {'model': 'default', 'latency': 4.172398805618286, 'response_id': 'chatcmpl-CYvT9hZ7yvpGh52XhLWRedmwIpy62'}, {'model': 'default', 'latency': 0.9459679126739502, 'response_id': 'chatcmpl-CYvTDuMWUNPhopXGmSTP7sYqd5Qb1'}, {'model': 'default', 'latency': 0.9871687889099121, 'response_id': 'chatcmpl-CYvTEjblbXDq8rvhQ69FryqIxPczB'}, {'model': 'default', 'latency': 0.9223201274871826, 'response_id': 'chatcmpl-CYvTFWJVOL7Wlq6d29qDbqi234Umi'}, {'model': 'default', 'latency': 1.0142951011657715, 'response_id': 'chatcmpl-CYvTIWN4uvoUWrVyQVN7BrEpdiJOC'}, {'model': 'default', 'latency': 1.383389949798584, 'response_id': 'chatcmpl-CYvTJHBtjEMJ4md6zYIsRxhTfnHFe'}, {'model': 'default', 'latency': 0.9050049781799316, 'response_id': 'chatcmpl-CYvTKkRhBfiekK9Tr6kZmZq5TDeaS'}, {'model': 'default', 'latency': 0.6753101348876953, 'response_id': 'chatcmpl-CYvTNFuMvJ4JWiIuYYHkuWeHi2pvh'}, {'model': 'default', 'latency': 1.0314610004425049, 'response_id': 'chatcmpl-CYvTO6KmpejvzGbzp32F9N2PYwYjW'}, {'model': 'default', 'latency': 4.840126037597656, 'response_id': 'chatcmpl-CYvTPCD7HpJLIq0wByQKLMVdMUPSv'}], 'token_usages': [{'model': 'default', 'prompt_tokens': 6643, 'completion_tokens': 52, 'cache_read_tokens': 1920, 'cache_write_tokens': 0, 'context_window': 128000, 'per_turn_token': 6695, 'response_id': 'chatcmpl-CYvRSTY3NIBnCKZi8NNkORVgTesqy'}, {'model': 'default', 'prompt_tokens': 6715, 'completion_tokens': 23, 'cache_read_tokens': 6656, 'cache_write_tokens': 0, 'context_window': 128000, 'per_turn_token': 6738, 'response_id': 'chatcmpl-CYvRU2Pshrg9gPys9rfndsk62hapw'}, {'model': 'default', 'prompt_tokens': 7759, 'completion_tokens': 88, 'cache_read_tokens': 6656, 'cache_write_tokens': 0, 'context_window': 128000, 'per_turn_token': 7847, 'response_id': 'chatcmpl-CYvRd3rWrMg6Dnrq9DgFSllLm9UDr'}, {'model': 'default', 'prompt_tokens': 7860, 'completion_tokens': 25, 'cache_read_tokens': 7808, 'cache_write_tokens': 0, 'context_window': 128000, 'per_turn_token': 7885, 'response_id': 'chatcmpl-CYvRfuxNgKhfX0yVoOgT2Jp0tMmHl'}, {'model': 'default', 'prompt_tokens': 9064, 'completion_tokens': 61, 'cache_read_tokens': 7808, 'cache_write_tokens': 0, 'context_window': 128000, 'per_turn_token': 9125, 'response_id': 'chatcmpl-CYvRxITzHfgac8ONjJ5gxLknoAW7M'}, {'model': 'default', 'prompt_tokens': 9268, 'completion_tokens': 98, 'cache_read_tokens': 9088, 'cache_write_tokens': 0, 'context_window': 128000, 'per_turn_token': 9366, 'response_id': 'chatcmpl-CYvRzFmlWhprJznqrV07QDoSpTCtt'}, {'model': 'default', 'prompt_tokens': 9379, 'completion_tokens': 176, 'cache_read_tokens': 9344, 'cache_write_tokens': 0, 'context_window': 128000, 'per_turn_token': 9555, 'response_id': 'chatcmpl-CYvS20npOLJuU8CTqcIdX7Tz4qyIE'}, {'model': 'default', 'prompt_tokens': 9573, 'completion_tokens': 23, 'cache_read_tokens': 9472, 'cache_write_tokens': 0, 'context_window': 128000, 'per_turn_token': 9596, 'response_id': 'chatcmpl-CYvS6xLovWq59wK9jcazlAYeEWnUJ'}, {'model': 'default', 'prompt_tokens': 9698, 'completion_tokens': 89, 'cache_read_tokens': 9472, 'cache_write_tokens': 0, 'context_window': 128000, 'per_turn_token': 9787, 'response_id': 'chatcmpl-CYvS8vHScYSBToYG6leIeVSRJq0hM'}, {'model': 'default', 'prompt_tokens': 9800, 'completion_tokens': 27, 'cache_read_tokens': 9728, 'cache_write_tokens': 0, 'context_window': 128000, 'per_turn_token': 9827, 'response_id': 'chatcmpl-CYvSADQdPEYh4aOBin8JSpXiTNKDm'}, {'model': 'default', 'prompt_tokens': 9916, 'completion_tokens': 106, 'cache_read_tokens': 9728, 'cache_write_tokens': 0, 'context_window': 128000, 'per_turn_token': 10022, 'response_id': 'chatcmpl-CYvSBIeNuc2VqcuBbIULGFz6AOAbK'}, {'model': 'default', 'prompt_tokens': 10035, 'completion_tokens': 47, 'cache_read_tokens': 9984, 'cache_write_tokens': 0, 'context_window': 128000, 'per_turn_token': 10082, 'response_id': 'chatcmpl-CYvSE69bnapyuoLiWTJGPakDNn3oA'}, {'model': 'default', 'prompt_tokens': 10128, 'completion_tokens': 78, 'cache_read_tokens': 9984, 'cache_write_tokens': 0, 'context_window': 128000, 'per_turn_token': 10206, 'response_id': 'chatcmpl-CYvSFGoKsid7SkgWevmnOUbpA1hc8'}, {'model': 'default', 'prompt_tokens': 10219, 'completion_tokens': 42, 'cache_read_tokens': 10112, 'cache_write_tokens': 0, 'context_window': 128000, 'per_turn_token': 10261, 'response_id': 'chatcmpl-CYvSHeLZJt1DFiHyaZKe8razJ4Pfn'}, {'model': 'default', 'prompt_tokens': 11737, 'completion_tokens': 26, 'cache_read_tokens': 10240, 'cache_write_tokens': 0, 'context_window': 128000, 'per_turn_token': 11763, 'response_id': 'chatcmpl-CYvSJ5bNcqQUnDw7OvVRlY3EaFj7W'}, {'model': 'default', 'prompt_tokens': 14895, 'completion_tokens': 144, 'cache_read_tokens': 11648, 'cache_write_tokens': 0, 'context_window': 128000, 'per_turn_token': 15039, 'response_id': 'chatcmpl-CYvSKkfBiosqYJTTscLRhh7k8nc48'}, {'model': 'default', 'prompt_tokens': 15177, 'completion_tokens': 62, 'cache_read_tokens': 14976, 'cache_write_tokens': 0, 'context_window': 128000, 'per_turn_token': 15239, 'response_id': 'chatcmpl-CYvSOzKSSFpowU0mEt8mVtL2rLEE7'}, {'model': 'default', 'prompt_tokens': 15288, 'completion_tokens': 58, 'cache_read_tokens': 15232, 'cache_write_tokens': 0, 'context_window': 128000, 'per_turn_token': 15346, 'response_id': 'chatcmpl-CYvSQfVYeS8EQ9My2koKhLr680rj6'}, {'model': 'default', 'prompt_tokens': 15445, 'completion_tokens': 23, 'cache_read_tokens': 15232, 'cache_write_tokens': 0, 'context_window': 128000, 'per_turn_token': 15468, 'response_id': 'chatcmpl-CYvSSqdlXyz3wwjhQAFxMLMWc2F5a'}, {'model': 'default', 'prompt_tokens': 15558, 'completion_tokens': 29, 'cache_read_tokens': 15360, 'cache_write_tokens': 0, 'context_window': 128000, 'per_turn_token': 15587, 'response_id': 'chatcmpl-CYvSxcEOeTf1DuBGX6FgWmPIHhNcQ'}, {'model': 'default', 'prompt_tokens': 15606, 'completion_tokens': 58, 'cache_read_tokens': 0, 'cache_write_tokens': 0, 'context_window': 128000, 'per_turn_token': 15664, 'response_id': 'chatcmpl-CYvSyjjzLYstVQd7YCUHjmlOJDEE1'}, {'model': 'default', 'prompt_tokens': 15732, 'completion_tokens': 25, 'cache_read_tokens': 15488, 'cache_write_tokens': 0, 'context_window': 128000, 'per_turn_token': 15757, 'response_id': 'chatcmpl-CYvT6oP57hJtbEZxc859lFldzK7GZ'}, {'model': 'default', 'prompt_tokens': 15608, 'completion_tokens': 95, 'cache_read_tokens': 5888, 'cache_write_tokens': 0, 'context_window': 128000, 'per_turn_token': 15703, 'response_id': 'chatcmpl-CYvT6DCC1eHgOifa4aNlJV2ZpqraD'}, {'model': 'default', 'prompt_tokens': 15716, 'completion_tokens': 243, 'cache_read_tokens': 15616, 'cache_write_tokens': 0, 'context_window': 128000, 'per_turn_token': 15959, 'response_id': 'chatcmpl-CYvT9hZ7yvpGh52XhLWRedmwIpy62'}, {'model': 'default', 'prompt_tokens': 6643, 'completion_tokens': 52, 'cache_read_tokens': 5888, 'cache_write_tokens': 0, 'context_window': 128000, 'per_turn_token': 6695, 'response_id': 'chatcmpl-CYvTDuMWUNPhopXGmSTP7sYqd5Qb1'}, {'model': 'default', 'prompt_tokens': 6739, 'completion_tokens': 24, 'cache_read_tokens': 6656, 'cache_write_tokens': 0, 'context_window': 128000, 'per_turn_token': 6763, 'response_id': 'chatcmpl-CYvTEjblbXDq8rvhQ69FryqIxPczB'}, {'model': 'default', 'prompt_tokens': 6819, 'completion_tokens': 23, 'cache_read_tokens': 6656, 'cache_write_tokens': 0, 'context_window': 128000, 'per_turn_token': 6842, 'response_id': 'chatcmpl-CYvTFWJVOL7Wlq6d29qDbqi234Umi'}, {'model': 'default', 'prompt_tokens': 6948, 'completion_tokens': 22, 'cache_read_tokens': 6784, 'cache_write_tokens': 0, 'context_window': 128000, 'per_turn_token': 6970, 'response_id': 'chatcmpl-CYvTIWN4uvoUWrVyQVN7BrEpdiJOC'}, {'model': 'default', 'prompt_tokens': 7226, 'completion_tokens': 37, 'cache_read_tokens': 6912, 'cache_write_tokens': 0, 'context_window': 128000, 'per_turn_token': 7263, 'response_id': 'chatcmpl-CYvTJHBtjEMJ4md6zYIsRxhTfnHFe'}, {'model': 'default', 'prompt_tokens': 7402, 'completion_tokens': 23, 'cache_read_tokens': 7168, 'cache_write_tokens': 0, 'context_window': 128000, 'per_turn_token': 7425, 'response_id': 'chatcmpl-CYvTKkRhBfiekK9Tr6kZmZq5TDeaS'}, {'model': 'default', 'prompt_tokens': 7531, 'completion_tokens': 25, 'cache_read_tokens': 7424, 'cache_write_tokens': 0, 'context_window': 128000, 'per_turn_token': 7556, 'response_id': 'chatcmpl-CYvTNFuMvJ4JWiIuYYHkuWeHi2pvh'}, {'model': 'default', 'prompt_tokens': 7588, 'completion_tokens': 23, 'cache_read_tokens': 7552, 'cache_write_tokens': 0, 'context_window': 128000, 'per_turn_token': 7611, 'response_id': 'chatcmpl-CYvTO6KmpejvzGbzp32F9N2PYwYjW'}, {'model': 'default', 'prompt_tokens': 7643, 'completion_tokens': 251, 'cache_read_tokens': 7552, 'cache_write_tokens': 0, 'context_window': 128000, 'per_turn_token': 7894, 'response_id': 'chatcmpl-CYvTPCD7HpJLIq0wByQKLMVdMUPSv'}]}
2025-11-06 09:41:59,470 - INFO - [Agent Controller 1abb1b2e-4f21-49-13b271ed5112cd6-delegate] Setting agent(BuilderAgent) state from AgentState.FINISHED to AgentState.STOPPED
2025-11-06 09:41:59,477 - INFO - Detected AgentDelegateObservation for BuilderAgent.
2025-11-06 09:41:59,478 - INFO - Processing completion of delegate agent: BuilderAgent
2025-11-06 09:41:59,478 - INFO - Task completion status for BuilderAgent: False
2025-11-06 09:41:59,478 - WARNING - Max retries reached for BuilderAgent. Proceeding to next agent in sequence.
2025-11-06 09:41:59,478 - INFO - Passing builder outputs to ExploiterAgent: []
2025-11-06 09:41:59,480 - INFO - Issuing delegation to ExploiterAgent
2025-11-06 09:41:59,488 - INFO - AgentController 1abb1b2e-4f21-49-13b271ed5112cd6-delegate initializing history from event 90
2025-11-06 09:41:59,488 - INFO - [Agent Controller 1abb1b2e-4f21-49-13b271ed5112cd6-delegate] Setting agent(ExploiterAgent) state from AgentState.LOADING to AgentState.RUNNING
2025-11-06 09:41:59,489 - INFO - Microagent 'github' triggered by keyword 'github'
2025-11-06 09:41:59,489 - INFO - Microagent 'docker' triggered by keyword 'container'
2025-11-06 09:41:59,490 - INFO - Microagent 'gitlab' triggered by keyword 'git'
2025-11-06 09:41:59,490 - INFO - Microagent 'security' triggered by keyword 'security'
